block=3356896 n=176 cores=8 iters=3 Soft=0 reuse_sf=true (PRIMARY=learned)
  occ[0] ok wall_ms=2.051 tps=85819 occ_aborts=19 inc>0=0 reexec=0 refuse_admit=0 wait_for_dependency=0 soft_wait_arms=0 idle_ns=0 ready_width=0.00 ordered_admit=0 optimistic_read=0 edge_oa=0 edge_or=0 refuse_ns=0 reexec_ns=0 ordered_ns=0 prepaid_ns=0 abort_cf_ns=0 prior_decay=0 opt_maj=false ev_keep=0 ev_demote=0 commute=0 batch=0 d1_prom=0 d1_ign=0 taxed_begin=0 edge_4_31=false unfenced_reexec=0 double_charge=0 sys_reexec=0 covering=0 cover_window=0 learn= win_w=0 w_cap=0 seg_len=0 uniq_w/s=0/0 expl_bud=0 win1/2/3/seg/full/defer=0/0/0/0/0/0 arms= switch=0 explore=0 win2_dev=0 c_opt/w1/w2/w3/def=0/0/0/0/0 main_inc=[] storage_inc=[] admit_seed_ns=0 end_block_ns=0 opt_path_tax_ns=0 ungated_occ=0 pick_gate=0 skip_gate=0 ungated_occ_while_gated=0 yield_ns=0 gate_stall_ns=0 busy_ns=0 sf_picks=0 occ_picks=574 vis_opt/wait/tip=0/0/0 resolve_c/rebind/rewind/ord/full=0/0/0/0/0 rset_w=0.00
  v3 occ[0] wait_once=0 wait_suppressed=0 never_wait=0 prefix_resume=0 journal_ff_hits=0 resolve_rewind=0
  PHASE occ[0] exec_n=498 ok=195 block=303 exec_ns=4334731 pre_ns=614225 interp_ns=1106672 post_ns=2613834 finish_n=195 finish_ns=61704 val_n=384 val_ns=1048094 pick_n=574 pick_ns=502584
  SPLIT occ[0] opcode_ns=0 vmdb_ns=0 detect_ns=0 other_ns=0 vmdb_n=0 detect_n=0 split_n=0
  specfence[0] ok wall_ms=2.152 tps=81771 occ_aborts=16 inc>0=14 reexec=22 refuse_admit=0 wait_for_dependency=0 soft_wait_arms=0 idle_ns=0 ready_width=0.00 ordered_admit=3 optimistic_read=0 edge_oa=10 edge_or=116 refuse_ns=1029303 reexec_ns=2055029 ordered_ns=1029303 prepaid_ns=1029303 abort_cf_ns=2055029 prior_decay=0 opt_maj=true ev_keep=4 ev_demote=0 commute=77 batch=0 d1_prom=16 d1_ign=78 taxed_begin=0 edge_4_31=false unfenced_reexec=10 double_charge=0 sys_reexec=0 covering=1 cover_window=0 learn=Win_1 win_w=1 w_cap=2 seg_len=0 uniq_w/s=1/0 expl_bud=0 win1/2/3/seg/full/defer=1/0/0/0/1/0 arms=dff71d59d972d654:Win_1/15,85763a8ba0c164c9:Full/2 switch=0 explore=0 win2_dev=1 c_opt/w1/w2/w3/def=25000/514651/12000/12000/25000 main_inc=[66, 67, 70, 93, 96, 103, 115, 131, 132, 135, 138, 141, 166, 171] storage_inc=[] admit_seed_ns=0 end_block_ns=47388 opt_path_tax_ns=1076691 ungated_occ=192 pick_gate=6 skip_gate=4 ungated_occ_while_gated=184 yield_ns=0 gate_stall_ns=1029303 busy_ns=9708813 sf_picks=233 occ_picks=0 vis_opt/wait/tip=197/3/5 resolve_c/rebind/rewind/ord/full=183/0/0/0/16 rset_w=70.12
  v3 specfence[0] wait_once=0 wait_suppressed=0 never_wait=0 prefix_resume=4 journal_ff_hits=12 resolve_rewind=0
  PHASE specfence[0] exec_n=198 ok=192 block=6 exec_ns=8304650 pre_ns=655298 interp_ns=6490874 post_ns=1158478 finish_n=192 finish_ns=166904 val_n=199 val_ns=831198 pick_n=233 pick_ns=225306
  SPLIT specfence[0] opcode_ns=0 vmdb_ns=0 detect_ns=0 other_ns=0 vmdb_n=0 detect_n=0 split_n=0
  focus specfence[0] full=16 full_from_0=12 prefix=4 fail_k_n=4 fail_k_min=5 fail_k_max=6 hist=5:1,6:3 chain=dff71d59d972d654 chain_n=16 head_tx=31 head_ms=0.358 tail_tx=171 tail_ms=0.749 span_ms=0.391 corr=0.601 low_q_ms=0.335 high_q_ms=0.785 explore=0 began_prior=0 detect_a=63 avoid_b=37 resolve_c=16 early_tip=13 est_block=0 raw_ab=0 raw_c=0 war_ab=9 war_c=1 waw_ab=28 waw_c=15 chain_ab=0 chain_c=0 protect=1 pbo=30 replay_after=14
  spine specfence[0] access=225 yield_ok=15 yield_deadlock=6 raw=21 waw=34 war=188 armed=5 pins=92 revoked=0 radar=1 defer=0 handoff=0 retain=2 tip_already=0 chain=0 est_block=0 soft=0 occ_picks=0 spine_cores_max=0 spine_cores_end=0 handoff_claims=0 claim_denied=0 exact_wakes=2 idle_parks=2 help=7 steal=47 idle_spins=28 local_pops=145 steal_top_ns=22091 end_block_ns=47388 wake_miss=38 admit_seed_ns=41791 join_wait_ns=1640941 join_mark_origin_ns=269547 idle_ns=2064766 heal_ns=1136346 post_exec_validate_ns=878245 post_exec_in_span_ns=0 span_head=18446744073709551615 span_tail=18446744073709551615 span_end_ns=0 last_exec_ns=1807960 last_val_ns=1809425 quiet_true_ns=0 last_exit_ns=1874470 ps_exec_ns=0 ps_val_ns=0 ps_heal_ns=0 ps_yield_ns=0 ps_park_ns=0 ps_steal_ns=0 ps_exec_n=0 ps_idle_n=0 se_unstarted=0 se_unfinished=0 se_owed=0 se_running=0 se_pending=0 se_indep=0 se_bits=0 qf_or=0 first_cut=174
  cutprobe specfence[0] cut_exec_ns=6369944 cut_exec_n=174 cut_detect_ns=4283643 cut_skip_ns=22942 cut_mv_ns=119604 cut_code_ns=0 cut_finish_ns=146130 cut_keep_n=14 cut_skip_n=393 other_exec_ns=2135158 other_exec_n=24
  occ[1] ok wall_ms=1.071 tps=164399 occ_aborts=20 inc>0=0 reexec=0 refuse_admit=0 wait_for_dependency=0 soft_wait_arms=0 idle_ns=0 ready_width=0.00 ordered_admit=0 optimistic_read=0 edge_oa=0 edge_or=0 refuse_ns=0 reexec_ns=0 ordered_ns=0 prepaid_ns=0 abort_cf_ns=0 prior_decay=0 opt_maj=false ev_keep=0 ev_demote=0 commute=0 batch=0 d1_prom=0 d1_ign=0 taxed_begin=0 edge_4_31=false unfenced_reexec=0 double_charge=0 sys_reexec=0 covering=0 cover_window=0 learn= win_w=0 w_cap=0 seg_len=0 uniq_w/s=0/0 expl_bud=0 win1/2/3/seg/full/defer=0/0/0/0/0/0 arms= switch=0 explore=0 win2_dev=0 c_opt/w1/w2/w3/def=0/0/0/0/0 main_inc=[] storage_inc=[] admit_seed_ns=0 end_block_ns=0 opt_path_tax_ns=0 ungated_occ=0 pick_gate=0 skip_gate=0 ungated_occ_while_gated=0 yield_ns=0 gate_stall_ns=0 busy_ns=0 sf_picks=0 occ_picks=802 vis_opt/wait/tip=0/0/0 resolve_c/rebind/rewind/ord/full=0/0/0/0/0 rset_w=0.00
  v3 occ[1] wait_once=0 wait_suppressed=0 never_wait=0 prefix_resume=0 journal_ff_hits=0 resolve_rewind=0
  PHASE occ[1] exec_n=230 ok=196 block=34 exec_ns=2933608 pre_ns=148425 interp_ns=1189685 post_ns=1595498 finish_n=196 finish_ns=59381 val_n=614 val_ns=313286 pick_n=802 pick_ns=911738
  SPLIT occ[1] opcode_ns=0 vmdb_ns=0 detect_ns=0 other_ns=0 vmdb_n=0 detect_n=0 split_n=0
  specfence[1] ok wall_ms=1.262 tps=139457 occ_aborts=0 inc>0=1 reexec=1 refuse_admit=0 wait_for_dependency=0 soft_wait_arms=0 idle_ns=0 ready_width=0.00 ordered_admit=4 optimistic_read=0 edge_oa=10 edge_or=8 refuse_ns=671690 reexec_ns=26993 ordered_ns=671690 prepaid_ns=671690 abort_cf_ns=26993 prior_decay=0 opt_maj=true ev_keep=6 ev_demote=0 commute=77 batch=0 d1_prom=1 d1_ign=77 taxed_begin=0 edge_4_31=true unfenced_reexec=0 double_charge=0 sys_reexec=0 covering=0 cover_window=0 learn=Opt win_w=0 w_cap=2 seg_len=0 uniq_w/s=1/0 expl_bud=0 win1/2/3/seg/full/defer=1/0/0/0/1/0 arms=dff71d59d972d654:Opt/19,3ba7e47b77be411:Full/2,85763a8ba0c164c9:Win_1/2 switch=2 explore=0 win2_dev=0 c_opt/w1/w2/w3/def=1444651/514651/1444651/1444651/25000 main_inc=[] storage_inc=[17] admit_seed_ns=0 end_block_ns=107954 opt_path_tax_ns=779644 ungated_occ=174 pick_gate=3 skip_gate=3 ungated_occ_while_gated=173 yield_ns=0 gate_stall_ns=671690 busy_ns=3386882 sf_picks=191 occ_picks=0 vis_opt/wait/tip=174/0/3 resolve_c/rebind/rewind/ord/full=176/0/0/0/0 rset_w=79.33
  v3 specfence[1] wait_once=0 wait_suppressed=0 never_wait=0 prefix_resume=0 journal_ff_hits=0 resolve_rewind=0
  PHASE specfence[1] exec_n=177 ok=176 block=1 exec_ns=2690324 pre_ns=1101342 interp_ns=467755 post_ns=1121227 finish_n=176 finish_ns=160507 val_n=176 val_ns=174872 pick_n=191 pick_ns=159946
  SPLIT specfence[1] opcode_ns=0 vmdb_ns=0 detect_ns=0 other_ns=0 vmdb_n=0 detect_n=0 split_n=0
  focus specfence[1] full=0 full_from_0=0 prefix=0 fail_k_n=0 fail_k_min=0 fail_k_max=0 hist=- chain=dff71d59d972d654 chain_n=17 head_tx=4 head_ms=0.264 tail_tx=171 tail_ms=0.658 span_ms=0.394 corr=0.797 low_q_ms=0.302 high_q_ms=0.728 explore=0 began_prior=1 detect_a=7 avoid_b=7 resolve_c=0 early_tip=0 est_block=0 raw_ab=0 raw_c=0 war_ab=0 war_c=0 waw_ab=7 waw_c=0 chain_ab=0 chain_c=0 protect=0 pbo=0 replay_after=0
  spine specfence[1] access=140 yield_ok=0 yield_deadlock=0 raw=0 waw=22 war=107 armed=5 pins=98 revoked=1 radar=1 defer=0 handoff=15 retain=0 tip_already=0 chain=16 est_block=0 soft=0 occ_picks=0 spine_cores_max=1 spine_cores_end=0 handoff_claims=15 claim_denied=0 exact_wakes=0 idle_parks=0 help=3 steal=69 idle_spins=14 local_pops=90 steal_top_ns=19633 end_block_ns=107954 wake_miss=11 admit_seed_ns=47651 join_wait_ns=775565 join_mark_origin_ns=207464 idle_ns=725924 heal_ns=371383 post_exec_validate_ns=97315 post_exec_in_span_ns=121710 span_head=31 span_tail=171 span_end_ns=658070 last_exec_ns=905375 last_val_ns=906310 quiet_true_ns=914056 last_exit_ns=961545 ps_exec_ns=1210333 ps_val_ns=44123 ps_heal_ns=371383 ps_yield_ns=302457 ps_park_ns=0 ps_steal_ns=27794 ps_exec_n=36 ps_idle_n=14 se_unstarted=34 se_unfinished=40 se_owed=0 se_running=5 se_pending=41 se_indep=39 se_bits=499 qf_or=985 first_cut=157
  cutprobe specfence[1] cut_exec_ns=2475969 cut_exec_n=157 cut_detect_ns=729 cut_skip_ns=15467 cut_mv_ns=55297 cut_code_ns=0 cut_finish_ns=142179 cut_keep_n=1 cut_skip_n=331 other_exec_ns=407822 other_exec_n=20
  occ[2] ok wall_ms=1.191 tps=147735 occ_aborts=19 inc>0=0 reexec=0 refuse_admit=0 wait_for_dependency=0 soft_wait_arms=0 idle_ns=0 ready_width=0.00 ordered_admit=0 optimistic_read=0 edge_oa=0 edge_or=0 refuse_ns=0 reexec_ns=0 ordered_ns=0 prepaid_ns=0 abort_cf_ns=0 prior_decay=0 opt_maj=false ev_keep=0 ev_demote=0 commute=0 batch=0 d1_prom=0 d1_ign=0 taxed_begin=0 edge_4_31=false unfenced_reexec=0 double_charge=0 sys_reexec=0 covering=0 cover_window=0 learn= win_w=0 w_cap=0 seg_len=0 uniq_w/s=0/0 expl_bud=0 win1/2/3/seg/full/defer=0/0/0/0/0/0 arms= switch=0 explore=0 win2_dev=0 c_opt/w1/w2/w3/def=0/0/0/0/0 main_inc=[] storage_inc=[] admit_seed_ns=0 end_block_ns=0 opt_path_tax_ns=0 ungated_occ=0 pick_gate=0 skip_gate=0 ungated_occ_while_gated=0 yield_ns=0 gate_stall_ns=0 busy_ns=0 sf_picks=0 occ_picks=613 vis_opt/wait/tip=0/0/0 resolve_c/rebind/rewind/ord/full=0/0/0/0/0 rset_w=0.00
  v3 occ[2] wait_once=0 wait_suppressed=0 never_wait=0 prefix_resume=0 journal_ff_hits=0 resolve_rewind=0
  PHASE occ[2] exec_n=219 ok=195 block=24 exec_ns=2407506 pre_ns=237745 interp_ns=726640 post_ns=1443121 finish_n=195 finish_ns=62290 val_n=426 val_ns=663623 pick_n=613 pick_ns=825407
  SPLIT occ[2] opcode_ns=0 vmdb_ns=0 detect_ns=0 other_ns=0 vmdb_n=0 detect_n=0 split_n=0
  specfence[2] ok wall_ms=1.630 tps=107979 occ_aborts=1 inc>0=1 reexec=1 refuse_admit=0 wait_for_dependency=0 soft_wait_arms=0 idle_ns=0 ready_width=0.00 ordered_admit=1 optimistic_read=0 edge_oa=8 edge_or=8 refuse_ns=708107 reexec_ns=18496 ordered_ns=708107 prepaid_ns=708107 abort_cf_ns=18496 prior_decay=0 opt_maj=true ev_keep=2 ev_demote=0 commute=77 batch=0 d1_prom=1 d1_ign=77 taxed_begin=0 edge_4_31=true unfenced_reexec=1 double_charge=0 sys_reexec=0 covering=0 cover_window=0 learn=Opt win_w=0 w_cap=2 seg_len=0 uniq_w/s=1/0 expl_bud=0 win1/2/3/seg/full/defer=1/0/0/0/1/0 arms=dff71d59d972d654:Opt/19,3ba7e47b77be411:Win_1/2,4389dafc98f2db37:Full/2,85763a8ba0c164c9:Opt/2 switch=3 explore=0 win2_dev=0 c_opt/w1/w2/w3/def=1127745/514651/1127745/1127745/25000 main_inc=[] storage_inc=[] admit_seed_ns=0 end_block_ns=119289 opt_path_tax_ns=827396 ungated_occ=176 pick_gate=1 skip_gate=1 ungated_occ_while_gated=172 yield_ns=0 gate_stall_ns=708107 busy_ns=3966607 sf_picks=208 occ_picks=0 vis_opt/wait/tip=177/0/1 resolve_c/rebind/rewind/ord/full=177/0/0/0/1 rset_w=75.57
  v3 specfence[2] wait_once=0 wait_suppressed=0 never_wait=0 prefix_resume=0 journal_ff_hits=0 resolve_rewind=0
  PHASE specfence[2] exec_n=177 ok=177 block=0 exec_ns=2652827 pre_ns=405367 interp_ns=621221 post_ns=1626239 finish_n=177 finish_ns=171050 val_n=178 val_ns=755251 pick_n=208 pick_ns=223201
  SPLIT specfence[2] opcode_ns=0 vmdb_ns=0 detect_ns=0 other_ns=0 vmdb_n=0 detect_n=0 split_n=0
  focus specfence[2] full=1 full_from_0=1 prefix=0 fail_k_n=0 fail_k_min=0 fail_k_max=0 hist=- chain=dff71d59d972d654 chain_n=17 head_tx=4 head_ms=0.254 tail_tx=171 tail_ms=1.005 span_ms=0.751 corr=0.760 low_q_ms=0.295 high_q_ms=0.814 explore=0 began_prior=1 detect_a=9 avoid_b=9 resolve_c=1 early_tip=0 est_block=0 raw_ab=0 raw_c=0 war_ab=1 war_c=0 waw_ab=8 waw_c=1 chain_ab=0 chain_c=0 protect=1 pbo=1 replay_after=0
  spine specfence[2] access=145 yield_ok=0 yield_deadlock=0 raw=0 waw=23 war=106 armed=5 pins=97 revoked=1 radar=1 defer=27 handoff=16 retain=0 tip_already=0 chain=17 est_block=0 soft=0 occ_picks=0 spine_cores_max=1 spine_cores_end=0 handoff_claims=15 claim_denied=11 exact_wakes=0 idle_parks=0 help=1 steal=68 idle_spins=30 local_pops=131 steal_top_ns=32332 end_block_ns=119289 wake_miss=45 admit_seed_ns=52190 join_wait_ns=997267 join_mark_origin_ns=266949 idle_ns=2026331 heal_ns=1000901 post_exec_validate_ns=16907 post_exec_in_span_ns=789635 span_head=4 span_tail=171 span_end_ns=1004701 last_exec_ns=1180909 last_val_ns=1183278 quiet_true_ns=1201662 last_exit_ns=1240246 ps_exec_ns=190733 ps_val_ns=3298 ps_heal_ns=707406 ps_yield_ns=924339 ps_park_ns=0 ps_steal_ns=23064 ps_exec_n=1 ps_idle_n=11 se_unstarted=0 se_unfinished=2 se_owed=0 se_running=2 se_pending=1 se_indep=1 se_bits=305 qf_or=305 first_cut=158
  cutprobe specfence[2] cut_exec_ns=2092983 cut_exec_n=158 cut_detect_ns=0 cut_skip_ns=19075 cut_mv_ns=64780 cut_code_ns=0 cut_finish_ns=151589 cut_keep_n=0 cut_skip_n=349 other_exec_ns=764655 other_exec_n=19
  occ median_wall_ms=1.191 last occ_aborts=19
  specfence all_median_ms=1.630 cold_ms=2.152 reuse_median_ms=1.630 last refuse_admit=0 inc>0=1 reexec=1 wait_for_dependency=0 occ_aborts=1 soft_wait_arms=0 idle_ns=0 ready_width=0.00 edge_oa=8 edge_or=8 opt_maj=true commute=77 batch=0 admit_seed_ns=0 unfenced=1 ordered_admit=1
  learn e1=177 e2=1 e3=0 e4=0 e5=1 e6=0 mid_promote=0 mid_promote_veto=1 prior_plant=0 began_from_prior=true steal=68 refuse_fill=0 resolve_apply=178 explore_n=0
summary Soft=0 occ_median_ms=1.191 sf_cold_ms=2.152 sf_reuse_median_ms=1.630 primary_sf_ms=1.630 primary=reuse sf_le_occ=false
TPS_SUMMARY block=3356896 n=176 cores=8 iters=3 occ_tps=147734.8 sf_tps=107979.4 ratio=0.731 ge_1_5=false occ_ms=1.191 sf_ms=1.630 est_block=0 soft=0 occ_picks=0 access=145 yield_ok=0 yield_deadlock=0 raw=0 waw=23 war=106 armed=5 pins=97 revoked=1 radar=1 defer=27 handoff=16 retain=0 tip_already=0 chain=17 spine_cores_max=1 spine_cores_end=0 handoff_claims=15 claim_denied=11 exact_wakes=0 idle_parks=0 help=1 steal=68 idle_spins=30 local_pops=131 steal_top_ns=32332 end_block_ns=119289 wake_miss=45 admit_seed_ns=52190 join_wait_ns=997267 join_mark_origin_ns=266949 idle_ns=2026331 heal_ns=1000901 post_exec_validate_ns=16907 post_exec_in_span_ns=789635 span_head=4 span_tail=171 first_cut=158
seq=par ok block=3356896
{
  "rows": [
    {
      "mode": "occ",
      "i": 0,
      "wall_ms": 2.05083,
      "occ_aborts": 19,
      "refuse_admit": 0,
      "wait_for_dependency": 0,
      "wait_for_full_abort": 0,
      "soft_wait_arms": 0,
      "incarnation_gt0": 0,
      "reexec_entries": 0,
      "unfenced_reexec": 0,
      "ready_width_mean": 0.0,
      "idle_core_ns": 0,
      "ordered_admit_cohorts": 0,
      "optimistic_read_cohorts": 0,
      "edge_ordered_admit": 0,
      "edge_optimistic_read": 0,
      "refuse_ns": 0,
      "reexec_ns": 0,
      "optimistic_majority_block": false,
      "cost_ev_keep_ordered": 0,
      "cost_ev_demote_optimistic": 0,
      "commute_skip": 0,
      "batch_repair": 0,
      "conflict_promote": 0,
      "conflict_ignore": 0,
      "prepaid_ns": 0,
      "abort_cf_ns": 0,
      "prior_decay": 0,
      "admit_seed_begin_ns": 0,
      "end_block_ns": 0,
      "optimistic_path_tax_ns": 0,
      "ordered_ns": 0,
      "chosen_strategy": "",
      "chosen_win_w": 0,
      "chosen_w_cap": 0,
      "chosen_seg_len": 0,
      "unique_win_w": 0,
      "unique_seg_len": 0,
      "explore_budget": 0,
      "ungated_occ_n": 0,
      "pick_gate_n": 0,
      "skip_gate_n": 0,
      "ungated_occ_while_gated": 0,
      "yield_ns": 0,
      "gate_stall_ns": 0,
      "worker_busy_ns": 0,
      "win1_locs": 0,
      "win2_locs": 0,
      "win3_locs": 0,
      "seg_locs": 0,
      "full_locs": 0,
      "defer_locs": 0,
      "arm_switch_n": 0,
      "explore_n": 0,
      "win2_deviate_n": 0,
      "bandit_c_opt": 0.0,
      "bandit_c_win1": 0.0,
      "bandit_c_win2": 0.0,
      "bandit_c_win3": 0.0,
      "bandit_c_defer": 0.0,
      "selected_arms": "",
      "detect_resolve_double_charge_n": 0,
      "sys_reexec_n": 0,
      "covering_n": 0,
      "chosen_cover_window": 0,
      "sf_schedule_picks": 0,
      "occ_schedule_picks": 574,
      "visibility_opt": 0,
      "visibility_wait_released": 0,
      "visibility_ordered_tip": 0,
      "resolve_commit": 0,
      "resolve_partial_rebind": 0,
      "resolve_partial_rewind": 0,
      "resolve_ordered_replay": 0,
      "resolve_full_replay": 0,
      "runnable_set_width_mean": 0.0,
      "steal_n": 0,
      "refuse_fill_n": 0,
      "idle_core_frac": 0.0,
      "resolve_apply_n": 0,
      "mid_promote_n": 0,
      "mid_promote_veto_n": 0,
      "learn_e1_n": 0,
      "learn_e2_n": 0,
      "learn_e3_n": 0,
      "learn_e4_n": 0,
      "learn_e5_n": 0,
      "learn_e6_n": 0,
      "prior_plant_n": 0,
      "began_from_prior": false,
      "begin_blocked": [],
      "taxed_indep_blocked": [],
      "main_inc_gt0": [],
      "storage_inc_gt0": [],
      "off_edge_inc_gt0": [],
      "edge_4_31": false,
      "ordered_defer": 0,
      "ordered_handoff": 0,
      "retain_keeps": 0,
      "tip_already": 0,
      "chain_len": 0,
      "estimate_block_sf": 0,
      "spine_access": 0,
      "spine_yield_ok": 0,
      "spine_yield_deadlock": 0,
      "spine_raw": 0,
      "spine_waw": 0,
      "spine_war": 0,
      "spine_armed": 0,
      "spine_pins": 0,
      "spine_revoked": 0,
      "spine_radar": 0
    },
    {
      "mode": "specfence",
      "i": 0,
      "wall_ms": 2.152351,
      "occ_aborts": 16,
      "refuse_admit": 0,
      "wait_for_dependency": 0,
      "wait_for_full_abort": 0,
      "soft_wait_arms": 0,
      "incarnation_gt0": 14,
      "reexec_entries": 22,
      "unfenced_reexec": 10,
      "ready_width_mean": 0.0,
      "idle_core_ns": 0,
      "ordered_admit_cohorts": 3,
      "optimistic_read_cohorts": 0,
      "edge_ordered_admit": 10,
      "edge_optimistic_read": 116,
      "refuse_ns": 1029303,
      "reexec_ns": 2055029,
      "optimistic_majority_block": true,
      "cost_ev_keep_ordered": 4,
      "cost_ev_demote_optimistic": 0,
      "commute_skip": 77,
      "batch_repair": 0,
      "conflict_promote": 16,
      "conflict_ignore": 78,
      "prepaid_ns": 1029303,
      "abort_cf_ns": 2055029,
      "prior_decay": 0,
      "admit_seed_begin_ns": 0,
      "end_block_ns": 47388,
      "optimistic_path_tax_ns": 1076691,
      "ordered_ns": 1029303,
      "chosen_strategy": "Win_1",
      "chosen_win_w": 1,
      "chosen_w_cap": 2,
      "chosen_seg_len": 0,
      "unique_win_w": 1,
      "unique_seg_len": 0,
      "explore_budget": 0,
      "ungated_occ_n": 192,
      "pick_gate_n": 6,
      "skip_gate_n": 4,
      "ungated_occ_while_gated": 184,
      "yield_ns": 0,
      "gate_stall_ns": 1029303,
      "worker_busy_ns": 9708813,
      "win1_locs": 1,
      "win2_locs": 0,
      "win3_locs": 0,
      "seg_locs": 0,
      "full_locs": 1,
      "defer_locs": 0,
      "arm_switch_n": 0,
      "explore_n": 0,
      "win2_deviate_n": 1,
      "bandit_c_opt": 25000.0,
      "bandit_c_win1": 514651.0,
      "bandit_c_win2": 12000.0,
      "bandit_c_win3": 12000.0,
      "bandit_c_defer": 25000.0,
      "selected_arms": "dff71d59d972d654:Win_1/15,85763a8ba0c164c9:Full/2",
      "detect_resolve_double_charge_n": 0,
      "sys_reexec_n": 0,
      "covering_n": 1,
      "chosen_cover_window": 0,
      "sf_schedule_picks": 233,
      "occ_schedule_picks": 0,
      "visibility_opt": 197,
      "visibility_wait_released": 3,
      "visibility_ordered_tip": 5,
      "resolve_commit": 183,
      "resolve_partial_rebind": 0,
      "resolve_partial_rewind": 0,
      "resolve_ordered_replay": 0,
      "resolve_full_replay": 16,
      "runnable_set_width_mean": 70.12446351931331,
      "steal_n": 47,
      "refuse_fill_n": 2,
      "idle_core_frac": 0.0,
      "resolve_apply_n": 199,
      "mid_promote_n": 0,
      "mid_promote_veto_n": 0,
      "learn_e1_n": 183,
      "learn_e2_n": 15,
      "learn_e3_n": 0,
      "learn_e4_n": 0,
      "learn_e5_n": 10,
      "learn_e6_n": 1,
      "prior_plant_n": 0,
      "began_from_prior": false,
      "begin_blocked": [
        16,
        17
      ],
      "taxed_indep_blocked": [],
      "main_inc_gt0": [
        66,
        67,
        70,
        93,
        96,
        103,
        115,
        131,
        132,
        135,
        138,
        141,
        166,
        171
      ],
      "storage_inc_gt0": [],
      "off_edge_inc_gt0": [],
      "edge_4_31": false,
      "ordered_defer": 0,
      "ordered_handoff": 0,
      "retain_keeps": 2,
      "tip_already": 0,
      "chain_len": 0,
      "estimate_block_sf": 0,
      "spine_access": 225,
      "spine_yield_ok": 15,
      "spine_yield_deadlock": 6,
      "spine_raw": 21,
      "spine_waw": 34,
      "spine_war": 188,
      "spine_armed": 5,
      "spine_pins": 92,
      "spine_revoked": 0,
      "spine_radar": 1
    },
    {
      "mode": "occ",
      "i": 1,
      "wall_ms": 1.0705689999999999,
      "occ_aborts": 20,
      "refuse_admit": 0,
      "wait_for_dependency": 0,
      "wait_for_full_abort": 0,
      "soft_wait_arms": 0,
      "incarnation_gt0": 0,
      "reexec_entries": 0,
      "unfenced_reexec": 0,
      "ready_width_mean": 0.0,
      "idle_core_ns": 0,
      "ordered_admit_cohorts": 0,
      "optimistic_read_cohorts": 0,
      "edge_ordered_admit": 0,
      "edge_optimistic_read": 0,
      "refuse_ns": 0,
      "reexec_ns": 0,
      "optimistic_majority_block": false,
      "cost_ev_keep_ordered": 0,
      "cost_ev_demote_optimistic": 0,
      "commute_skip": 0,
      "batch_repair": 0,
      "conflict_promote": 0,
      "conflict_ignore": 0,
      "prepaid_ns": 0,
      "abort_cf_ns": 0,
      "prior_decay": 0,
      "admit_seed_begin_ns": 0,
      "end_block_ns": 0,
      "optimistic_path_tax_ns": 0,
      "ordered_ns": 0,
      "chosen_strategy": "",
      "chosen_win_w": 0,
      "chosen_w_cap": 0,
      "chosen_seg_len": 0,
      "unique_win_w": 0,
      "unique_seg_len": 0,
      "explore_budget": 0,
      "ungated_occ_n": 0,
      "pick_gate_n": 0,
      "skip_gate_n": 0,
      "ungated_occ_while_gated": 0,
      "yield_ns": 0,
      "gate_stall_ns": 0,
      "worker_busy_ns": 0,
      "win1_locs": 0,
      "win2_locs": 0,
      "win3_locs": 0,
      "seg_locs": 0,
      "full_locs": 0,
      "defer_locs": 0,
      "arm_switch_n": 0,
      "explore_n": 0,
      "win2_deviate_n": 0,
      "bandit_c_opt": 0.0,
      "bandit_c_win1": 0.0,
      "bandit_c_win2": 0.0,
      "bandit_c_win3": 0.0,
      "bandit_c_defer": 0.0,
      "selected_arms": "",
      "detect_resolve_double_charge_n": 0,
      "sys_reexec_n": 0,
      "covering_n": 0,
      "chosen_cover_window": 0,
      "sf_schedule_picks": 0,
      "occ_schedule_picks": 802,
      "visibility_opt": 0,
      "visibility_wait_released": 0,
      "visibility_ordered_tip": 0,
      "resolve_commit": 0,
      "resolve_partial_rebind": 0,
      "resolve_partial_rewind": 0,
      "resolve_ordered_replay": 0,
      "resolve_full_replay": 0,
      "runnable_set_width_mean": 0.0,
      "steal_n": 0,
      "refuse_fill_n": 0,
      "idle_core_frac": 0.0,
      "resolve_apply_n": 0,
      "mid_promote_n": 0,
      "mid_promote_veto_n": 0,
      "learn_e1_n": 0,
      "learn_e2_n": 0,
      "learn_e3_n": 0,
      "learn_e4_n": 0,
      "learn_e5_n": 0,
      "learn_e6_n": 0,
      "prior_plant_n": 0,
      "began_from_prior": false,
      "begin_blocked": [],
      "taxed_indep_blocked": [],
      "main_inc_gt0": [],
      "storage_inc_gt0": [],
      "off_edge_inc_gt0": [],
      "edge_4_31": false,
      "ordered_defer": 0,
      "ordered_handoff": 0,
      "retain_keeps": 0,
      "tip_already": 0,
      "chain_len": 0,
      "estimate_block_sf": 0,
      "spine_access": 0,
      "spine_yield_ok": 0,
      "spine_yield_deadlock": 0,
      "spine_raw": 0,
      "spine_waw": 0,
      "spine_war": 0,
      "spine_armed": 0,
      "spine_pins": 0,
      "spine_revoked": 0,
      "spine_radar": 0
    },
    {
      "mode": "specfence",
      "i": 1,
      "wall_ms": 1.2620339999999999,
      "occ_aborts": 0,
      "refuse_admit": 0,
      "wait_for_dependency": 0,
      "wait_for_full_abort": 0,
      "soft_wait_arms": 0,
      "incarnation_gt0": 1,
      "reexec_entries": 1,
      "unfenced_reexec": 0,
      "ready_width_mean": 0.0,
      "idle_core_ns": 0,
      "ordered_admit_cohorts": 4,
      "optimistic_read_cohorts": 0,
      "edge_ordered_admit": 10,
      "edge_optimistic_read": 8,
      "refuse_ns": 671690,
      "reexec_ns": 26993,
      "optimistic_majority_block": true,
      "cost_ev_keep_ordered": 6,
      "cost_ev_demote_optimistic": 0,
      "commute_skip": 77,
      "batch_repair": 0,
      "conflict_promote": 1,
      "conflict_ignore": 77,
      "prepaid_ns": 671690,
      "abort_cf_ns": 26993,
      "prior_decay": 0,
      "admit_seed_begin_ns": 0,
      "end_block_ns": 107954,
      "optimistic_path_tax_ns": 779644,
      "ordered_ns": 671690,
      "chosen_strategy": "Opt",
      "chosen_win_w": 0,
      "chosen_w_cap": 2,
      "chosen_seg_len": 0,
      "unique_win_w": 1,
      "unique_seg_len": 0,
      "explore_budget": 0,
      "ungated_occ_n": 174,
      "pick_gate_n": 3,
      "skip_gate_n": 3,
      "ungated_occ_while_gated": 173,
      "yield_ns": 0,
      "gate_stall_ns": 671690,
      "worker_busy_ns": 3386882,
      "win1_locs": 1,
      "win2_locs": 0,
      "win3_locs": 0,
      "seg_locs": 0,
      "full_locs": 1,
      "defer_locs": 0,
      "arm_switch_n": 2,
      "explore_n": 0,
      "win2_deviate_n": 0,
      "bandit_c_opt": 1444651.3333333335,
      "bandit_c_win1": 514651.0,
      "bandit_c_win2": 1444651.3333333335,
      "bandit_c_win3": 1444651.3333333335,
      "bandit_c_defer": 25000.0,
      "selected_arms": "dff71d59d972d654:Opt/19,3ba7e47b77be411:Full/2,85763a8ba0c164c9:Win_1/2",
      "detect_resolve_double_charge_n": 0,
      "sys_reexec_n": 0,
      "covering_n": 0,
      "chosen_cover_window": 0,
      "sf_schedule_picks": 191,
      "occ_schedule_picks": 0,
      "visibility_opt": 174,
      "visibility_wait_released": 0,
      "visibility_ordered_tip": 3,
      "resolve_commit": 176,
      "resolve_partial_rebind": 0,
      "resolve_partial_rewind": 0,
      "resolve_ordered_replay": 0,
      "resolve_full_replay": 0,
      "runnable_set_width_mean": 79.32984293193718,
      "steal_n": 69,
      "refuse_fill_n": 0,
      "idle_core_frac": 0.0,
      "resolve_apply_n": 176,
      "mid_promote_n": 0,
      "mid_promote_veto_n": 0,
      "learn_e1_n": 176,
      "learn_e2_n": 0,
      "learn_e3_n": 0,
      "learn_e4_n": 0,
      "learn_e5_n": 0,
      "learn_e6_n": 0,
      "prior_plant_n": 0,
      "began_from_prior": true,
      "begin_blocked": [
        16,
        19,
        20,
        66,
        93,
        115,
        131,
        135,
        138,
        171
      ],
      "taxed_indep_blocked": [],
      "main_inc_gt0": [],
      "storage_inc_gt0": [
        17
      ],
      "off_edge_inc_gt0": [],
      "edge_4_31": true,
      "ordered_defer": 0,
      "ordered_handoff": 15,
      "retain_keeps": 0,
      "tip_already": 0,
      "chain_len": 16,
      "estimate_block_sf": 0,
      "spine_access": 140,
      "spine_yield_ok": 0,
      "spine_yield_deadlock": 0,
      "spine_raw": 0,
      "spine_waw": 22,
      "spine_war": 107,
      "spine_armed": 5,
      "spine_pins": 98,
      "spine_revoked": 1,
      "spine_radar": 1
    },
    {
      "mode": "occ",
      "i": 2,
      "wall_ms": 1.1913239999999998,
      "occ_aborts": 19,
      "refuse_admit": 0,
      "wait_for_dependency": 0,
      "wait_for_full_abort": 0,
      "soft_wait_arms": 0,
      "incarnation_gt0": 0,
      "reexec_entries": 0,
      "unfenced_reexec": 0,
      "ready_width_mean": 0.0,
      "idle_core_ns": 0,
      "ordered_admit_cohorts": 0,
      "optimistic_read_cohorts": 0,
      "edge_ordered_admit": 0,
      "edge_optimistic_read": 0,
      "refuse_ns": 0,
      "reexec_ns": 0,
      "optimistic_majority_block": false,
      "cost_ev_keep_ordered": 0,
      "cost_ev_demote_optimistic": 0,
      "commute_skip": 0,
      "batch_repair": 0,
      "conflict_promote": 0,
      "conflict_ignore": 0,
      "prepaid_ns": 0,
      "abort_cf_ns": 0,
      "prior_decay": 0,
      "admit_seed_begin_ns": 0,
      "end_block_ns": 0,
      "optimistic_path_tax_ns": 0,
      "ordered_ns": 0,
      "chosen_strategy": "",
      "chosen_win_w": 0,
      "chosen_w_cap": 0,
      "chosen_seg_len": 0,
      "unique_win_w": 0,
      "unique_seg_len": 0,
      "explore_budget": 0,
      "ungated_occ_n": 0,
      "pick_gate_n": 0,
      "skip_gate_n": 0,
      "ungated_occ_while_gated": 0,
      "yield_ns": 0,
      "gate_stall_ns": 0,
      "worker_busy_ns": 0,
      "win1_locs": 0,
      "win2_locs": 0,
      "win3_locs": 0,
      "seg_locs": 0,
      "full_locs": 0,
      "defer_locs": 0,
      "arm_switch_n": 0,
      "explore_n": 0,
      "win2_deviate_n": 0,
      "bandit_c_opt": 0.0,
      "bandit_c_win1": 0.0,
      "bandit_c_win2": 0.0,
      "bandit_c_win3": 0.0,
      "bandit_c_defer": 0.0,
      "selected_arms": "",
      "detect_resolve_double_charge_n": 0,
      "sys_reexec_n": 0,
      "covering_n": 0,
      "chosen_cover_window": 0,
      "sf_schedule_picks": 0,
      "occ_schedule_picks": 613,
      "visibility_opt": 0,
      "visibility_wait_released": 0,
      "visibility_ordered_tip": 0,
      "resolve_commit": 0,
      "resolve_partial_rebind": 0,
      "resolve_partial_rewind": 0,
      "resolve_ordered_replay": 0,
      "resolve_full_replay": 0,
      "runnable_set_width_mean": 0.0,
      "steal_n": 0,
      "refuse_fill_n": 0,
      "idle_core_frac": 0.0,
      "resolve_apply_n": 0,
      "mid_promote_n": 0,
      "mid_promote_veto_n": 0,
      "learn_e1_n": 0,
      "learn_e2_n": 0,
      "learn_e3_n": 0,
      "learn_e4_n": 0,
      "learn_e5_n": 0,
      "learn_e6_n": 0,
      "prior_plant_n": 0,
      "began_from_prior": false,
      "begin_blocked": [],
      "taxed_indep_blocked": [],
      "main_inc_gt0": [],
      "storage_inc_gt0": [],
      "off_edge_inc_gt0": [],
      "edge_4_31": false,
      "ordered_defer": 0,
      "ordered_handoff": 0,
      "retain_keeps": 0,
      "tip_already": 0,
      "chain_len": 0,
      "estimate_block_sf": 0,
      "spine_access": 0,
      "spine_yield_ok": 0,
      "spine_yield_deadlock": 0,
      "spine_raw": 0,
      "spine_waw": 0,
      "spine_war": 0,
      "spine_armed": 0,
      "spine_pins": 0,
      "spine_revoked": 0,
      "spine_radar": 0
    },
    {
      "mode": "specfence",
      "i": 2,
      "wall_ms": 1.629941,
      "occ_aborts": 1,
      "refuse_admit": 0,
      "wait_for_dependency": 0,
      "wait_for_full_abort": 0,
      "soft_wait_arms": 0,
      "incarnation_gt0": 1,
      "reexec_entries": 1,
      "unfenced_reexec": 1,
      "ready_width_mean": 0.0,
      "idle_core_ns": 0,
      "ordered_admit_cohorts": 1,
      "optimistic_read_cohorts": 0,
      "edge_ordered_admit": 8,
      "edge_optimistic_read": 8,
      "refuse_ns": 708107,
      "reexec_ns": 18496,
      "optimistic_majority_block": true,
      "cost_ev_keep_ordered": 2,
      "cost_ev_demote_optimistic": 0,
      "commute_skip": 77,
      "batch_repair": 0,
      "conflict_promote": 1,
      "conflict_ignore": 77,
      "prepaid_ns": 708107,
      "abort_cf_ns": 18496,
      "prior_decay": 0,
      "admit_seed_begin_ns": 0,
      "end_block_ns": 119289,
      "optimistic_path_tax_ns": 827396,
      "ordered_ns": 708107,
      "chosen_strategy": "Opt",
      "chosen_win_w": 0,
      "chosen_w_cap": 2,
      "chosen_seg_len": 0,
      "unique_win_w": 1,
      "unique_seg_len": 0,
      "explore_budget": 0,
      "ungated_occ_n": 176,
      "pick_gate_n": 1,
      "skip_gate_n": 1,
      "ungated_occ_while_gated": 172,
      "yield_ns": 0,
      "gate_stall_ns": 708107,
      "worker_busy_ns": 3966607,
      "win1_locs": 1,
      "win2_locs": 0,
      "win3_locs": 0,
      "seg_locs": 0,
      "full_locs": 1,
      "defer_locs": 0,
      "arm_switch_n": 3,
      "explore_n": 0,
      "win2_deviate_n": 0,
      "bandit_c_opt": 1127745.0,
      "bandit_c_win1": 514651.0,
      "bandit_c_win2": 1127745.0,
      "bandit_c_win3": 1127745.0,
      "bandit_c_defer": 25000.0,
      "selected_arms": "dff71d59d972d654:Opt/19,3ba7e47b77be411:Win_1/2,4389dafc98f2db37:Full/2,85763a8ba0c164c9:Opt/2",
      "detect_resolve_double_charge_n": 0,
      "sys_reexec_n": 0,
      "covering_n": 0,
      "chosen_cover_window": 0,
      "sf_schedule_picks": 208,
      "occ_schedule_picks": 0,
      "visibility_opt": 177,
      "visibility_wait_released": 0,
      "visibility_ordered_tip": 1,
      "resolve_commit": 177,
      "resolve_partial_rebind": 0,
      "resolve_partial_rewind": 0,
      "resolve_ordered_replay": 0,
      "resolve_full_replay": 1,
      "runnable_set_width_mean": 75.57211538461539,
      "steal_n": 68,
      "refuse_fill_n": 0,
      "idle_core_frac": 0.0,
      "resolve_apply_n": 178,
      "mid_promote_n": 0,
      "mid_promote_veto_n": 1,
      "learn_e1_n": 177,
      "learn_e2_n": 1,
      "learn_e3_n": 0,
      "learn_e4_n": 0,
      "learn_e5_n": 1,
      "learn_e6_n": 0,
      "prior_plant_n": 0,
      "began_from_prior": true,
      "begin_blocked": [
        19,
        66,
        93,
        115,
        131,
        135,
        138,
        171
      ],
      "taxed_indep_blocked": [],
      "main_inc_gt0": [],
      "storage_inc_gt0": [],
      "off_edge_inc_gt0": [],
      "edge_4_31": true,
      "ordered_defer": 27,
      "ordered_handoff": 16,
      "retain_keeps": 0,
      "tip_already": 0,
      "chain_len": 17,
      "estimate_block_sf": 0,
      "spine_access": 145,
      "spine_yield_ok": 0,
      "spine_yield_deadlock": 0,
      "spine_raw": 0,
      "spine_waw": 23,
      "spine_war": 106,
      "spine_armed": 5,
      "spine_pins": 97,
      "spine_revoked": 1,
      "spine_radar": 1
    }
  ],
  "summary": {
    "occ_median_ms": 1.1913239999999998,
    "sf_cold_ms": 2.152351,
    "sf_reuse_median_ms": 1.629941,
    "sf_all_median_ms": 1.629941,
    "primary_sf_ms": 1.629941,
    "primary_is_reuse": true,
    "sf_le_occ": false,
    "soft": 0,
    "n_tx": 176,
    "cores": 8,
    "occ_tps": 147734.78919252867,
    "sf_tps": 107979.36857837185,
    "ratio": 0.730900075524206,
    "ratio_ge_1_5": false,
    "estimate_block_sf": 0,
    "occ_schedule_picks": 0,
    "soft_wait_arms": 0,
    "spine_access": 145,
    "spine_yield_ok": 0,
    "spine_yield_deadlock": 0,
    "spine_raw": 0,
    "spine_waw": 23,
    "spine_war": 106,
    "spine_armed": 5,
    "spine_pins": 97,
    "spine_revoked": 1,
    "spine_radar": 1,
    "ordered_defer": 27,
    "ordered_handoff": 16,
    "retain_keeps": 0,
    "tip_already": 0,
    "chain_len": 17
  }
}
