block=15274915 n=1226 cores=8 iters=5 Soft=0 reuse_sf=true (PRIMARY=learned)
  occ[0] ok wall_ms=8.616 tps=142296 occ_aborts=81 inc>0=0 reexec=0 refuse_admit=0 wait_for_dependency=0 soft_wait_arms=0 idle_ns=0 ready_width=0.00 ordered_admit=0 optimistic_read=0 edge_oa=0 edge_or=0 refuse_ns=0 reexec_ns=0 ordered_ns=0 prepaid_ns=0 abort_cf_ns=0 prior_decay=0 opt_maj=false ev_keep=0 ev_demote=0 commute=0 batch=0 d1_prom=0 d1_ign=0 taxed_begin=0 edge_4_31=false unfenced_reexec=0 double_charge=0 sys_reexec=0 covering=0 cover_window=0 learn= win_w=0 w_cap=0 seg_len=0 uniq_w/s=0/0 expl_bud=0 win1/2/3/seg/full/defer=0/0/0/0/0/0 arms= switch=0 explore=0 win2_dev=0 c_opt/w1/w2/w3/def=0/0/0/0/0 main_inc=[] storage_inc=[] admit_seed_ns=0 end_block_ns=0 opt_path_tax_ns=0 ungated_occ=0 pick_gate=0 skip_gate=0 ungated_occ_while_gated=0 yield_ns=0 gate_stall_ns=0 busy_ns=0 sf_picks=0 occ_picks=3473 vis_opt/wait/tip=0/0/0 resolve_c/rebind/rewind/ord/full=0/0/0/0/0 rset_w=0.00
  v3 occ[0] wait_once=0 wait_suppressed=0 never_wait=0 prefix_resume=0 journal_ff_hits=0 resolve_rewind=0
  PHASE occ[0] exec_n=1854 ok=1307 block=547 exec_ns=35649138 pre_ns=7962322 interp_ns=7872444 post_ns=19814372 finish_n=1307 finish_ns=559443 val_n=2278 val_ns=3055173 pick_n=3473 pick_ns=5720191
  SPLIT occ[0] opcode_ns=0 vmdb_ns=0 detect_ns=0 other_ns=0 vmdb_n=0 detect_n=0 split_n=0
  busy_stall occ[0] workers=8 spans=5493 bucket_sum_ms=45.319 -> /workspace/crates/pevm/../../results/soft0-busy-stall-dig/15274915-occ-iter0.json
  specfence[0] ok wall_ms=35.092 tps=34937 occ_aborts=103 inc>0=58 reexec=206 refuse_admit=0 wait_for_dependency=4 soft_wait_arms=0 idle_ns=0 ready_width=0.00 ordered_admit=35 optimistic_read=0 edge_oa=110 edge_or=2147 refuse_ns=14385673 reexec_ns=133821835 ordered_ns=14385673 prepaid_ns=14385673 abort_cf_ns=133821835 prior_decay=0 opt_maj=false ev_keep=35 ev_demote=0 commute=0 batch=0 d1_prom=104 d1_ign=0 taxed_begin=0 edge_4_31=false unfenced_reexec=55 double_charge=1 sys_reexec=0 covering=1 cover_window=2 learn=Win_2 win_w=2 w_cap=2 seg_len=0 uniq_w/s=1/0 expl_bud=0 win1/2/3/seg/full/defer=0/1/0/0/0/0 arms=abd6bb3978815b97:Win_2/73 switch=0 explore=1 win2_dev=0 c_opt/w1/w2/w3/def=9000/25433/133821835/12000/9000 main_inc=[] storage_inc=[] admit_seed_ns=0 end_block_ns=92096 opt_path_tax_ns=14477769 ungated_occ=1406 pick_gate=78 skip_gate=7 ungated_occ_while_gated=1221 yield_ns=0 gate_stall_ns=14385673 busy_ns=251193791 sf_picks=1663 occ_picks=0 vis_opt/wait/tip=1504/52/67 resolve_c/rebind/rewind/ord/full=1366/0/58/0/103 rset_w=476.03
  v3 specfence[0] wait_once=3 wait_suppressed=0 never_wait=0 prefix_resume=144 journal_ff_hits=220 resolve_rewind=58
  PHASE specfence[0] exec_n=2255 ok=1387 block=868 exec_ns=232122849 pre_ns=1819301 interp_ns=222434428 post_ns=7869120 finish_n=1387 finish_ns=1045367 val_n=1527 val_ns=14499672 pick_n=1663 pick_ns=1667564
  SPLIT specfence[0] opcode_ns=0 vmdb_ns=0 detect_ns=0 other_ns=0 vmdb_n=0 detect_n=0 split_n=0
  focus specfence[0] full=103 full_from_0=17 prefix=144 fail_k_n=144 fail_k_min=3 fail_k_max=4 hist=3:97,4:47 chain=abd6bb3978815b97 chain_n=68 head_tx=116 head_ms=4.983 tail_tx=1219 tail_ms=1.596 span_ms=0.000 corr=0.474 low_q_ms=3.333 high_q_ms=9.674 explore=0 began_prior=0 detect_a=605 avoid_b=394 resolve_c=161 early_tip=0 est_block=0 raw_ab=0 raw_c=0 war_ab=181 war_c=0 waw_ab=233 waw_c=161 chain_ab=0 chain_c=0 protect=1 pbo=245 replay_after=102
  spine specfence[0] access=3131 yield_ok=59 yield_deadlock=859 raw=918 waw=277 war=10518 armed=25 pins=96 revoked=0 radar=1 defer=0 handoff=0 retain=80 tip_already=0 chain=0 est_block=0 soft=0 occ_picks=0 spine_cores_max=0 spine_cores_end=0 handoff_claims=0 claim_denied=0 exact_wakes=12 idle_parks=12 help=118 steal=802 idle_spins=39 local_pops=566 steal_top_ns=156842 end_block_ns=92096 wake_miss=408 admit_seed_ns=88065 join_wait_ns=33421278 join_mark_origin_ns=535696 idle_ns=6403669 heal_ns=3810470 post_exec_validate_ns=15016208 post_exec_in_span_ns=0 span_head=18446744073709551615 span_tail=18446744073709551615 span_end_ns=0 last_exec_ns=33235308 last_val_ns=33236986 quiet_true_ns=0 last_exit_ns=33416586 ps_exec_ns=0 ps_val_ns=0 ps_heal_ns=0 ps_yield_ns=0 ps_park_ns=0 ps_steal_ns=0 ps_exec_n=0 ps_idle_n=0 se_unstarted=0 se_unfinished=0 se_owed=0 se_running=0 se_pending=0 se_indep=0 se_bits=0 qf_or=0 first_cut=1976
  cutprobe specfence[0] cut_exec_ns=70343385 cut_exec_n=1976 cut_detect_ns=58815818 cut_skip_ns=353991 cut_mv_ns=1279540 cut_code_ns=0 cut_finish_ns=850811 cut_keep_n=825 cut_skip_n=3847 other_exec_ns=163124305 other_exec_n=279
  busy_stall specfence[0] workers=8 spans=6792 bucket_sum_ms=255.550 -> /workspace/crates/pevm/../../results/soft0-busy-stall-dig/15274915-specfence-iter0.json
  occ[1] ok wall_ms=7.062 tps=173610 occ_aborts=81 inc>0=0 reexec=0 refuse_admit=0 wait_for_dependency=0 soft_wait_arms=0 idle_ns=0 ready_width=0.00 ordered_admit=0 optimistic_read=0 edge_oa=0 edge_or=0 refuse_ns=0 reexec_ns=0 ordered_ns=0 prepaid_ns=0 abort_cf_ns=0 prior_decay=0 opt_maj=false ev_keep=0 ev_demote=0 commute=0 batch=0 d1_prom=0 d1_ign=0 taxed_begin=0 edge_4_31=false unfenced_reexec=0 double_charge=0 sys_reexec=0 covering=0 cover_window=0 learn= win_w=0 w_cap=0 seg_len=0 uniq_w/s=0/0 expl_bud=0 win1/2/3/seg/full/defer=0/0/0/0/0/0 arms= switch=0 explore=0 win2_dev=0 c_opt/w1/w2/w3/def=0/0/0/0/0 main_inc=[] storage_inc=[] admit_seed_ns=0 end_block_ns=0 opt_path_tax_ns=0 ungated_occ=0 pick_gate=0 skip_gate=0 ungated_occ_while_gated=0 yield_ns=0 gate_stall_ns=0 busy_ns=0 sf_picks=0 occ_picks=3362 vis_opt/wait/tip=0/0/0 resolve_c/rebind/rewind/ord/full=0/0/0/0/0 rset_w=0.00
  v3 occ[1] wait_once=0 wait_suppressed=0 never_wait=0 prefix_resume=0 journal_ff_hits=0 resolve_rewind=0
  PHASE occ[1] exec_n=1461 ok=1307 block=154 exec_ns=27965204 pre_ns=6931788 interp_ns=6225850 post_ns=14807566 finish_n=1307 finish_ns=604150 val_n=2169 val_ns=1745267 pick_n=3362 pick_ns=6677019
  SPLIT occ[1] opcode_ns=0 vmdb_ns=0 detect_ns=0 other_ns=0 vmdb_n=0 detect_n=0 split_n=0
  busy_stall occ[1] workers=8 spans=4986 bucket_sum_ms=37.298 -> /workspace/crates/pevm/../../results/soft0-busy-stall-dig/15274915-occ-iter1.json
  specfence[1] ok wall_ms=12.999 tps=94316 occ_aborts=12 inc>0=21 reexec=23 refuse_admit=0 wait_for_dependency=0 soft_wait_arms=0 idle_ns=0 ready_width=0.00 ordered_admit=5 optimistic_read=8 edge_oa=1870 edge_or=1173 refuse_ns=5697524 reexec_ns=21619204 ordered_ns=5697524 prepaid_ns=5697524 abort_cf_ns=21619204 prior_decay=0 opt_maj=false ev_keep=5 ev_demote=0 commute=0 batch=0 d1_prom=16 d1_ign=1 taxed_begin=0 edge_4_31=false unfenced_reexec=10 double_charge=0 sys_reexec=1 covering=0 cover_window=2 learn=Opt win_w=0 w_cap=2 seg_len=0 uniq_w/s=0/0 expl_bud=0 win1/2/3/seg/full/defer=0/0/0/0/5/0 arms=abd6bb3978815b97:Opt/73,930831d7501a43bf:Full/5,bef034365ca24581:Full/5,313a4cd93f128a02:Full/3,8d4d8fa68b17d71d:Full/1,c9b7a21e37bae100:Full/1 switch=5 explore=0 win2_dev=0 c_opt/w1/w2/w3/def=133823835/25433/133821835/12000/133823835 main_inc=[96] storage_inc=[] admit_seed_ns=0 end_block_ns=260199 opt_path_tax_ns=5957723 ungated_occ=1348 pick_gate=6 skip_gate=1 ungated_occ_while_gated=1342 yield_ns=0 gate_stall_ns=5697524 busy_ns=68463544 sf_picks=1478 occ_picks=0 vis_opt/wait/tip=1358/2/4 resolve_c/rebind/rewind/ord/full=1235/1/0/0/12 rset_w=544.32
  v3 specfence[1] wait_once=0 wait_suppressed=0 never_wait=0 prefix_resume=1 journal_ff_hits=6 resolve_rewind=0
  PHASE specfence[1] exec_n=3034 ok=1238 block=1796 exec_ns=56966975 pre_ns=10918105 interp_ns=17728872 post_ns=28319998 finish_n=1238 finish_ns=1557186 val_n=1248 val_ns=5587606 pick_n=1478 pick_ns=1118804
  SPLIT specfence[1] opcode_ns=0 vmdb_ns=0 detect_ns=0 other_ns=0 vmdb_n=0 detect_n=0 split_n=0
  focus specfence[1] full=12 full_from_0=11 prefix=1 fail_k_n=1 fail_k_min=11 fail_k_max=11 hist=11:1 chain=abd6bb3978815b97 chain_n=77 head_tx=116 head_ms=0.839 tail_tx=1219 tail_ms=4.452 span_ms=3.612 corr=-0.147 low_q_ms=5.000 high_q_ms=4.337 explore=0 began_prior=1 detect_a=185 avoid_b=141 resolve_c=12 early_tip=68 est_block=0 raw_ab=0 raw_c=6 war_ab=43 war_c=1 waw_ab=28 waw_c=5 chain_ab=76 chain_c=0 protect=12 pbo=43 replay_after=16
  spine specfence[1] access=3109 yield_ok=2 yield_deadlock=0 raw=2 waw=135 war=2828 armed=26 pins=145 revoked=1 radar=1 defer=0 handoff=76 retain=1 tip_already=0 chain=77 est_block=0 soft=0 occ_picks=0 spine_cores_max=1 spine_cores_end=0 handoff_claims=76 claim_denied=0 exact_wakes=2 idle_parks=2 help=6 steal=349 idle_spins=114 local_pops=923 steal_top_ns=107488 end_block_ns=260199 wake_miss=248 admit_seed_ns=200241 join_wait_ns=11077319 join_mark_origin_ns=666835 idle_ns=11974889 heal_ns=6522088 post_exec_validate_ns=2142396 post_exec_in_span_ns=4699034 span_head=116 span_tail=1219 span_end_ns=4451904 last_exec_ns=11196002 last_val_ns=11203878 quiet_true_ns=11213822 last_exit_ns=11321755 ps_exec_ns=38332938 ps_val_ns=2495178 ps_heal_ns=6522088 ps_yield_ns=0 ps_park_ns=47763 ps_steal_ns=161478 ps_exec_n=459 ps_idle_n=114 se_unstarted=330 se_unfinished=335 se_owed=0 se_running=8 se_pending=430 se_indep=379 se_bits=497 qf_or=859 first_cut=1148
  cutprobe specfence[1] cut_exec_ns=31600375 cut_exec_n=1148 cut_detect_ns=12844 cut_skip_ns=136583 cut_mv_ns=742324 cut_code_ns=0 cut_finish_ns=1223193 cut_keep_n=8 cut_skip_n=2945 other_exec_ns=27413594 other_exec_n=1886
  busy_stall specfence[1] workers=8 spans=6772 bucket_sum_ms=73.004 -> /workspace/crates/pevm/../../results/soft0-busy-stall-dig/15274915-specfence-iter1.json
  occ[2] ok wall_ms=7.440 tps=164777 occ_aborts=93 inc>0=0 reexec=0 refuse_admit=0 wait_for_dependency=0 soft_wait_arms=0 idle_ns=0 ready_width=0.00 ordered_admit=0 optimistic_read=0 edge_oa=0 edge_or=0 refuse_ns=0 reexec_ns=0 ordered_ns=0 prepaid_ns=0 abort_cf_ns=0 prior_decay=0 opt_maj=false ev_keep=0 ev_demote=0 commute=0 batch=0 d1_prom=0 d1_ign=0 taxed_begin=0 edge_4_31=false unfenced_reexec=0 double_charge=0 sys_reexec=0 covering=0 cover_window=0 learn= win_w=0 w_cap=0 seg_len=0 uniq_w/s=0/0 expl_bud=0 win1/2/3/seg/full/defer=0/0/0/0/0/0 arms= switch=0 explore=0 win2_dev=0 c_opt/w1/w2/w3/def=0/0/0/0/0 main_inc=[] storage_inc=[] admit_seed_ns=0 end_block_ns=0 opt_path_tax_ns=0 ungated_occ=0 pick_gate=0 skip_gate=0 ungated_occ_while_gated=0 yield_ns=0 gate_stall_ns=0 busy_ns=0 sf_picks=0 occ_picks=4326 vis_opt/wait/tip=0/0/0 resolve_c/rebind/rewind/ord/full=0/0/0/0/0 rset_w=0.00
  v3 occ[2] wait_once=0 wait_suppressed=0 never_wait=0 prefix_resume=0 journal_ff_hits=0 resolve_rewind=0
  PHASE occ[2] exec_n=2466 ok=1319 block=1147 exec_ns=27523512 pre_ns=9357450 interp_ns=5878266 post_ns=12287796 finish_n=1319 finish_ns=622133 val_n=3142 val_ns=2771008 pick_n=4326 pick_ns=6821279
  SPLIT occ[2] opcode_ns=0 vmdb_ns=0 detect_ns=0 other_ns=0 vmdb_n=0 detect_n=0 split_n=0
  busy_stall occ[2] workers=8 spans=6947 bucket_sum_ms=38.247 -> /workspace/crates/pevm/../../results/soft0-busy-stall-dig/15274915-occ-iter2.json
  specfence[2] ok wall_ms=12.685 tps=96646 occ_aborts=22 inc>0=33 reexec=40 refuse_admit=0 wait_for_dependency=0 soft_wait_arms=0 idle_ns=0 ready_width=0.00 ordered_admit=7 optimistic_read=8 edge_oa=104 edge_or=1173 refuse_ns=8622122 reexec_ns=21846032 ordered_ns=8622122 prepaid_ns=8622122 abort_cf_ns=21846032 prior_decay=0 opt_maj=false ev_keep=9 ev_demote=0 commute=0 batch=0 d1_prom=31 d1_ign=2 taxed_begin=0 edge_4_31=false unfenced_reexec=18 double_charge=0 sys_reexec=4 covering=0 cover_window=2 learn=Opt win_w=0 w_cap=2 seg_len=0 uniq_w/s=1/0 expl_bud=0 win1/2/3/seg/full/defer=2/0/0/0/7/0 arms=abd6bb3978815b97:Opt/73,bef034365ca24581:Opt/8,930831d7501a43bf:Opt/5,d836a55a84878178:Full/4,313a4cd93f128a02:Opt/3,8d4d8fa68b17d71d:Win_1/2,8dd852ce9b4a8171:Full/2,b6c82fc1e40befc3:Full/2,4d4aa547dbc6991:Full/1,38c82bebfe2a0a05:Full/1,3ea6b8f1249f8d73:Full/1,b1a5afde3a9dc4d4:Full/1,c9b7a21e37bae100:Win_1/1,111015025e6393bd:Opt/0 switch=7 explore=0 win2_dev=0 c_opt/w1/w2/w3/def=133823835/25433/133821835/12000/133823835 main_inc=[67, 96] storage_inc=[] admit_seed_ns=0 end_block_ns=299962 opt_path_tax_ns=8922084 ungated_occ=1256 pick_gate=10 skip_gate=3 ungated_occ_while_gated=1256 yield_ns=0 gate_stall_ns=8622122 busy_ns=73149840 sf_picks=1313 occ_picks=0 vis_opt/wait/tip=1277/6/3 resolve_c/rebind/rewind/ord/full=1247/0/3/0/22 rset_w=665.67
  v3 specfence[2] wait_once=0 wait_suppressed=0 never_wait=0 prefix_resume=5 journal_ff_hits=51 resolve_rewind=3
  PHASE specfence[2] exec_n=1266 ok=1251 block=15 exec_ns=63475240 pre_ns=3538795 interp_ns=23060182 post_ns=36876263 finish_n=1251 finish_ns=1319866 val_n=1272 val_ns=5577276 pick_n=1313 pick_ns=952993
  SPLIT specfence[2] opcode_ns=0 vmdb_ns=0 detect_ns=0 other_ns=0 vmdb_n=0 detect_n=0 split_n=0
  focus specfence[2] full=22 full_from_0=20 prefix=5 fail_k_n=5 fail_k_min=5 fail_k_max=26 hist=5:1,10:1,11:1,18:1,26:1 chain=abd6bb3978815b97 chain_n=77 head_tx=116 head_ms=0.716 tail_tx=1219 tail_ms=3.574 span_ms=2.858 corr=-0.397 low_q_ms=7.216 high_q_ms=3.121 explore=0 began_prior=1 detect_a=237 avoid_b=197 resolve_c=25 early_tip=77 est_block=0 raw_ab=0 raw_c=11 war_ab=43 war_c=2 waw_ab=80 waw_c=12 chain_ab=76 chain_c=0 protect=23 pbo=90 replay_after=21
  spine specfence[2] access=1486 yield_ok=9 yield_deadlock=0 raw=9 waw=135 war=2865 armed=28 pins=175 revoked=1 radar=1 defer=0 handoff=76 retain=7 tip_already=0 chain=77 est_block=0 soft=0 occ_picks=0 spine_cores_max=1 spine_cores_end=0 handoff_claims=76 claim_denied=0 exact_wakes=0 idle_parks=0 help=9 steal=281 idle_spins=26 local_pops=899 steal_top_ns=53248 end_block_ns=299962 wake_miss=204 admit_seed_ns=221347 join_wait_ns=10619498 join_mark_origin_ns=686062 idle_ns=5539522 heal_ns=3065888 post_exec_validate_ns=5009631 post_exec_in_span_ns=986970 span_head=116 span_tail=1219 span_end_ns=3573599 last_exec_ns=10822301 last_val_ns=10824593 quiet_true_ns=10857799 last_exit_ns=11001610 ps_exec_ns=46859367 ps_val_ns=4918682 ps_heal_ns=3065888 ps_yield_ns=2278859 ps_park_ns=0 ps_steal_ns=48539 ps_exec_n=789 ps_idle_n=26 se_unstarted=747 se_unfinished=754 se_owed=0 se_running=7 se_pending=867 se_indep=803 se_bits=497 qf_or=859 first_cut=1146
  cutprobe specfence[2] cut_exec_ns=38446173 cut_exec_n=1146 cut_detect_ns=64753 cut_skip_ns=174602 cut_mv_ns=650196 cut_code_ns=0 cut_finish_ns=1174164 cut_keep_n=53 cut_skip_n=2858 other_exec_ns=26623271 other_exec_n=120
  busy_stall specfence[2] workers=8 spans=5088 bucket_sum_ms=76.860 -> /workspace/crates/pevm/../../results/soft0-busy-stall-dig/15274915-specfence-iter2.json
  occ[3] ok wall_ms=6.836 tps=179333 occ_aborts=93 inc>0=0 reexec=0 refuse_admit=0 wait_for_dependency=0 soft_wait_arms=0 idle_ns=0 ready_width=0.00 ordered_admit=0 optimistic_read=0 edge_oa=0 edge_or=0 refuse_ns=0 reexec_ns=0 ordered_ns=0 prepaid_ns=0 abort_cf_ns=0 prior_decay=0 opt_maj=false ev_keep=0 ev_demote=0 commute=0 batch=0 d1_prom=0 d1_ign=0 taxed_begin=0 edge_4_31=false unfenced_reexec=0 double_charge=0 sys_reexec=0 covering=0 cover_window=0 learn= win_w=0 w_cap=0 seg_len=0 uniq_w/s=0/0 expl_bud=0 win1/2/3/seg/full/defer=0/0/0/0/0/0 arms= switch=0 explore=0 win2_dev=0 c_opt/w1/w2/w3/def=0/0/0/0/0 main_inc=[] storage_inc=[] admit_seed_ns=0 end_block_ns=0 opt_path_tax_ns=0 ungated_occ=0 pick_gate=0 skip_gate=0 ungated_occ_while_gated=0 yield_ns=0 gate_stall_ns=0 busy_ns=0 sf_picks=0 occ_picks=3527 vis_opt/wait/tip=0/0/0 resolve_c/rebind/rewind/ord/full=0/0/0/0/0 rset_w=0.00
  v3 occ[3] wait_once=0 wait_suppressed=0 never_wait=0 prefix_resume=0 journal_ff_hits=0 resolve_rewind=0
  PHASE occ[3] exec_n=1402 ok=1319 block=83 exec_ns=23282692 pre_ns=5943710 interp_ns=5605328 post_ns=11733654 finish_n=1319 finish_ns=682463 val_n=2324 val_ns=2162010 pick_n=3527 pick_ns=6662292
  SPLIT occ[3] opcode_ns=0 vmdb_ns=0 detect_ns=0 other_ns=0 vmdb_n=0 detect_n=0 split_n=0
  busy_stall occ[3] workers=8 spans=5058 bucket_sum_ms=33.060 -> /workspace/crates/pevm/../../results/soft0-busy-stall-dig/15274915-occ-iter3.json
  specfence[3] ok wall_ms=8.043 tps=152433 occ_aborts=8 inc>0=0 reexec=0 refuse_admit=0 wait_for_dependency=0 soft_wait_arms=0 idle_ns=0 ready_width=0.00 ordered_admit=14 optimistic_read=8 edge_oa=122 edge_or=1163 refuse_ns=5226115 reexec_ns=2199396 ordered_ns=5226115 prepaid_ns=5226115 abort_cf_ns=2199396 prior_decay=0 opt_maj=false ev_keep=22 ev_demote=0 commute=0 batch=0 d1_prom=13 d1_ign=1 taxed_begin=0 edge_4_31=false unfenced_reexec=0 double_charge=0 sys_reexec=4 covering=0 cover_window=2 learn=Opt win_w=0 w_cap=2 seg_len=0 uniq_w/s=2/0 expl_bud=0 win1/2/3/seg/full/defer=6/1/0/0/1/0 arms=abd6bb3978815b97:Opt/73,bef034365ca24581:Opt/9,930831d7501a43bf:Opt/5,313a4cd93f128a02:Opt/4,d836a55a84878178:Opt/4,8d4d8fa68b17d71d:Win_2/2,8dd852ce9b4a8171:Win_1/2,b6c82fc1e40befc3:Win_1/2,4d4aa547dbc6991:Opt/1,38c82bebfe2a0a05:Win_1/1,3ea6b8f1249f8d73:Win_1/1,a78aac0a402d4218:Full/1,b1a5afde3a9dc4d4:Win_1/1,c9b7a21e37bae100:Win_1/1,111015025e6393bd:Opt/0,e5f04107525d854b:Opt/0 switch=1 explore=0 win2_dev=0 c_opt/w1/w2/w3/def=133823835/25433/133821835/12000/133823835 main_inc=[67, 96] storage_inc=[] admit_seed_ns=0 end_block_ns=91169 opt_path_tax_ns=5317284 ungated_occ=1243 pick_gate=8 skip_gate=9 ungated_occ_while_gated=1236 yield_ns=0 gate_stall_ns=5226115 busy_ns=40283817 sf_picks=1277 occ_picks=0 vis_opt/wait/tip=1249/1/8 resolve_c/rebind/rewind/ord/full=1233/0/1/0/8 rset_w=668.26
  v3 specfence[3] wait_once=3 wait_suppressed=0 never_wait=0 prefix_resume=2 journal_ff_hits=11 resolve_rewind=1
  PHASE specfence[3] exec_n=1267 ok=1235 block=32 exec_ns=33653398 pre_ns=3092513 interp_ns=8394096 post_ns=22166789 finish_n=1235 finish_ns=1396621 val_n=1242 val_ns=2063013 pick_n=1277 pick_ns=917908
  SPLIT specfence[3] opcode_ns=0 vmdb_ns=0 detect_ns=0 other_ns=0 vmdb_n=0 detect_n=0 split_n=0
  focus specfence[3] full=8 full_from_0=7 prefix=2 fail_k_n=2 fail_k_min=10 fail_k_max=11 hist=10:1,11:1 chain=abd6bb3978815b97 chain_n=77 head_tx=116 head_ms=0.728 tail_tx=1219 tail_ms=5.770 span_ms=5.041 corr=-0.017 low_q_ms=4.928 high_q_ms=3.050 explore=0 began_prior=1 detect_a=197 avoid_b=159 resolve_c=9 early_tip=77 est_block=0 raw_ab=0 raw_c=4 war_ab=14 war_c=1 waw_ab=69 waw_c=4 chain_ab=76 chain_c=0 protect=13 pbo=31 replay_after=2
  spine specfence[3] access=1274 yield_ok=5 yield_deadlock=0 raw=5 waw=124 war=2843 armed=25 pins=154 revoked=1 radar=1 defer=0 handoff=76 retain=0 tip_already=0 chain=77 est_block=0 soft=0 occ_picks=0 spine_cores_max=1 spine_cores_end=0 handoff_claims=76 claim_denied=0 exact_wakes=0 idle_parks=0 help=9 steal=327 idle_spins=19 local_pops=840 steal_top_ns=62909 end_block_ns=91169 wake_miss=187 admit_seed_ns=246729 join_wait_ns=6301575 join_mark_origin_ns=689041 idle_ns=4301662 heal_ns=2721843 post_exec_validate_ns=71991 post_exec_in_span_ns=2842233 span_head=116 span_tail=1219 span_end_ns=5769839 last_exec_ns=6535549 last_val_ns=6537662 quiet_true_ns=6587524 last_exit_ns=6706539 ps_exec_ns=2217833 ps_val_ns=70354 ps_heal_ns=2721843 ps_yield_ns=1436050 ps_park_ns=0 ps_steal_ns=35554 ps_exec_n=9 ps_idle_n=18 se_unstarted=0 se_unfinished=13 se_owed=0 se_running=7 se_pending=0 se_indep=0 se_bits=496 qf_or=795 first_cut=1141
  cutprobe specfence[3] cut_exec_ns=26270348 cut_exec_n=1141 cut_detect_ns=102305 cut_skip_ns=148720 cut_mv_ns=593011 cut_code_ns=0 cut_finish_ns=1291590 cut_keep_n=67 cut_skip_n=2775 other_exec_ns=9044502 other_exec_n=126
  busy_stall specfence[3] workers=8 spans=5002 bucket_sum_ms=42.784 -> /workspace/crates/pevm/../../results/soft0-busy-stall-dig/15274915-specfence-iter3.json
  occ[4] ok wall_ms=5.919 tps=207146 occ_aborts=76 inc>0=0 reexec=0 refuse_admit=0 wait_for_dependency=0 soft_wait_arms=0 idle_ns=0 ready_width=0.00 ordered_admit=0 optimistic_read=0 edge_oa=0 edge_or=0 refuse_ns=0 reexec_ns=0 ordered_ns=0 prepaid_ns=0 abort_cf_ns=0 prior_decay=0 opt_maj=false ev_keep=0 ev_demote=0 commute=0 batch=0 d1_prom=0 d1_ign=0 taxed_begin=0 edge_4_31=false unfenced_reexec=0 double_charge=0 sys_reexec=0 covering=0 cover_window=0 learn= win_w=0 w_cap=0 seg_len=0 uniq_w/s=0/0 expl_bud=0 win1/2/3/seg/full/defer=0/0/0/0/0/0 arms= switch=0 explore=0 win2_dev=0 c_opt/w1/w2/w3/def=0/0/0/0/0 main_inc=[] storage_inc=[] admit_seed_ns=0 end_block_ns=0 opt_path_tax_ns=0 ungated_occ=0 pick_gate=0 skip_gate=0 ungated_occ_while_gated=0 yield_ns=0 gate_stall_ns=0 busy_ns=0 sf_picks=0 occ_picks=3298 vis_opt/wait/tip=0/0/0 resolve_c/rebind/rewind/ord/full=0/0/0/0/0 rset_w=0.00
  v3 occ[4] wait_once=0 wait_suppressed=0 never_wait=0 prefix_resume=0 journal_ff_hits=0 resolve_rewind=0
  PHASE occ[4] exec_n=1360 ok=1302 block=58 exec_ns=22481552 pre_ns=7187853 interp_ns=6395486 post_ns=8898213 finish_n=1302 finish_ns=590436 val_n=2123 val_ns=1518628 pick_n=3298 pick_ns=3642284
  SPLIT occ[4] opcode_ns=0 vmdb_ns=0 detect_ns=0 other_ns=0 vmdb_n=0 detect_n=0 split_n=0
  busy_stall occ[4] workers=8 spans=4814 bucket_sum_ms=28.490 -> /workspace/crates/pevm/../../results/soft0-busy-stall-dig/15274915-occ-iter4.json
  specfence[4] ok wall_ms=7.720 tps=158809 occ_aborts=5 inc>0=0 reexec=0 refuse_admit=0 wait_for_dependency=0 soft_wait_arms=0 idle_ns=0 ready_width=0.00 ordered_admit=15 optimistic_read=8 edge_oa=96 edge_or=1154 refuse_ns=5497270 reexec_ns=505071 ordered_ns=5497270 prepaid_ns=5497270 abort_cf_ns=505071 prior_decay=0 opt_maj=false ev_keep=23 ev_demote=0 commute=0 batch=0 d1_prom=8 d1_ign=1 taxed_begin=0 edge_4_31=false unfenced_reexec=0 double_charge=0 sys_reexec=4 covering=0 cover_window=2 learn=Opt win_w=0 w_cap=2 seg_len=0 uniq_w/s=2/0 expl_bud=0 win1/2/3/seg/full/defer=5/3/0/0/0/0 arms=abd6bb3978815b97:Opt/73,bef034365ca24581:Opt/9,930831d7501a43bf:Opt/5,313a4cd93f128a02:Opt/4,d836a55a84878178:Opt/4,8d4d8fa68b17d71d:Win_2/2,8dd852ce9b4a8171:Win_2/2,b6c82fc1e40befc3:Win_1/2,4d4aa547dbc6991:Opt/1,38c82bebfe2a0a05:Win_2/1,3ea6b8f1249f8d73:Win_1/1,a78aac0a402d4218:Win_1/1,b1a5afde3a9dc4d4:Win_1/1,c9b7a21e37bae100:Win_1/1,111015025e6393bd:Opt/0,e5f04107525d854b:Opt/0 switch=0 explore=0 win2_dev=0 c_opt/w1/w2/w3/def=133823835/25433/133821835/12000/133823835 main_inc=[67, 96] storage_inc=[] admit_seed_ns=0 end_block_ns=71648 opt_path_tax_ns=5568918 ungated_occ=1222 pick_gate=9 skip_gate=8 ungated_occ_while_gated=1221 yield_ns=0 gate_stall_ns=5497270 busy_ns=40818040 sf_picks=1246 occ_picks=0 vis_opt/wait/tip=1226/0/9 resolve_c/rebind/rewind/ord/full=1230/0/0/0/5 rset_w=645.10
  v3 specfence[4] wait_once=0 wait_suppressed=0 never_wait=0 prefix_resume=0 journal_ff_hits=0 resolve_rewind=0
  PHASE specfence[4] exec_n=1231 ok=1231 block=0 exec_ns=33741017 pre_ns=4296007 interp_ns=5998006 post_ns=23447004 finish_n=1231 finish_ns=1293867 val_n=1235 val_ns=2537277 pick_n=1246 pick_ns=1514834
  SPLIT specfence[4] opcode_ns=0 vmdb_ns=0 detect_ns=0 other_ns=0 vmdb_n=0 detect_n=0 split_n=0
  focus specfence[4] full=5 full_from_0=5 prefix=0 fail_k_n=0 fail_k_min=0 fail_k_max=0 hist=- chain=abd6bb3978815b97 chain_n=77 head_tx=116 head_ms=0.738 tail_tx=1219 tail_ms=4.151 span_ms=3.413 corr=-0.042 low_q_ms=4.104 high_q_ms=2.357 explore=0 began_prior=1 detect_a=158 avoid_b=155 resolve_c=5 early_tip=77 est_block=0 raw_ab=0 raw_c=3 war_ab=7 war_c=1 waw_ab=72 waw_c=1 chain_ab=76 chain_c=0 protect=7 pbo=11 replay_after=0
  spine specfence[4] access=1134 yield_ok=0 yield_deadlock=0 raw=0 waw=127 war=2824 armed=25 pins=135 revoked=1 radar=1 defer=0 handoff=76 retain=0 tip_already=0 chain=77 est_block=0 soft=0 occ_picks=0 spine_cores_max=1 spine_cores_end=0 handoff_claims=76 claim_denied=0 exact_wakes=0 idle_parks=0 help=9 steal=400 idle_spins=11 local_pops=746 steal_top_ns=69689 end_block_ns=71648 wake_miss=140 admit_seed_ns=238286 join_wait_ns=6119381 join_mark_origin_ns=675058 idle_ns=1853344 heal_ns=1121138 post_exec_validate_ns=1436227 post_exec_in_span_ns=1750603 span_head=116 span_tail=1219 span_end_ns=4150866 last_exec_ns=6431374 last_val_ns=6433596 quiet_true_ns=6443900 last_exit_ns=6522292 ps_exec_ns=13699152 ps_val_ns=1376077 ps_heal_ns=1121138 ps_yield_ns=657417 ps_park_ns=0 ps_steal_ns=574300 ps_exec_n=496 ps_idle_n=11 se_unstarted=490 se_unfinished=497 se_owed=0 se_running=8 se_pending=608 se_indep=539 se_bits=499 qf_or=848 first_cut=1141
  cutprobe specfence[4] cut_exec_ns=31049246 cut_exec_n=1141 cut_detect_ns=87760 cut_skip_ns=142982 cut_mv_ns=670717 cut_code_ns=0 cut_finish_ns=1196841 cut_keep_n=68 cut_skip_n=2849 other_exec_ns=4243214 other_exec_n=90
  busy_stall specfence[4] workers=8 spans=4939 bucket_sum_ms=41.212 -> /workspace/crates/pevm/../../results/soft0-busy-stall-dig/15274915-specfence-iter4.json
  occ median_wall_ms=7.062 last occ_aborts=76
  specfence all_median_ms=12.685 cold_ms=35.092 reuse_median_ms=12.685 last refuse_admit=0 inc>0=0 reexec=0 wait_for_dependency=0 occ_aborts=5 soft_wait_arms=0 idle_ns=0 ready_width=0.00 edge_oa=96 edge_or=1154 opt_maj=false commute=0 batch=0 admit_seed_ns=0 unfenced=0 ordered_admit=15
  learn e1=1230 e2=4 e3=0 e4=0 e5=4 e6=1 mid_promote=4 mid_promote_veto=0 prior_plant=10 began_from_prior=true steal=400 refuse_fill=0 resolve_apply=1235 explore_n=0
summary Soft=0 occ_median_ms=7.062 sf_cold_ms=35.092 sf_reuse_median_ms=12.685 primary_sf_ms=12.685 primary=reuse sf_le_occ=false
TPS_SUMMARY block=15274915 n=1226 cores=8 iters=5 occ_tps=173610.0 sf_tps=96646.3 ratio=0.557 ge_1_5=false occ_ms=7.062 sf_ms=12.685 est_block=0 soft=0 occ_picks=0 access=1134 yield_ok=0 yield_deadlock=0 raw=0 waw=127 war=2824 armed=25 pins=135 revoked=1 radar=1 defer=0 handoff=76 retain=0 tip_already=0 chain=77 spine_cores_max=1 spine_cores_end=0 handoff_claims=76 claim_denied=0 exact_wakes=0 idle_parks=0 help=9 steal=400 idle_spins=11 local_pops=746 steal_top_ns=69689 end_block_ns=71648 wake_miss=140 admit_seed_ns=238286 join_wait_ns=6119381 join_mark_origin_ns=675058 idle_ns=1853344 heal_ns=1121138 post_exec_validate_ns=1436227 post_exec_in_span_ns=1750603 span_head=116 span_tail=1219 first_cut=1141
seq=par ok block=15274915
{
  "rows": [
    {
      "mode": "occ",
      "i": 0,
      "wall_ms": 8.615819,
      "occ_aborts": 81,
      "refuse_admit": 0,
      "wait_for_dependency": 0,
      "wait_for_full_abort": 0,
      "soft_wait_arms": 0,
      "incarnation_gt0": 0,
      "reexec_entries": 0,
      "unfenced_reexec": 0,
      "ready_width_mean": 0.0,
      "idle_core_ns": 0,
      "ordered_admit_cohorts": 0,
      "optimistic_read_cohorts": 0,
      "edge_ordered_admit": 0,
      "edge_optimistic_read": 0,
      "refuse_ns": 0,
      "reexec_ns": 0,
      "optimistic_majority_block": false,
      "cost_ev_keep_ordered": 0,
      "cost_ev_demote_optimistic": 0,
      "commute_skip": 0,
      "batch_repair": 0,
      "conflict_promote": 0,
      "conflict_ignore": 0,
      "prepaid_ns": 0,
      "abort_cf_ns": 0,
      "prior_decay": 0,
      "admit_seed_begin_ns": 0,
      "end_block_ns": 0,
      "optimistic_path_tax_ns": 0,
      "ordered_ns": 0,
      "chosen_strategy": "",
      "chosen_win_w": 0,
      "chosen_w_cap": 0,
      "chosen_seg_len": 0,
      "unique_win_w": 0,
      "unique_seg_len": 0,
      "explore_budget": 0,
      "ungated_occ_n": 0,
      "pick_gate_n": 0,
      "skip_gate_n": 0,
      "ungated_occ_while_gated": 0,
      "yield_ns": 0,
      "gate_stall_ns": 0,
      "worker_busy_ns": 0,
      "win1_locs": 0,
      "win2_locs": 0,
      "win3_locs": 0,
      "seg_locs": 0,
      "full_locs": 0,
      "defer_locs": 0,
      "arm_switch_n": 0,
      "explore_n": 0,
      "win2_deviate_n": 0,
      "bandit_c_opt": 0.0,
      "bandit_c_win1": 0.0,
      "bandit_c_win2": 0.0,
      "bandit_c_win3": 0.0,
      "bandit_c_defer": 0.0,
      "selected_arms": "",
      "detect_resolve_double_charge_n": 0,
      "sys_reexec_n": 0,
      "covering_n": 0,
      "chosen_cover_window": 0,
      "sf_schedule_picks": 0,
      "occ_schedule_picks": 3473,
      "visibility_opt": 0,
      "visibility_wait_released": 0,
      "visibility_ordered_tip": 0,
      "resolve_commit": 0,
      "resolve_partial_rebind": 0,
      "resolve_partial_rewind": 0,
      "resolve_ordered_replay": 0,
      "resolve_full_replay": 0,
      "runnable_set_width_mean": 0.0,
      "steal_n": 0,
      "refuse_fill_n": 0,
      "idle_core_frac": 0.0,
      "resolve_apply_n": 0,
      "mid_promote_n": 0,
      "mid_promote_veto_n": 0,
      "learn_e1_n": 0,
      "learn_e2_n": 0,
      "learn_e3_n": 0,
      "learn_e4_n": 0,
      "learn_e5_n": 0,
      "learn_e6_n": 0,
      "prior_plant_n": 0,
      "began_from_prior": false,
      "begin_blocked": [],
      "taxed_indep_blocked": [],
      "main_inc_gt0": [],
      "storage_inc_gt0": [],
      "off_edge_inc_gt0": [],
      "edge_4_31": false,
      "ordered_defer": 0,
      "ordered_handoff": 0,
      "retain_keeps": 0,
      "tip_already": 0,
      "chain_len": 0,
      "estimate_block_sf": 0,
      "spine_access": 0,
      "spine_yield_ok": 0,
      "spine_yield_deadlock": 0,
      "spine_raw": 0,
      "spine_waw": 0,
      "spine_war": 0,
      "spine_armed": 0,
      "spine_pins": 0,
      "spine_revoked": 0,
      "spine_radar": 0
    },
    {
      "mode": "specfence",
      "i": 0,
      "wall_ms": 35.091899000000005,
      "occ_aborts": 103,
      "refuse_admit": 0,
      "wait_for_dependency": 4,
      "wait_for_full_abort": 0,
      "soft_wait_arms": 0,
      "incarnation_gt0": 58,
      "reexec_entries": 206,
      "unfenced_reexec": 55,
      "ready_width_mean": 0.0,
      "idle_core_ns": 0,
      "ordered_admit_cohorts": 35,
      "optimistic_read_cohorts": 0,
      "edge_ordered_admit": 110,
      "edge_optimistic_read": 2147,
      "refuse_ns": 14385673,
      "reexec_ns": 133821835,
      "optimistic_majority_block": false,
      "cost_ev_keep_ordered": 35,
      "cost_ev_demote_optimistic": 0,
      "commute_skip": 0,
      "batch_repair": 0,
      "conflict_promote": 104,
      "conflict_ignore": 0,
      "prepaid_ns": 14385673,
      "abort_cf_ns": 133821835,
      "prior_decay": 0,
      "admit_seed_begin_ns": 0,
      "end_block_ns": 92096,
      "optimistic_path_tax_ns": 14477769,
      "ordered_ns": 14385673,
      "chosen_strategy": "Win_2",
      "chosen_win_w": 2,
      "chosen_w_cap": 2,
      "chosen_seg_len": 0,
      "unique_win_w": 1,
      "unique_seg_len": 0,
      "explore_budget": 0,
      "ungated_occ_n": 1406,
      "pick_gate_n": 78,
      "skip_gate_n": 7,
      "ungated_occ_while_gated": 1221,
      "yield_ns": 0,
      "gate_stall_ns": 14385673,
      "worker_busy_ns": 251193791,
      "win1_locs": 0,
      "win2_locs": 1,
      "win3_locs": 0,
      "seg_locs": 0,
      "full_locs": 0,
      "defer_locs": 0,
      "arm_switch_n": 0,
      "explore_n": 1,
      "win2_deviate_n": 0,
      "bandit_c_opt": 9000.0,
      "bandit_c_win1": 25433.378378378377,
      "bandit_c_win2": 133821835.0,
      "bandit_c_win3": 12000.0,
      "bandit_c_defer": 9000.0,
      "selected_arms": "abd6bb3978815b97:Win_2/73",
      "detect_resolve_double_charge_n": 1,
      "sys_reexec_n": 0,
      "covering_n": 1,
      "chosen_cover_window": 2,
      "sf_schedule_picks": 1663,
      "occ_schedule_picks": 0,
      "visibility_opt": 1504,
      "visibility_wait_released": 52,
      "visibility_ordered_tip": 67,
      "resolve_commit": 1366,
      "resolve_partial_rebind": 0,
      "resolve_partial_rewind": 58,
      "resolve_ordered_replay": 0,
      "resolve_full_replay": 103,
      "runnable_set_width_mean": 476.03126879134095,
      "steal_n": 802,
      "refuse_fill_n": 8,
      "idle_core_frac": 0.0,
      "resolve_apply_n": 1527,
      "mid_promote_n": 1,
      "mid_promote_veto_n": 19,
      "learn_e1_n": 1366,
      "learn_e2_n": 103,
      "learn_e3_n": 58,
      "learn_e4_n": 0,
      "learn_e5_n": 53,
      "learn_e6_n": 0,
      "prior_plant_n": 0,
      "began_from_prior": false,
      "begin_blocked": [],
      "taxed_indep_blocked": [],
      "main_inc_gt0": [],
      "storage_inc_gt0": [],
      "off_edge_inc_gt0": [
        252,
        288,
        291,
        340,
        452,
        491,
        500,
        508,
        518,
        536,
        542,
        546,
        599,
        602,
        621,
        656,
        670,
        693,
        703,
        719,
        726,
        727,
        730,
        741,
        757,
        759,
        762,
        779,
        790,
        791,
        800,
        807,
        811,
        817,
        824,
        849,
        857,
        881,
        882,
        903,
        912,
        947,
        981,
        987,
        1017,
        1030,
        1060,
        1068,
        1122,
        1123,
        1139,
        1160,
        1163,
        1169,
        1182,
        1183,
        1184,
        1219
      ],
      "edge_4_31": false,
      "ordered_defer": 0,
      "ordered_handoff": 0,
      "retain_keeps": 80,
      "tip_already": 0,
      "chain_len": 0,
      "estimate_block_sf": 0,
      "spine_access": 3131,
      "spine_yield_ok": 59,
      "spine_yield_deadlock": 859,
      "spine_raw": 918,
      "spine_waw": 277,
      "spine_war": 10518,
      "spine_armed": 25,
      "spine_pins": 96,
      "spine_revoked": 0,
      "spine_radar": 1
    },
    {
      "mode": "occ",
      "i": 1,
      "wall_ms": 7.0618039999999995,
      "occ_aborts": 81,
      "refuse_admit": 0,
      "wait_for_dependency": 0,
      "wait_for_full_abort": 0,
      "soft_wait_arms": 0,
      "incarnation_gt0": 0,
      "reexec_entries": 0,
      "unfenced_reexec": 0,
      "ready_width_mean": 0.0,
      "idle_core_ns": 0,
      "ordered_admit_cohorts": 0,
      "optimistic_read_cohorts": 0,
      "edge_ordered_admit": 0,
      "edge_optimistic_read": 0,
      "refuse_ns": 0,
      "reexec_ns": 0,
      "optimistic_majority_block": false,
      "cost_ev_keep_ordered": 0,
      "cost_ev_demote_optimistic": 0,
      "commute_skip": 0,
      "batch_repair": 0,
      "conflict_promote": 0,
      "conflict_ignore": 0,
      "prepaid_ns": 0,
      "abort_cf_ns": 0,
      "prior_decay": 0,
      "admit_seed_begin_ns": 0,
      "end_block_ns": 0,
      "optimistic_path_tax_ns": 0,
      "ordered_ns": 0,
      "chosen_strategy": "",
      "chosen_win_w": 0,
      "chosen_w_cap": 0,
      "chosen_seg_len": 0,
      "unique_win_w": 0,
      "unique_seg_len": 0,
      "explore_budget": 0,
      "ungated_occ_n": 0,
      "pick_gate_n": 0,
      "skip_gate_n": 0,
      "ungated_occ_while_gated": 0,
      "yield_ns": 0,
      "gate_stall_ns": 0,
      "worker_busy_ns": 0,
      "win1_locs": 0,
      "win2_locs": 0,
      "win3_locs": 0,
      "seg_locs": 0,
      "full_locs": 0,
      "defer_locs": 0,
      "arm_switch_n": 0,
      "explore_n": 0,
      "win2_deviate_n": 0,
      "bandit_c_opt": 0.0,
      "bandit_c_win1": 0.0,
      "bandit_c_win2": 0.0,
      "bandit_c_win3": 0.0,
      "bandit_c_defer": 0.0,
      "selected_arms": "",
      "detect_resolve_double_charge_n": 0,
      "sys_reexec_n": 0,
      "covering_n": 0,
      "chosen_cover_window": 0,
      "sf_schedule_picks": 0,
      "occ_schedule_picks": 3362,
      "visibility_opt": 0,
      "visibility_wait_released": 0,
      "visibility_ordered_tip": 0,
      "resolve_commit": 0,
      "resolve_partial_rebind": 0,
      "resolve_partial_rewind": 0,
      "resolve_ordered_replay": 0,
      "resolve_full_replay": 0,
      "runnable_set_width_mean": 0.0,
      "steal_n": 0,
      "refuse_fill_n": 0,
      "idle_core_frac": 0.0,
      "resolve_apply_n": 0,
      "mid_promote_n": 0,
      "mid_promote_veto_n": 0,
      "learn_e1_n": 0,
      "learn_e2_n": 0,
      "learn_e3_n": 0,
      "learn_e4_n": 0,
      "learn_e5_n": 0,
      "learn_e6_n": 0,
      "prior_plant_n": 0,
      "began_from_prior": false,
      "begin_blocked": [],
      "taxed_indep_blocked": [],
      "main_inc_gt0": [],
      "storage_inc_gt0": [],
      "off_edge_inc_gt0": [],
      "edge_4_31": false,
      "ordered_defer": 0,
      "ordered_handoff": 0,
      "retain_keeps": 0,
      "tip_already": 0,
      "chain_len": 0,
      "estimate_block_sf": 0,
      "spine_access": 0,
      "spine_yield_ok": 0,
      "spine_yield_deadlock": 0,
      "spine_raw": 0,
      "spine_waw": 0,
      "spine_war": 0,
      "spine_armed": 0,
      "spine_pins": 0,
      "spine_revoked": 0,
      "spine_radar": 0
    },
    {
      "mode": "specfence",
      "i": 1,
      "wall_ms": 12.998867,
      "occ_aborts": 12,
      "refuse_admit": 0,
      "wait_for_dependency": 0,
      "wait_for_full_abort": 0,
      "soft_wait_arms": 0,
      "incarnation_gt0": 21,
      "reexec_entries": 23,
      "unfenced_reexec": 10,
      "ready_width_mean": 0.0,
      "idle_core_ns": 0,
      "ordered_admit_cohorts": 5,
      "optimistic_read_cohorts": 8,
      "edge_ordered_admit": 1870,
      "edge_optimistic_read": 1173,
      "refuse_ns": 5697524,
      "reexec_ns": 21619204,
      "optimistic_majority_block": false,
      "cost_ev_keep_ordered": 5,
      "cost_ev_demote_optimistic": 0,
      "commute_skip": 0,
      "batch_repair": 0,
      "conflict_promote": 16,
      "conflict_ignore": 1,
      "prepaid_ns": 5697524,
      "abort_cf_ns": 21619204,
      "prior_decay": 0,
      "admit_seed_begin_ns": 0,
      "end_block_ns": 260199,
      "optimistic_path_tax_ns": 5957723,
      "ordered_ns": 5697524,
      "chosen_strategy": "Opt",
      "chosen_win_w": 0,
      "chosen_w_cap": 2,
      "chosen_seg_len": 0,
      "unique_win_w": 0,
      "unique_seg_len": 0,
      "explore_budget": 0,
      "ungated_occ_n": 1348,
      "pick_gate_n": 6,
      "skip_gate_n": 1,
      "ungated_occ_while_gated": 1342,
      "yield_ns": 0,
      "gate_stall_ns": 5697524,
      "worker_busy_ns": 68463544,
      "win1_locs": 0,
      "win2_locs": 0,
      "win3_locs": 0,
      "seg_locs": 0,
      "full_locs": 5,
      "defer_locs": 0,
      "arm_switch_n": 5,
      "explore_n": 0,
      "win2_deviate_n": 0,
      "bandit_c_opt": 133823835.0,
      "bandit_c_win1": 25433.378378378377,
      "bandit_c_win2": 133821835.0,
      "bandit_c_win3": 12000.0,
      "bandit_c_defer": 133823835.0,
      "selected_arms": "abd6bb3978815b97:Opt/73,930831d7501a43bf:Full/5,bef034365ca24581:Full/5,313a4cd93f128a02:Full/3,8d4d8fa68b17d71d:Full/1,c9b7a21e37bae100:Full/1",
      "detect_resolve_double_charge_n": 0,
      "sys_reexec_n": 1,
      "covering_n": 0,
      "chosen_cover_window": 2,
      "sf_schedule_picks": 1478,
      "occ_schedule_picks": 0,
      "visibility_opt": 1358,
      "visibility_wait_released": 2,
      "visibility_ordered_tip": 4,
      "resolve_commit": 1235,
      "resolve_partial_rebind": 1,
      "resolve_partial_rewind": 0,
      "resolve_ordered_replay": 0,
      "resolve_full_replay": 12,
      "runnable_set_width_mean": 544.3200270635995,
      "steal_n": 349,
      "refuse_fill_n": 0,
      "idle_core_frac": 0.0,
      "resolve_apply_n": 1248,
      "mid_promote_n": 5,
      "mid_promote_veto_n": 0,
      "learn_e1_n": 1235,
      "learn_e2_n": 11,
      "learn_e3_n": 1,
      "learn_e4_n": 0,
      "learn_e5_n": 10,
      "learn_e6_n": 1,
      "prior_plant_n": 0,
      "began_from_prior": true,
      "begin_blocked": [
        105,
        129,
        145,
        177,
        252,
        288,
        291,
        312,
        319,
        340,
        452,
        470,
        491,
        500,
        508,
        518,
        536,
        537,
        542,
        546,
        599,
        602,
        621,
        635,
        648,
        656,
        670,
        693,
        703,
        719,
        726,
        727,
        730,
        741,
        757,
        759,
        762,
        779,
        790,
        791,
        800,
        807,
        811,
        817,
        824,
        849,
        857,
        881,
        882,
        903,
        912,
        947,
        981,
        987,
        1017,
        1030,
        1060,
        1068,
        1122,
        1123,
        1139,
        1160,
        1163,
        1169,
        1182,
        1183,
        1184,
        1219
      ],
      "taxed_indep_blocked": [],
      "main_inc_gt0": [
        96
      ],
      "storage_inc_gt0": [],
      "off_edge_inc_gt0": [
        74,
        77,
        78,
        79,
        80,
        81,
        82,
        84,
        85,
        86,
        87,
        92,
        94,
        95,
        97,
        98,
        99,
        101,
        102,
        106
      ],
      "edge_4_31": false,
      "ordered_defer": 0,
      "ordered_handoff": 76,
      "retain_keeps": 1,
      "tip_already": 0,
      "chain_len": 77,
      "estimate_block_sf": 0,
      "spine_access": 3109,
      "spine_yield_ok": 2,
      "spine_yield_deadlock": 0,
      "spine_raw": 2,
      "spine_waw": 135,
      "spine_war": 2828,
      "spine_armed": 26,
      "spine_pins": 145,
      "spine_revoked": 1,
      "spine_radar": 1
    },
    {
      "mode": "occ",
      "i": 2,
      "wall_ms": 7.440373999999999,
      "occ_aborts": 93,
      "refuse_admit": 0,
      "wait_for_dependency": 0,
      "wait_for_full_abort": 0,
      "soft_wait_arms": 0,
      "incarnation_gt0": 0,
      "reexec_entries": 0,
      "unfenced_reexec": 0,
      "ready_width_mean": 0.0,
      "idle_core_ns": 0,
      "ordered_admit_cohorts": 0,
      "optimistic_read_cohorts": 0,
      "edge_ordered_admit": 0,
      "edge_optimistic_read": 0,
      "refuse_ns": 0,
      "reexec_ns": 0,
      "optimistic_majority_block": false,
      "cost_ev_keep_ordered": 0,
      "cost_ev_demote_optimistic": 0,
      "commute_skip": 0,
      "batch_repair": 0,
      "conflict_promote": 0,
      "conflict_ignore": 0,
      "prepaid_ns": 0,
      "abort_cf_ns": 0,
      "prior_decay": 0,
      "admit_seed_begin_ns": 0,
      "end_block_ns": 0,
      "optimistic_path_tax_ns": 0,
      "ordered_ns": 0,
      "chosen_strategy": "",
      "chosen_win_w": 0,
      "chosen_w_cap": 0,
      "chosen_seg_len": 0,
      "unique_win_w": 0,
      "unique_seg_len": 0,
      "explore_budget": 0,
      "ungated_occ_n": 0,
      "pick_gate_n": 0,
      "skip_gate_n": 0,
      "ungated_occ_while_gated": 0,
      "yield_ns": 0,
      "gate_stall_ns": 0,
      "worker_busy_ns": 0,
      "win1_locs": 0,
      "win2_locs": 0,
      "win3_locs": 0,
      "seg_locs": 0,
      "full_locs": 0,
      "defer_locs": 0,
      "arm_switch_n": 0,
      "explore_n": 0,
      "win2_deviate_n": 0,
      "bandit_c_opt": 0.0,
      "bandit_c_win1": 0.0,
      "bandit_c_win2": 0.0,
      "bandit_c_win3": 0.0,
      "bandit_c_defer": 0.0,
      "selected_arms": "",
      "detect_resolve_double_charge_n": 0,
      "sys_reexec_n": 0,
      "covering_n": 0,
      "chosen_cover_window": 0,
      "sf_schedule_picks": 0,
      "occ_schedule_picks": 4326,
      "visibility_opt": 0,
      "visibility_wait_released": 0,
      "visibility_ordered_tip": 0,
      "resolve_commit": 0,
      "resolve_partial_rebind": 0,
      "resolve_partial_rewind": 0,
      "resolve_ordered_replay": 0,
      "resolve_full_replay": 0,
      "runnable_set_width_mean": 0.0,
      "steal_n": 0,
      "refuse_fill_n": 0,
      "idle_core_frac": 0.0,
      "resolve_apply_n": 0,
      "mid_promote_n": 0,
      "mid_promote_veto_n": 0,
      "learn_e1_n": 0,
      "learn_e2_n": 0,
      "learn_e3_n": 0,
      "learn_e4_n": 0,
      "learn_e5_n": 0,
      "learn_e6_n": 0,
      "prior_plant_n": 0,
      "began_from_prior": false,
      "begin_blocked": [],
      "taxed_indep_blocked": [],
      "main_inc_gt0": [],
      "storage_inc_gt0": [],
      "off_edge_inc_gt0": [],
      "edge_4_31": false,
      "ordered_defer": 0,
      "ordered_handoff": 0,
      "retain_keeps": 0,
      "tip_already": 0,
      "chain_len": 0,
      "estimate_block_sf": 0,
      "spine_access": 0,
      "spine_yield_ok": 0,
      "spine_yield_deadlock": 0,
      "spine_raw": 0,
      "spine_waw": 0,
      "spine_war": 0,
      "spine_armed": 0,
      "spine_pins": 0,
      "spine_revoked": 0,
      "spine_radar": 0
    },
    {
      "mode": "specfence",
      "i": 2,
      "wall_ms": 12.685435,
      "occ_aborts": 22,
      "refuse_admit": 0,
      "wait_for_dependency": 0,
      "wait_for_full_abort": 0,
      "soft_wait_arms": 0,
      "incarnation_gt0": 33,
      "reexec_entries": 40,
      "unfenced_reexec": 18,
      "ready_width_mean": 0.0,
      "idle_core_ns": 0,
      "ordered_admit_cohorts": 7,
      "optimistic_read_cohorts": 8,
      "edge_ordered_admit": 104,
      "edge_optimistic_read": 1173,
      "refuse_ns": 8622122,
      "reexec_ns": 21846032,
      "optimistic_majority_block": false,
      "cost_ev_keep_ordered": 9,
      "cost_ev_demote_optimistic": 0,
      "commute_skip": 0,
      "batch_repair": 0,
      "conflict_promote": 31,
      "conflict_ignore": 2,
      "prepaid_ns": 8622122,
      "abort_cf_ns": 21846032,
      "prior_decay": 0,
      "admit_seed_begin_ns": 0,
      "end_block_ns": 299962,
      "optimistic_path_tax_ns": 8922084,
      "ordered_ns": 8622122,
      "chosen_strategy": "Opt",
      "chosen_win_w": 0,
      "chosen_w_cap": 2,
      "chosen_seg_len": 0,
      "unique_win_w": 1,
      "unique_seg_len": 0,
      "explore_budget": 0,
      "ungated_occ_n": 1256,
      "pick_gate_n": 10,
      "skip_gate_n": 3,
      "ungated_occ_while_gated": 1256,
      "yield_ns": 0,
      "gate_stall_ns": 8622122,
      "worker_busy_ns": 73149840,
      "win1_locs": 2,
      "win2_locs": 0,
      "win3_locs": 0,
      "seg_locs": 0,
      "full_locs": 7,
      "defer_locs": 0,
      "arm_switch_n": 7,
      "explore_n": 0,
      "win2_deviate_n": 0,
      "bandit_c_opt": 133823835.0,
      "bandit_c_win1": 25433.378378378377,
      "bandit_c_win2": 133821835.0,
      "bandit_c_win3": 12000.0,
      "bandit_c_defer": 133823835.0,
      "selected_arms": "abd6bb3978815b97:Opt/73,bef034365ca24581:Opt/8,930831d7501a43bf:Opt/5,d836a55a84878178:Full/4,313a4cd93f128a02:Opt/3,8d4d8fa68b17d71d:Win_1/2,8dd852ce9b4a8171:Full/2,b6c82fc1e40befc3:Full/2,4d4aa547dbc6991:Full/1,38c82bebfe2a0a05:Full/1,3ea6b8f1249f8d73:Full/1,b1a5afde3a9dc4d4:Full/1,c9b7a21e37bae100:Win_1/1,111015025e6393bd:Opt/0",
      "detect_resolve_double_charge_n": 0,
      "sys_reexec_n": 4,
      "covering_n": 0,
      "chosen_cover_window": 2,
      "sf_schedule_picks": 1313,
      "occ_schedule_picks": 0,
      "visibility_opt": 1277,
      "visibility_wait_released": 6,
      "visibility_ordered_tip": 3,
      "resolve_commit": 1247,
      "resolve_partial_rebind": 0,
      "resolve_partial_rewind": 3,
      "resolve_ordered_replay": 0,
      "resolve_full_replay": 22,
      "runnable_set_width_mean": 665.6664127951257,
      "steal_n": 281,
      "refuse_fill_n": 0,
      "idle_core_frac": 0.0,
      "resolve_apply_n": 1272,
      "mid_promote_n": 11,
      "mid_promote_veto_n": 0,
      "learn_e1_n": 1247,
      "learn_e2_n": 20,
      "learn_e3_n": 3,
      "learn_e4_n": 0,
      "learn_e5_n": 19,
      "learn_e6_n": 2,
      "prior_plant_n": 3,
      "began_from_prior": true,
      "begin_blocked": [
        95,
        99,
        105,
        122,
        129,
        131,
        145,
        162,
        177,
        232,
        252,
        288,
        291,
        312,
        319,
        340,
        358,
        370,
        373,
        406,
        408,
        452,
        470,
        491,
        500,
        508,
        518,
        536,
        537,
        542,
        546,
        599,
        602,
        621,
        635,
        648,
        656,
        670,
        693,
        703,
        719,
        726,
        727,
        730,
        741,
        757,
        759,
        762,
        779,
        790,
        791,
        800,
        807,
        811,
        817,
        824,
        849,
        857,
        881,
        882,
        903,
        912,
        947,
        981,
        987,
        1017,
        1030,
        1060,
        1068,
        1122,
        1123,
        1139,
        1160,
        1163,
        1169,
        1182,
        1183,
        1184,
        1219
      ],
      "taxed_indep_blocked": [],
      "main_inc_gt0": [
        67,
        96
      ],
      "storage_inc_gt0": [],
      "off_edge_inc_gt0": [
        9,
        15,
        18,
        27,
        44,
        45,
        49,
        50,
        52,
        55,
        59,
        68,
        74,
        77,
        78,
        79,
        80,
        81,
        82,
        84,
        85,
        86,
        87,
        91,
        92,
        94,
        97,
        98,
        101,
        102,
        106
      ],
      "edge_4_31": false,
      "ordered_defer": 0,
      "ordered_handoff": 76,
      "retain_keeps": 7,
      "tip_already": 0,
      "chain_len": 77,
      "estimate_block_sf": 0,
      "spine_access": 1486,
      "spine_yield_ok": 9,
      "spine_yield_deadlock": 0,
      "spine_raw": 9,
      "spine_waw": 135,
      "spine_war": 2865,
      "spine_armed": 28,
      "spine_pins": 175,
      "spine_revoked": 1,
      "spine_radar": 1
    },
    {
      "mode": "occ",
      "i": 3,
      "wall_ms": 6.836448,
      "occ_aborts": 93,
      "refuse_admit": 0,
      "wait_for_dependency": 0,
      "wait_for_full_abort": 0,
      "soft_wait_arms": 0,
      "incarnation_gt0": 0,
      "reexec_entries": 0,
      "unfenced_reexec": 0,
      "ready_width_mean": 0.0,
      "idle_core_ns": 0,
      "ordered_admit_cohorts": 0,
      "optimistic_read_cohorts": 0,
      "edge_ordered_admit": 0,
      "edge_optimistic_read": 0,
      "refuse_ns": 0,
      "reexec_ns": 0,
      "optimistic_majority_block": false,
      "cost_ev_keep_ordered": 0,
      "cost_ev_demote_optimistic": 0,
      "commute_skip": 0,
      "batch_repair": 0,
      "conflict_promote": 0,
      "conflict_ignore": 0,
      "prepaid_ns": 0,
      "abort_cf_ns": 0,
      "prior_decay": 0,
      "admit_seed_begin_ns": 0,
      "end_block_ns": 0,
      "optimistic_path_tax_ns": 0,
      "ordered_ns": 0,
      "chosen_strategy": "",
      "chosen_win_w": 0,
      "chosen_w_cap": 0,
      "chosen_seg_len": 0,
      "unique_win_w": 0,
      "unique_seg_len": 0,
      "explore_budget": 0,
      "ungated_occ_n": 0,
      "pick_gate_n": 0,
      "skip_gate_n": 0,
      "ungated_occ_while_gated": 0,
      "yield_ns": 0,
      "gate_stall_ns": 0,
      "worker_busy_ns": 0,
      "win1_locs": 0,
      "win2_locs": 0,
      "win3_locs": 0,
      "seg_locs": 0,
      "full_locs": 0,
      "defer_locs": 0,
      "arm_switch_n": 0,
      "explore_n": 0,
      "win2_deviate_n": 0,
      "bandit_c_opt": 0.0,
      "bandit_c_win1": 0.0,
      "bandit_c_win2": 0.0,
      "bandit_c_win3": 0.0,
      "bandit_c_defer": 0.0,
      "selected_arms": "",
      "detect_resolve_double_charge_n": 0,
      "sys_reexec_n": 0,
      "covering_n": 0,
      "chosen_cover_window": 0,
      "sf_schedule_picks": 0,
      "occ_schedule_picks": 3527,
      "visibility_opt": 0,
      "visibility_wait_released": 0,
      "visibility_ordered_tip": 0,
      "resolve_commit": 0,
      "resolve_partial_rebind": 0,
      "resolve_partial_rewind": 0,
      "resolve_ordered_replay": 0,
      "resolve_full_replay": 0,
      "runnable_set_width_mean": 0.0,
      "steal_n": 0,
      "refuse_fill_n": 0,
      "idle_core_frac": 0.0,
      "resolve_apply_n": 0,
      "mid_promote_n": 0,
      "mid_promote_veto_n": 0,
      "learn_e1_n": 0,
      "learn_e2_n": 0,
      "learn_e3_n": 0,
      "learn_e4_n": 0,
      "learn_e5_n": 0,
      "learn_e6_n": 0,
      "prior_plant_n": 0,
      "began_from_prior": false,
      "begin_blocked": [],
      "taxed_indep_blocked": [],
      "main_inc_gt0": [],
      "storage_inc_gt0": [],
      "off_edge_inc_gt0": [],
      "edge_4_31": false,
      "ordered_defer": 0,
      "ordered_handoff": 0,
      "retain_keeps": 0,
      "tip_already": 0,
      "chain_len": 0,
      "estimate_block_sf": 0,
      "spine_access": 0,
      "spine_yield_ok": 0,
      "spine_yield_deadlock": 0,
      "spine_raw": 0,
      "spine_waw": 0,
      "spine_war": 0,
      "spine_armed": 0,
      "spine_pins": 0,
      "spine_revoked": 0,
      "spine_radar": 0
    },
    {
      "mode": "specfence",
      "i": 3,
      "wall_ms": 8.042860000000001,
      "occ_aborts": 8,
      "refuse_admit": 0,
      "wait_for_dependency": 0,
      "wait_for_full_abort": 0,
      "soft_wait_arms": 0,
      "incarnation_gt0": 0,
      "reexec_entries": 0,
      "unfenced_reexec": 0,
      "ready_width_mean": 0.0,
      "idle_core_ns": 0,
      "ordered_admit_cohorts": 14,
      "optimistic_read_cohorts": 8,
      "edge_ordered_admit": 122,
      "edge_optimistic_read": 1163,
      "refuse_ns": 5226115,
      "reexec_ns": 2199396,
      "optimistic_majority_block": false,
      "cost_ev_keep_ordered": 22,
      "cost_ev_demote_optimistic": 0,
      "commute_skip": 0,
      "batch_repair": 0,
      "conflict_promote": 13,
      "conflict_ignore": 1,
      "prepaid_ns": 5226115,
      "abort_cf_ns": 2199396,
      "prior_decay": 0,
      "admit_seed_begin_ns": 0,
      "end_block_ns": 91169,
      "optimistic_path_tax_ns": 5317284,
      "ordered_ns": 5226115,
      "chosen_strategy": "Opt",
      "chosen_win_w": 0,
      "chosen_w_cap": 2,
      "chosen_seg_len": 0,
      "unique_win_w": 2,
      "unique_seg_len": 0,
      "explore_budget": 0,
      "ungated_occ_n": 1243,
      "pick_gate_n": 8,
      "skip_gate_n": 9,
      "ungated_occ_while_gated": 1236,
      "yield_ns": 0,
      "gate_stall_ns": 5226115,
      "worker_busy_ns": 40283817,
      "win1_locs": 6,
      "win2_locs": 1,
      "win3_locs": 0,
      "seg_locs": 0,
      "full_locs": 1,
      "defer_locs": 0,
      "arm_switch_n": 1,
      "explore_n": 0,
      "win2_deviate_n": 0,
      "bandit_c_opt": 133823835.0,
      "bandit_c_win1": 25433.378378378377,
      "bandit_c_win2": 133821835.0,
      "bandit_c_win3": 12000.0,
      "bandit_c_defer": 133823835.0,
      "selected_arms": "abd6bb3978815b97:Opt/73,bef034365ca24581:Opt/9,930831d7501a43bf:Opt/5,313a4cd93f128a02:Opt/4,d836a55a84878178:Opt/4,8d4d8fa68b17d71d:Win_2/2,8dd852ce9b4a8171:Win_1/2,b6c82fc1e40befc3:Win_1/2,4d4aa547dbc6991:Opt/1,38c82bebfe2a0a05:Win_1/1,3ea6b8f1249f8d73:Win_1/1,a78aac0a402d4218:Full/1,b1a5afde3a9dc4d4:Win_1/1,c9b7a21e37bae100:Win_1/1,111015025e6393bd:Opt/0,e5f04107525d854b:Opt/0",
      "detect_resolve_double_charge_n": 0,
      "sys_reexec_n": 4,
      "covering_n": 0,
      "chosen_cover_window": 2,
      "sf_schedule_picks": 1277,
      "occ_schedule_picks": 0,
      "visibility_opt": 1249,
      "visibility_wait_released": 1,
      "visibility_ordered_tip": 8,
      "resolve_commit": 1233,
      "resolve_partial_rebind": 0,
      "resolve_partial_rewind": 1,
      "resolve_ordered_replay": 0,
      "resolve_full_replay": 8,
      "runnable_set_width_mean": 668.2646828504307,
      "steal_n": 327,
      "refuse_fill_n": 1,
      "idle_core_frac": 0.0,
      "resolve_apply_n": 1242,
      "mid_promote_n": 6,
      "mid_promote_veto_n": 0,
      "learn_e1_n": 1233,
      "learn_e2_n": 7,
      "learn_e3_n": 1,
      "learn_e4_n": 0,
      "learn_e5_n": 7,
      "learn_e6_n": 1,
      "prior_plant_n": 10,
      "began_from_prior": true,
      "begin_blocked": [
        44,
        50,
        52,
        67,
        68,
        95,
        99,
        101,
        122,
        129,
        131,
        145,
        162,
        177,
        232,
        252,
        288,
        291,
        312,
        319,
        340,
        358,
        370,
        373,
        406,
        408,
        452,
        470,
        491,
        500,
        508,
        518,
        536,
        537,
        542,
        546,
        599,
        602,
        621,
        635,
        648,
        656,
        670,
        693,
        703,
        719,
        726,
        727,
        730,
        741,
        757,
        759,
        762,
        779,
        790,
        791,
        800,
        807,
        811,
        817,
        824,
        849,
        857,
        881,
        882,
        903,
        912,
        947,
        981,
        987,
        1017,
        1030,
        1060,
        1068,
        1122,
        1123,
        1139,
        1160,
        1163,
        1169,
        1182,
        1183,
        1184,
        1219
      ],
      "taxed_indep_blocked": [],
      "main_inc_gt0": [
        67,
        96
      ],
      "storage_inc_gt0": [],
      "off_edge_inc_gt0": [
        9,
        15,
        18,
        27,
        44,
        45,
        49,
        50,
        52,
        55,
        59,
        68,
        74,
        77,
        78,
        79,
        80,
        81,
        82,
        84,
        85,
        86,
        87,
        91,
        92,
        94,
        97,
        98,
        101,
        102,
        106
      ],
      "edge_4_31": false,
      "ordered_defer": 0,
      "ordered_handoff": 76,
      "retain_keeps": 0,
      "tip_already": 0,
      "chain_len": 77,
      "estimate_block_sf": 0,
      "spine_access": 1274,
      "spine_yield_ok": 5,
      "spine_yield_deadlock": 0,
      "spine_raw": 5,
      "spine_waw": 124,
      "spine_war": 2843,
      "spine_armed": 25,
      "spine_pins": 154,
      "spine_revoked": 1,
      "spine_radar": 1
    },
    {
      "mode": "occ",
      "i": 4,
      "wall_ms": 5.918535,
      "occ_aborts": 76,
      "refuse_admit": 0,
      "wait_for_dependency": 0,
      "wait_for_full_abort": 0,
      "soft_wait_arms": 0,
      "incarnation_gt0": 0,
      "reexec_entries": 0,
      "unfenced_reexec": 0,
      "ready_width_mean": 0.0,
      "idle_core_ns": 0,
      "ordered_admit_cohorts": 0,
      "optimistic_read_cohorts": 0,
      "edge_ordered_admit": 0,
      "edge_optimistic_read": 0,
      "refuse_ns": 0,
      "reexec_ns": 0,
      "optimistic_majority_block": false,
      "cost_ev_keep_ordered": 0,
      "cost_ev_demote_optimistic": 0,
      "commute_skip": 0,
      "batch_repair": 0,
      "conflict_promote": 0,
      "conflict_ignore": 0,
      "prepaid_ns": 0,
      "abort_cf_ns": 0,
      "prior_decay": 0,
      "admit_seed_begin_ns": 0,
      "end_block_ns": 0,
      "optimistic_path_tax_ns": 0,
      "ordered_ns": 0,
      "chosen_strategy": "",
      "chosen_win_w": 0,
      "chosen_w_cap": 0,
      "chosen_seg_len": 0,
      "unique_win_w": 0,
      "unique_seg_len": 0,
      "explore_budget": 0,
      "ungated_occ_n": 0,
      "pick_gate_n": 0,
      "skip_gate_n": 0,
      "ungated_occ_while_gated": 0,
      "yield_ns": 0,
      "gate_stall_ns": 0,
      "worker_busy_ns": 0,
      "win1_locs": 0,
      "win2_locs": 0,
      "win3_locs": 0,
      "seg_locs": 0,
      "full_locs": 0,
      "defer_locs": 0,
      "arm_switch_n": 0,
      "explore_n": 0,
      "win2_deviate_n": 0,
      "bandit_c_opt": 0.0,
      "bandit_c_win1": 0.0,
      "bandit_c_win2": 0.0,
      "bandit_c_win3": 0.0,
      "bandit_c_defer": 0.0,
      "selected_arms": "",
      "detect_resolve_double_charge_n": 0,
      "sys_reexec_n": 0,
      "covering_n": 0,
      "chosen_cover_window": 0,
      "sf_schedule_picks": 0,
      "occ_schedule_picks": 3298,
      "visibility_opt": 0,
      "visibility_wait_released": 0,
      "visibility_ordered_tip": 0,
      "resolve_commit": 0,
      "resolve_partial_rebind": 0,
      "resolve_partial_rewind": 0,
      "resolve_ordered_replay": 0,
      "resolve_full_replay": 0,
      "runnable_set_width_mean": 0.0,
      "steal_n": 0,
      "refuse_fill_n": 0,
      "idle_core_frac": 0.0,
      "resolve_apply_n": 0,
      "mid_promote_n": 0,
      "mid_promote_veto_n": 0,
      "learn_e1_n": 0,
      "learn_e2_n": 0,
      "learn_e3_n": 0,
      "learn_e4_n": 0,
      "learn_e5_n": 0,
      "learn_e6_n": 0,
      "prior_plant_n": 0,
      "began_from_prior": false,
      "begin_blocked": [],
      "taxed_indep_blocked": [],
      "main_inc_gt0": [],
      "storage_inc_gt0": [],
      "off_edge_inc_gt0": [],
      "edge_4_31": false,
      "ordered_defer": 0,
      "ordered_handoff": 0,
      "retain_keeps": 0,
      "tip_already": 0,
      "chain_len": 0,
      "estimate_block_sf": 0,
      "spine_access": 0,
      "spine_yield_ok": 0,
      "spine_yield_deadlock": 0,
      "spine_raw": 0,
      "spine_waw": 0,
      "spine_war": 0,
      "spine_armed": 0,
      "spine_pins": 0,
      "spine_revoked": 0,
      "spine_radar": 0
    },
    {
      "mode": "specfence",
      "i": 4,
      "wall_ms": 7.719985,
      "occ_aborts": 5,
      "refuse_admit": 0,
      "wait_for_dependency": 0,
      "wait_for_full_abort": 0,
      "soft_wait_arms": 0,
      "incarnation_gt0": 0,
      "reexec_entries": 0,
      "unfenced_reexec": 0,
      "ready_width_mean": 0.0,
      "idle_core_ns": 0,
      "ordered_admit_cohorts": 15,
      "optimistic_read_cohorts": 8,
      "edge_ordered_admit": 96,
      "edge_optimistic_read": 1154,
      "refuse_ns": 5497270,
      "reexec_ns": 505071,
      "optimistic_majority_block": false,
      "cost_ev_keep_ordered": 23,
      "cost_ev_demote_optimistic": 0,
      "commute_skip": 0,
      "batch_repair": 0,
      "conflict_promote": 8,
      "conflict_ignore": 1,
      "prepaid_ns": 5497270,
      "abort_cf_ns": 505071,
      "prior_decay": 0,
      "admit_seed_begin_ns": 0,
      "end_block_ns": 71648,
      "optimistic_path_tax_ns": 5568918,
      "ordered_ns": 5497270,
      "chosen_strategy": "Opt",
      "chosen_win_w": 0,
      "chosen_w_cap": 2,
      "chosen_seg_len": 0,
      "unique_win_w": 2,
      "unique_seg_len": 0,
      "explore_budget": 0,
      "ungated_occ_n": 1222,
      "pick_gate_n": 9,
      "skip_gate_n": 8,
      "ungated_occ_while_gated": 1221,
      "yield_ns": 0,
      "gate_stall_ns": 5497270,
      "worker_busy_ns": 40818040,
      "win1_locs": 5,
      "win2_locs": 3,
      "win3_locs": 0,
      "seg_locs": 0,
      "full_locs": 0,
      "defer_locs": 0,
      "arm_switch_n": 0,
      "explore_n": 0,
      "win2_deviate_n": 0,
      "bandit_c_opt": 133823835.0,
      "bandit_c_win1": 25433.378378378377,
      "bandit_c_win2": 133821835.0,
      "bandit_c_win3": 12000.0,
      "bandit_c_defer": 133823835.0,
      "selected_arms": "abd6bb3978815b97:Opt/73,bef034365ca24581:Opt/9,930831d7501a43bf:Opt/5,313a4cd93f128a02:Opt/4,d836a55a84878178:Opt/4,8d4d8fa68b17d71d:Win_2/2,8dd852ce9b4a8171:Win_2/2,b6c82fc1e40befc3:Win_1/2,4d4aa547dbc6991:Opt/1,38c82bebfe2a0a05:Win_2/1,3ea6b8f1249f8d73:Win_1/1,a78aac0a402d4218:Win_1/1,b1a5afde3a9dc4d4:Win_1/1,c9b7a21e37bae100:Win_1/1,111015025e6393bd:Opt/0,e5f04107525d854b:Opt/0",
      "detect_resolve_double_charge_n": 0,
      "sys_reexec_n": 4,
      "covering_n": 0,
      "chosen_cover_window": 2,
      "sf_schedule_picks": 1246,
      "occ_schedule_picks": 0,
      "visibility_opt": 1226,
      "visibility_wait_released": 0,
      "visibility_ordered_tip": 9,
      "resolve_commit": 1230,
      "resolve_partial_rebind": 0,
      "resolve_partial_rewind": 0,
      "resolve_ordered_replay": 0,
      "resolve_full_replay": 5,
      "runnable_set_width_mean": 645.1043338683788,
      "steal_n": 400,
      "refuse_fill_n": 0,
      "idle_core_frac": 0.0,
      "resolve_apply_n": 1235,
      "mid_promote_n": 4,
      "mid_promote_veto_n": 0,
      "learn_e1_n": 1230,
      "learn_e2_n": 4,
      "learn_e3_n": 0,
      "learn_e4_n": 0,
      "learn_e5_n": 4,
      "learn_e6_n": 1,
      "prior_plant_n": 10,
      "began_from_prior": true,
      "begin_blocked": [
        44,
        45,
        50,
        52,
        67,
        95,
        99,
        101,
        122,
        129,
        131,
        145,
        162,
        177,
        232,
        252,
        288,
        291,
        312,
        319,
        340,
        358,
        370,
        373,
        406,
        408,
        452,
        470,
        491,
        500,
        508,
        518,
        536,
        537,
        542,
        546,
        599,
        602,
        621,
        635,
        648,
        656,
        670,
        693,
        703,
        719,
        726,
        727,
        730,
        741,
        757,
        759,
        762,
        779,
        790,
        791,
        800,
        807,
        811,
        817,
        824,
        849,
        857,
        881,
        882,
        903,
        912,
        947,
        981,
        987,
        1017,
        1030,
        1060,
        1068,
        1122,
        1123,
        1139,
        1160,
        1163,
        1169,
        1182,
        1183,
        1184,
        1219
      ],
      "taxed_indep_blocked": [],
      "main_inc_gt0": [
        67,
        96
      ],
      "storage_inc_gt0": [],
      "off_edge_inc_gt0": [
        9,
        15,
        18,
        27,
        44,
        45,
        49,
        50,
        52,
        55,
        59,
        68,
        74,
        77,
        78,
        79,
        80,
        81,
        82,
        84,
        85,
        86,
        87,
        91,
        92,
        94,
        97,
        98,
        101,
        102,
        106
      ],
      "edge_4_31": false,
      "ordered_defer": 0,
      "ordered_handoff": 76,
      "retain_keeps": 0,
      "tip_already": 0,
      "chain_len": 77,
      "estimate_block_sf": 0,
      "spine_access": 1134,
      "spine_yield_ok": 0,
      "spine_yield_deadlock": 0,
      "spine_raw": 0,
      "spine_waw": 127,
      "spine_war": 2824,
      "spine_armed": 25,
      "spine_pins": 135,
      "spine_revoked": 1,
      "spine_radar": 1
    }
  ],
  "summary": {
    "occ_median_ms": 7.0618039999999995,
    "sf_cold_ms": 35.091899000000005,
    "sf_reuse_median_ms": 12.685435,
    "sf_all_median_ms": 12.685435,
    "primary_sf_ms": 12.685435,
    "primary_is_reuse": true,
    "sf_le_occ": false,
    "soft": 0,
    "n_tx": 1226,
    "cores": 8,
    "occ_tps": 173610.0293919231,
    "sf_tps": 96646.27188582812,
    "ratio": 0.556685994607201,
    "ratio_ge_1_5": false,
    "estimate_block_sf": 0,
    "occ_schedule_picks": 0,
    "soft_wait_arms": 0,
    "spine_access": 1134,
    "spine_yield_ok": 0,
    "spine_yield_deadlock": 0,
    "spine_raw": 0,
    "spine_waw": 127,
    "spine_war": 2824,
    "spine_armed": 25,
    "spine_pins": 135,
    "spine_revoked": 1,
    "spine_radar": 1,
    "ordered_defer": 0,
    "ordered_handoff": 76,
    "retain_keeps": 0,
    "tip_already": 0,
    "chain_len": 77
  }
}
