block=3356896 n=176 cores=8 iters=3 Soft=0 reuse_sf=true (PRIMARY=learned)
  occ[0] ok wall_ms=2.362 tps=74501 occ_aborts=10 inc>0=0 reexec=0 refuse_admit=0 wait_for_dependency=0 soft_wait_arms=0 idle_ns=0 ready_width=0.00 ordered_admit=0 optimistic_read=0 edge_oa=0 edge_or=0 refuse_ns=0 reexec_ns=0 ordered_ns=0 prepaid_ns=0 abort_cf_ns=0 prior_decay=0 opt_maj=false ev_keep=0 ev_demote=0 commute=0 batch=0 d1_prom=0 d1_ign=0 taxed_begin=0 edge_4_31=false unfenced_reexec=0 double_charge=0 sys_reexec=0 covering=0 cover_window=0 learn= win_w=0 w_cap=0 seg_len=0 uniq_w/s=0/0 expl_bud=0 win1/2/3/seg/full/defer=0/0/0/0/0/0 arms= switch=0 explore=0 win2_dev=0 c_opt/w1/w2/w3/def=0/0/0/0/0 main_inc=[] storage_inc=[] admit_seed_ns=0 end_block_ns=0 opt_path_tax_ns=0 ungated_occ=0 pick_gate=0 skip_gate=0 ungated_occ_while_gated=0 yield_ns=0 gate_stall_ns=0 busy_ns=0 sf_picks=0 occ_picks=821 vis_opt/wait/tip=0/0/0 resolve_c/rebind/rewind/ord/full=0/0/0/0/0 rset_w=0.00
  v3 occ[0] wait_once=0 wait_suppressed=0 never_wait=0 prefix_resume=0 journal_ff_hits=0 resolve_rewind=0
  PHASE occ[0] exec_n=211 ok=186 block=25 exec_ns=5039281 pre_ns=296059 interp_ns=968934 post_ns=3774288 finish_n=186 finish_ns=96959 val_n=630 val_ns=428408 pick_n=821 pick_ns=1123796
  SPLIT occ[0] opcode_ns=0 vmdb_ns=0 detect_ns=0 other_ns=0 vmdb_n=0 detect_n=0 split_n=0
  busy_stall occ[0] workers=8 spans=1107 bucket_sum_ms=6.733 -> /workspace/crates/pevm/../../results/soft0-busy-stall-dig/3356896-occ-iter0.json
  specfence[0] ok wall_ms=3.071 tps=57318 occ_aborts=20 inc>0=12 reexec=20 refuse_admit=2 wait_for_dependency=0 soft_wait_arms=0 idle_ns=0 ready_width=0.00 ordered_admit=3 optimistic_read=0 edge_oa=7 edge_or=212 refuse_ns=1886189 reexec_ns=1237450 ordered_ns=1886189 prepaid_ns=1886189 abort_cf_ns=1237450 prior_decay=0 opt_maj=true ev_keep=4 ev_demote=1 commute=77 batch=0 d1_prom=21 d1_ign=77 taxed_begin=0 edge_4_31=false unfenced_reexec=12 double_charge=0 sys_reexec=0 covering=1 cover_window=0 learn=Win_1 win_w=1 w_cap=2 seg_len=0 uniq_w/s=1/0 expl_bud=0 win1/2/3/seg/full/defer=1/0/0/0/1/0 arms=dff71d59d972d654:Win_1/17,85763a8ba0c164c9:Full/2 switch=0 explore=0 win2_dev=1 c_opt/w1/w2/w3/def=25000/943094/12000/12000/25000 main_inc=[66, 67, 70, 93, 96, 103, 131, 132, 138, 141, 166, 171] storage_inc=[] admit_seed_ns=0 end_block_ns=64453 opt_path_tax_ns=1950642 ungated_occ=193 pick_gate=9 skip_gate=4 ungated_occ_while_gated=187 yield_ns=0 gate_stall_ns=1886189 busy_ns=13751619 sf_picks=252 occ_picks=0 vis_opt/wait/tip=204/3/7 resolve_c/rebind/rewind/ord/full=188/0/0/0/20 rset_w=64.38
  v3 specfence[0] wait_once=0 wait_suppressed=0 never_wait=0 prefix_resume=7 journal_ff_hits=21 resolve_rewind=0
  PHASE specfence[0] exec_n=299 ok=196 block=103 exec_ns=12233697 pre_ns=480696 interp_ns=10005204 post_ns=1747797 finish_n=196 finish_ns=191532 val_n=208 val_ns=841208 pick_n=252 pick_ns=247673
  SPLIT specfence[0] opcode_ns=0 vmdb_ns=0 detect_ns=0 other_ns=0 vmdb_n=0 detect_n=0 split_n=0
  focus specfence[0] full=20 full_from_0=13 prefix=7 fail_k_n=7 fail_k_min=5 fail_k_max=6 hist=5:3,6:4 chain=dff71d59d972d654 chain_n=16 head_tx=31 head_ms=0.566 tail_tx=171 tail_ms=0.909 span_ms=0.344 corr=0.710 low_q_ms=0.419 high_q_ms=1.603 explore=0 began_prior=0 detect_a=71 avoid_b=44 resolve_c=20 early_tip=18 est_block=0 raw_ab=0 raw_c=0 war_ab=14 war_c=0 waw_ab=31 waw_c=20 chain_ab=0 chain_c=0 protect=1 pbo=34 replay_after=19
  spine specfence[0] access=631 yield_ok=19 yield_deadlock=103 raw=122 waw=42 war=307 armed=5 pins=97 revoked=0 radar=1 defer=0 handoff=0 retain=6 tip_already=0 chain=0 est_block=0 soft=0 occ_picks=0 spine_cores_max=0 spine_cores_end=0 handoff_claims=0 claim_denied=0 exact_wakes=2 idle_parks=2 help=10 steal=73 idle_spins=38 local_pops=119 steal_top_ns=32739 end_block_ns=64453 wake_miss=41 admit_seed_ns=63414 join_wait_ns=2538591 join_mark_origin_ns=252000 idle_ns=2244033 heal_ns=898916 post_exec_validate_ns=894863 post_exec_in_span_ns=0 span_head=18446744073709551615 span_tail=18446744073709551615 span_end_ns=0 last_exec_ns=2555065 last_val_ns=2556382 quiet_true_ns=0 last_exit_ns=2648583 ps_exec_ns=0 ps_val_ns=0 ps_heal_ns=0 ps_yield_ns=0 ps_park_ns=0 ps_steal_ns=0 ps_exec_n=0 ps_idle_n=0 se_unstarted=0 se_unfinished=0 se_owed=0 se_running=0 se_pending=0 se_indep=0 se_bits=0 qf_or=0 first_cut=277
  cutprobe specfence[0] cut_exec_ns=11146956 cut_exec_n=277 cut_detect_ns=8418851 cut_skip_ns=76606 cut_mv_ns=160408 cut_code_ns=0 cut_finish_ns=170583 cut_keep_n=117 cut_skip_n=702 other_exec_ns=1323165 other_exec_n=22
  busy_stall specfence[0] workers=8 spans=962 bucket_sum_ms=15.619 -> /workspace/crates/pevm/../../results/soft0-busy-stall-dig/3356896-specfence-iter0.json
  occ[1] ok wall_ms=1.339 tps=131455 occ_aborts=14 inc>0=0 reexec=0 refuse_admit=0 wait_for_dependency=0 soft_wait_arms=0 idle_ns=0 ready_width=0.00 ordered_admit=0 optimistic_read=0 edge_oa=0 edge_or=0 refuse_ns=0 reexec_ns=0 ordered_ns=0 prepaid_ns=0 abort_cf_ns=0 prior_decay=0 opt_maj=false ev_keep=0 ev_demote=0 commute=0 batch=0 d1_prom=0 d1_ign=0 taxed_begin=0 edge_4_31=false unfenced_reexec=0 double_charge=0 sys_reexec=0 covering=0 cover_window=0 learn= win_w=0 w_cap=0 seg_len=0 uniq_w/s=0/0 expl_bud=0 win1/2/3/seg/full/defer=0/0/0/0/0/0 arms= switch=0 explore=0 win2_dev=0 c_opt/w1/w2/w3/def=0/0/0/0/0 main_inc=[] storage_inc=[] admit_seed_ns=0 end_block_ns=0 opt_path_tax_ns=0 ungated_occ=0 pick_gate=0 skip_gate=0 ungated_occ_while_gated=0 yield_ns=0 gate_stall_ns=0 busy_ns=0 sf_picks=0 occ_picks=659 vis_opt/wait/tip=0/0/0 resolve_c/rebind/rewind/ord/full=0/0/0/0/0 rset_w=0.00
  v3 occ[1] wait_once=0 wait_suppressed=0 never_wait=0 prefix_resume=0 journal_ff_hits=0 resolve_rewind=0
  PHASE occ[1] exec_n=216 ok=190 block=26 exec_ns=3034767 pre_ns=693101 interp_ns=909802 post_ns=1431864 finish_n=190 finish_ns=103054 val_n=464 val_ns=288096 pick_n=659 pick_ns=1004699
  SPLIT occ[1] opcode_ns=0 vmdb_ns=0 detect_ns=0 other_ns=0 vmdb_n=0 detect_n=0 split_n=0
  busy_stall occ[1] workers=8 spans=910 bucket_sum_ms=4.479 -> /workspace/crates/pevm/../../results/soft0-busy-stall-dig/3356896-occ-iter1.json
  specfence[1] ok wall_ms=1.949 tps=90293 occ_aborts=0 inc>0=1 reexec=1 refuse_admit=0 wait_for_dependency=0 soft_wait_arms=0 idle_ns=0 ready_width=0.00 ordered_admit=4 optimistic_read=0 edge_oa=8 edge_or=8 refuse_ns=1142042 reexec_ns=30232 ordered_ns=1142042 prepaid_ns=1142042 abort_cf_ns=30232 prior_decay=0 opt_maj=true ev_keep=6 ev_demote=0 commute=77 batch=0 d1_prom=1 d1_ign=77 taxed_begin=0 edge_4_31=true unfenced_reexec=0 double_charge=0 sys_reexec=0 covering=0 cover_window=0 learn=Opt win_w=0 w_cap=2 seg_len=0 uniq_w/s=1/0 expl_bud=0 win1/2/3/seg/full/defer=1/0/0/0/1/0 arms=dff71d59d972d654:Opt/22,3ba7e47b77be411:Full/2,85763a8ba0c164c9:Win_1/2 switch=2 explore=0 win2_dev=0 c_opt/w1/w2/w3/def=951860/943094/951860/951860/25000 main_inc=[] storage_inc=[17] admit_seed_ns=0 end_block_ns=87624 opt_path_tax_ns=1229666 ungated_occ=175 pick_gate=2 skip_gate=3 ungated_occ_while_gated=173 yield_ns=0 gate_stall_ns=1142042 busy_ns=7590963 sf_picks=195 occ_picks=0 vis_opt/wait/tip=175/0/2 resolve_c/rebind/rewind/ord/full=176/0/0/0/0 rset_w=77.66
  v3 specfence[1] wait_once=0 wait_suppressed=0 never_wait=0 prefix_resume=0 journal_ff_hits=0 resolve_rewind=0
  PHASE specfence[1] exec_n=177 ok=176 block=1 exec_ns=6587217 pre_ns=544181 interp_ns=701684 post_ns=5341352 finish_n=176 finish_ns=270926 val_n=176 val_ns=272952 pick_n=195 pick_ns=194293
  SPLIT specfence[1] opcode_ns=0 vmdb_ns=0 detect_ns=0 other_ns=0 vmdb_n=0 detect_n=0 split_n=0
  focus specfence[1] full=0 full_from_0=0 prefix=0 fail_k_n=0 fail_k_min=0 fail_k_max=0 hist=- chain=dff71d59d972d654 chain_n=17 head_tx=4 head_ms=0.410 tail_tx=171 tail_ms=1.122 span_ms=0.712 corr=0.201 low_q_ms=0.663 high_q_ms=1.126 explore=0 began_prior=1 detect_a=6 avoid_b=5 resolve_c=0 early_tip=0 est_block=0 raw_ab=0 raw_c=0 war_ab=0 war_c=0 waw_ab=5 waw_c=0 chain_ab=0 chain_c=0 protect=0 pbo=0 replay_after=0
  spine specfence[1] access=140 yield_ok=0 yield_deadlock=0 raw=0 waw=22 war=107 armed=5 pins=98 revoked=1 radar=1 defer=3 handoff=16 retain=0 tip_already=0 chain=17 est_block=0 soft=0 occ_picks=0 spine_cores_max=1 spine_cores_end=0 handoff_claims=16 claim_denied=0 exact_wakes=0 idle_parks=0 help=3 steal=68 idle_spins=18 local_pops=93 steal_top_ns=21374 end_block_ns=87624 wake_miss=10 admit_seed_ns=54827 join_wait_ns=1454714 join_mark_origin_ns=245559 idle_ns=1406227 heal_ns=748546 post_exec_validate_ns=108478 post_exec_in_span_ns=215150 span_head=4 span_tail=171 span_end_ns=1122041 last_exec_ns=1527114 last_val_ns=1528997 quiet_true_ns=1535323 last_exit_ns=1601688 ps_exec_ns=1863434 ps_val_ns=71275 ps_heal_ns=748546 ps_yield_ns=595948 ps_park_ns=0 ps_steal_ns=32443 ps_exec_n=40 ps_idle_n=18 se_unstarted=37 se_unfinished=43 se_owed=0 se_running=7 se_pending=37 se_indep=37 se_bits=497 qf_or=987 first_cut=157
  cutprobe specfence[1] cut_exec_ns=6131390 cut_exec_n=157 cut_detect_ns=0 cut_skip_ns=17804 cut_mv_ns=77646 cut_code_ns=0 cut_finish_ns=231148 cut_keep_n=0 cut_skip_n=336 other_exec_ns=766179 other_exec_n=20
  busy_stall specfence[1] workers=8 spans=719 bucket_sum_ms=8.684 -> /workspace/crates/pevm/../../results/soft0-busy-stall-dig/3356896-specfence-iter1.json
  occ[2] ok wall_ms=1.227 tps=143455 occ_aborts=19 inc>0=0 reexec=0 refuse_admit=0 wait_for_dependency=0 soft_wait_arms=0 idle_ns=0 ready_width=0.00 ordered_admit=0 optimistic_read=0 edge_oa=0 edge_or=0 refuse_ns=0 reexec_ns=0 ordered_ns=0 prepaid_ns=0 abort_cf_ns=0 prior_decay=0 opt_maj=false ev_keep=0 ev_demote=0 commute=0 batch=0 d1_prom=0 d1_ign=0 taxed_begin=0 edge_4_31=false unfenced_reexec=0 double_charge=0 sys_reexec=0 covering=0 cover_window=0 learn= win_w=0 w_cap=0 seg_len=0 uniq_w/s=0/0 expl_bud=0 win1/2/3/seg/full/defer=0/0/0/0/0/0 arms= switch=0 explore=0 win2_dev=0 c_opt/w1/w2/w3/def=0/0/0/0/0 main_inc=[] storage_inc=[] admit_seed_ns=0 end_block_ns=0 opt_path_tax_ns=0 ungated_occ=0 pick_gate=0 skip_gate=0 ungated_occ_while_gated=0 yield_ns=0 gate_stall_ns=0 busy_ns=0 sf_picks=0 occ_picks=657 vis_opt/wait/tip=0/0/0 resolve_c/rebind/rewind/ord/full=0/0/0/0/0 rset_w=0.00
  v3 occ[2] wait_once=0 wait_suppressed=0 never_wait=0 prefix_resume=0 journal_ff_hits=0 resolve_rewind=0
  PHASE occ[2] exec_n=226 ok=195 block=31 exec_ns=2698400 pre_ns=187865 interp_ns=988512 post_ns=1522023 finish_n=195 finish_ns=111677 val_n=466 val_ns=607647 pick_n=657 pick_ns=1273920
  SPLIT occ[2] opcode_ns=0 vmdb_ns=0 detect_ns=0 other_ns=0 vmdb_n=0 detect_n=0 split_n=0
  busy_stall occ[2] workers=8 spans=936 bucket_sum_ms=4.742 -> /workspace/crates/pevm/../../results/soft0-busy-stall-dig/3356896-occ-iter2.json
  specfence[2] ok wall_ms=1.679 tps=104814 occ_aborts=1 inc>0=1 reexec=1 refuse_admit=0 wait_for_dependency=0 soft_wait_arms=0 idle_ns=0 ready_width=0.00 ordered_admit=1 optimistic_read=0 edge_oa=6 edge_or=8 refuse_ns=939407 reexec_ns=25323 ordered_ns=939407 prepaid_ns=939407 abort_cf_ns=25323 prior_decay=0 opt_maj=true ev_keep=2 ev_demote=0 commute=77 batch=0 d1_prom=1 d1_ign=77 taxed_begin=0 edge_4_31=true unfenced_reexec=1 double_charge=0 sys_reexec=0 covering=0 cover_window=0 learn=Opt win_w=0 w_cap=2 seg_len=0 uniq_w/s=1/0 expl_bud=0 win1/2/3/seg/full/defer=1/0/0/0/1/0 arms=dff71d59d972d654:Opt/22,3ba7e47b77be411:Win_1/2,4389dafc98f2db37:Full/2,85763a8ba0c164c9:Opt/2 switch=3 explore=0 win2_dev=0 c_opt/w1/w2/w3/def=772608/943094/772608/772608/25000 main_inc=[] storage_inc=[] admit_seed_ns=0 end_block_ns=93368 opt_path_tax_ns=1032775 ungated_occ=176 pick_gate=1 skip_gate=1 ungated_occ_while_gated=171 yield_ns=0 gate_stall_ns=939407 busy_ns=4714064 sf_picks=192 occ_picks=0 vis_opt/wait/tip=177/0/1 resolve_c/rebind/rewind/ord/full=177/0/0/0/1 rset_w=81.49
  v3 specfence[2] wait_once=0 wait_suppressed=0 never_wait=0 prefix_resume=0 journal_ff_hits=0 resolve_rewind=0
  PHASE specfence[2] exec_n=177 ok=177 block=0 exec_ns=3416161 pre_ns=1041066 interp_ns=549617 post_ns=1825478 finish_n=177 finish_ns=254310 val_n=178 val_ns=579305 pick_n=192 pick_ns=205450
  SPLIT specfence[2] opcode_ns=0 vmdb_ns=0 detect_ns=0 other_ns=0 vmdb_n=0 detect_n=0 split_n=0
  focus specfence[2] full=1 full_from_0=1 prefix=0 fail_k_n=0 fail_k_min=0 fail_k_max=0 hist=- chain=dff71d59d972d654 chain_n=17 head_tx=4 head_ms=0.359 tail_tx=171 tail_ms=1.172 span_ms=0.813 corr=0.743 low_q_ms=0.417 high_q_ms=1.020 explore=0 began_prior=1 detect_a=7 avoid_b=7 resolve_c=1 early_tip=0 est_block=0 raw_ab=0 raw_c=0 war_ab=1 war_c=0 waw_ab=6 waw_c=1 chain_ab=0 chain_c=0 protect=1 pbo=1 replay_after=0
  spine specfence[2] access=145 yield_ok=0 yield_deadlock=0 raw=0 waw=23 war=106 armed=5 pins=97 revoked=1 radar=1 defer=11 handoff=16 retain=0 tip_already=0 chain=17 est_block=0 soft=0 occ_picks=0 spine_cores_max=1 spine_cores_end=0 handoff_claims=16 claim_denied=1 exact_wakes=1 idle_parks=1 help=1 steal=55 idle_spins=14 local_pops=118 steal_top_ns=20412 end_block_ns=93368 wake_miss=15 admit_seed_ns=54348 join_wait_ns=1178667 join_mark_origin_ns=237788 idle_ns=846283 heal_ns=549723 post_exec_validate_ns=11597 post_exec_in_span_ns=621287 span_head=4 span_tail=171 span_end_ns=1172110 last_exec_ns=1232825 last_val_ns=1234475 quiet_true_ns=1241542 last_exit_ns=1314121 ps_exec_ns=129286 ps_val_ns=3785 ps_heal_ns=443135 ps_yield_ns=231035 ps_park_ns=0 ps_steal_ns=8339 ps_exec_n=1 ps_idle_n=4 se_unstarted=0 se_unfinished=3 se_owed=0 se_running=3 se_pending=0 se_indep=0 se_bits=305 qf_or=304 first_cut=158
  cutprobe specfence[2] cut_exec_ns=2847580 cut_exec_n=158 cut_detect_ns=0 cut_skip_ns=18466 cut_mv_ns=70239 cut_code_ns=0 cut_finish_ns=231769 cut_keep_n=0 cut_skip_n=349 other_exec_ns=859857 other_exec_n=19
  busy_stall specfence[2] workers=8 spans=715 bucket_sum_ms=5.252 -> /workspace/crates/pevm/../../results/soft0-busy-stall-dig/3356896-specfence-iter2.json
  occ median_wall_ms=1.339 last occ_aborts=19
  specfence all_median_ms=1.949 cold_ms=3.071 reuse_median_ms=1.949 last refuse_admit=0 inc>0=1 reexec=1 wait_for_dependency=0 occ_aborts=1 soft_wait_arms=0 idle_ns=0 ready_width=0.00 edge_oa=6 edge_or=8 opt_maj=true commute=77 batch=0 admit_seed_ns=0 unfenced=1 ordered_admit=1
  learn e1=177 e2=1 e3=0 e4=0 e5=1 e6=0 mid_promote=0 mid_promote_veto=1 prior_plant=0 began_from_prior=true steal=55 refuse_fill=0 resolve_apply=178 explore_n=0
summary Soft=0 occ_median_ms=1.339 sf_cold_ms=3.071 sf_reuse_median_ms=1.949 primary_sf_ms=1.949 primary=reuse sf_le_occ=false
TPS_SUMMARY block=3356896 n=176 cores=8 iters=3 occ_tps=131454.5 sf_tps=90292.9 ratio=0.687 ge_1_5=false occ_ms=1.339 sf_ms=1.949 est_block=0 soft=0 occ_picks=0 access=145 yield_ok=0 yield_deadlock=0 raw=0 waw=23 war=106 armed=5 pins=97 revoked=1 radar=1 defer=11 handoff=16 retain=0 tip_already=0 chain=17 spine_cores_max=1 spine_cores_end=0 handoff_claims=16 claim_denied=1 exact_wakes=1 idle_parks=1 help=1 steal=55 idle_spins=14 local_pops=118 steal_top_ns=20412 end_block_ns=93368 wake_miss=15 admit_seed_ns=54348 join_wait_ns=1178667 join_mark_origin_ns=237788 idle_ns=846283 heal_ns=549723 post_exec_validate_ns=11597 post_exec_in_span_ns=621287 span_head=4 span_tail=171 first_cut=158
seq=par ok block=3356896
{
  "rows": [
    {
      "mode": "occ",
      "i": 0,
      "wall_ms": 2.3624,
      "occ_aborts": 10,
      "refuse_admit": 0,
      "wait_for_dependency": 0,
      "wait_for_full_abort": 0,
      "soft_wait_arms": 0,
      "incarnation_gt0": 0,
      "reexec_entries": 0,
      "unfenced_reexec": 0,
      "ready_width_mean": 0.0,
      "idle_core_ns": 0,
      "ordered_admit_cohorts": 0,
      "optimistic_read_cohorts": 0,
      "edge_ordered_admit": 0,
      "edge_optimistic_read": 0,
      "refuse_ns": 0,
      "reexec_ns": 0,
      "optimistic_majority_block": false,
      "cost_ev_keep_ordered": 0,
      "cost_ev_demote_optimistic": 0,
      "commute_skip": 0,
      "batch_repair": 0,
      "conflict_promote": 0,
      "conflict_ignore": 0,
      "prepaid_ns": 0,
      "abort_cf_ns": 0,
      "prior_decay": 0,
      "admit_seed_begin_ns": 0,
      "end_block_ns": 0,
      "optimistic_path_tax_ns": 0,
      "ordered_ns": 0,
      "chosen_strategy": "",
      "chosen_win_w": 0,
      "chosen_w_cap": 0,
      "chosen_seg_len": 0,
      "unique_win_w": 0,
      "unique_seg_len": 0,
      "explore_budget": 0,
      "ungated_occ_n": 0,
      "pick_gate_n": 0,
      "skip_gate_n": 0,
      "ungated_occ_while_gated": 0,
      "yield_ns": 0,
      "gate_stall_ns": 0,
      "worker_busy_ns": 0,
      "win1_locs": 0,
      "win2_locs": 0,
      "win3_locs": 0,
      "seg_locs": 0,
      "full_locs": 0,
      "defer_locs": 0,
      "arm_switch_n": 0,
      "explore_n": 0,
      "win2_deviate_n": 0,
      "bandit_c_opt": 0.0,
      "bandit_c_win1": 0.0,
      "bandit_c_win2": 0.0,
      "bandit_c_win3": 0.0,
      "bandit_c_defer": 0.0,
      "selected_arms": "",
      "detect_resolve_double_charge_n": 0,
      "sys_reexec_n": 0,
      "covering_n": 0,
      "chosen_cover_window": 0,
      "sf_schedule_picks": 0,
      "occ_schedule_picks": 821,
      "visibility_opt": 0,
      "visibility_wait_released": 0,
      "visibility_ordered_tip": 0,
      "resolve_commit": 0,
      "resolve_partial_rebind": 0,
      "resolve_partial_rewind": 0,
      "resolve_ordered_replay": 0,
      "resolve_full_replay": 0,
      "runnable_set_width_mean": 0.0,
      "steal_n": 0,
      "refuse_fill_n": 0,
      "idle_core_frac": 0.0,
      "resolve_apply_n": 0,
      "mid_promote_n": 0,
      "mid_promote_veto_n": 0,
      "learn_e1_n": 0,
      "learn_e2_n": 0,
      "learn_e3_n": 0,
      "learn_e4_n": 0,
      "learn_e5_n": 0,
      "learn_e6_n": 0,
      "prior_plant_n": 0,
      "began_from_prior": false,
      "begin_blocked": [],
      "taxed_indep_blocked": [],
      "main_inc_gt0": [],
      "storage_inc_gt0": [],
      "off_edge_inc_gt0": [],
      "edge_4_31": false,
      "ordered_defer": 0,
      "ordered_handoff": 0,
      "retain_keeps": 0,
      "tip_already": 0,
      "chain_len": 0,
      "estimate_block_sf": 0,
      "spine_access": 0,
      "spine_yield_ok": 0,
      "spine_yield_deadlock": 0,
      "spine_raw": 0,
      "spine_waw": 0,
      "spine_war": 0,
      "spine_armed": 0,
      "spine_pins": 0,
      "spine_revoked": 0,
      "spine_radar": 0
    },
    {
      "mode": "specfence",
      "i": 0,
      "wall_ms": 3.0705620000000002,
      "occ_aborts": 20,
      "refuse_admit": 2,
      "wait_for_dependency": 0,
      "wait_for_full_abort": 0,
      "soft_wait_arms": 0,
      "incarnation_gt0": 12,
      "reexec_entries": 20,
      "unfenced_reexec": 12,
      "ready_width_mean": 0.0,
      "idle_core_ns": 0,
      "ordered_admit_cohorts": 3,
      "optimistic_read_cohorts": 0,
      "edge_ordered_admit": 7,
      "edge_optimistic_read": 212,
      "refuse_ns": 1886189,
      "reexec_ns": 1237450,
      "optimistic_majority_block": true,
      "cost_ev_keep_ordered": 4,
      "cost_ev_demote_optimistic": 1,
      "commute_skip": 77,
      "batch_repair": 0,
      "conflict_promote": 21,
      "conflict_ignore": 77,
      "prepaid_ns": 1886189,
      "abort_cf_ns": 1237450,
      "prior_decay": 0,
      "admit_seed_begin_ns": 0,
      "end_block_ns": 64453,
      "optimistic_path_tax_ns": 1950642,
      "ordered_ns": 1886189,
      "chosen_strategy": "Win_1",
      "chosen_win_w": 1,
      "chosen_w_cap": 2,
      "chosen_seg_len": 0,
      "unique_win_w": 1,
      "unique_seg_len": 0,
      "explore_budget": 0,
      "ungated_occ_n": 193,
      "pick_gate_n": 9,
      "skip_gate_n": 4,
      "ungated_occ_while_gated": 187,
      "yield_ns": 0,
      "gate_stall_ns": 1886189,
      "worker_busy_ns": 13751619,
      "win1_locs": 1,
      "win2_locs": 0,
      "win3_locs": 0,
      "seg_locs": 0,
      "full_locs": 1,
      "defer_locs": 0,
      "arm_switch_n": 0,
      "explore_n": 0,
      "win2_deviate_n": 1,
      "bandit_c_opt": 25000.0,
      "bandit_c_win1": 943094.0,
      "bandit_c_win2": 12000.0,
      "bandit_c_win3": 12000.0,
      "bandit_c_defer": 25000.0,
      "selected_arms": "dff71d59d972d654:Win_1/17,85763a8ba0c164c9:Full/2",
      "detect_resolve_double_charge_n": 0,
      "sys_reexec_n": 0,
      "covering_n": 1,
      "chosen_cover_window": 0,
      "sf_schedule_picks": 252,
      "occ_schedule_picks": 0,
      "visibility_opt": 204,
      "visibility_wait_released": 3,
      "visibility_ordered_tip": 7,
      "resolve_commit": 188,
      "resolve_partial_rebind": 0,
      "resolve_partial_rewind": 0,
      "resolve_ordered_replay": 0,
      "resolve_full_replay": 20,
      "runnable_set_width_mean": 64.37698412698413,
      "steal_n": 73,
      "refuse_fill_n": 4,
      "idle_core_frac": 0.0,
      "resolve_apply_n": 208,
      "mid_promote_n": 0,
      "mid_promote_veto_n": 20,
      "learn_e1_n": 188,
      "learn_e2_n": 20,
      "learn_e3_n": 0,
      "learn_e4_n": 0,
      "learn_e5_n": 20,
      "learn_e6_n": 0,
      "prior_plant_n": 0,
      "began_from_prior": false,
      "begin_blocked": [
        16,
        17
      ],
      "taxed_indep_blocked": [],
      "main_inc_gt0": [
        66,
        67,
        70,
        93,
        96,
        103,
        131,
        132,
        138,
        141,
        166,
        171
      ],
      "storage_inc_gt0": [],
      "off_edge_inc_gt0": [],
      "edge_4_31": false,
      "ordered_defer": 0,
      "ordered_handoff": 0,
      "retain_keeps": 6,
      "tip_already": 0,
      "chain_len": 0,
      "estimate_block_sf": 0,
      "spine_access": 631,
      "spine_yield_ok": 19,
      "spine_yield_deadlock": 103,
      "spine_raw": 122,
      "spine_waw": 42,
      "spine_war": 307,
      "spine_armed": 5,
      "spine_pins": 97,
      "spine_revoked": 0,
      "spine_radar": 1
    },
    {
      "mode": "occ",
      "i": 1,
      "wall_ms": 1.338866,
      "occ_aborts": 14,
      "refuse_admit": 0,
      "wait_for_dependency": 0,
      "wait_for_full_abort": 0,
      "soft_wait_arms": 0,
      "incarnation_gt0": 0,
      "reexec_entries": 0,
      "unfenced_reexec": 0,
      "ready_width_mean": 0.0,
      "idle_core_ns": 0,
      "ordered_admit_cohorts": 0,
      "optimistic_read_cohorts": 0,
      "edge_ordered_admit": 0,
      "edge_optimistic_read": 0,
      "refuse_ns": 0,
      "reexec_ns": 0,
      "optimistic_majority_block": false,
      "cost_ev_keep_ordered": 0,
      "cost_ev_demote_optimistic": 0,
      "commute_skip": 0,
      "batch_repair": 0,
      "conflict_promote": 0,
      "conflict_ignore": 0,
      "prepaid_ns": 0,
      "abort_cf_ns": 0,
      "prior_decay": 0,
      "admit_seed_begin_ns": 0,
      "end_block_ns": 0,
      "optimistic_path_tax_ns": 0,
      "ordered_ns": 0,
      "chosen_strategy": "",
      "chosen_win_w": 0,
      "chosen_w_cap": 0,
      "chosen_seg_len": 0,
      "unique_win_w": 0,
      "unique_seg_len": 0,
      "explore_budget": 0,
      "ungated_occ_n": 0,
      "pick_gate_n": 0,
      "skip_gate_n": 0,
      "ungated_occ_while_gated": 0,
      "yield_ns": 0,
      "gate_stall_ns": 0,
      "worker_busy_ns": 0,
      "win1_locs": 0,
      "win2_locs": 0,
      "win3_locs": 0,
      "seg_locs": 0,
      "full_locs": 0,
      "defer_locs": 0,
      "arm_switch_n": 0,
      "explore_n": 0,
      "win2_deviate_n": 0,
      "bandit_c_opt": 0.0,
      "bandit_c_win1": 0.0,
      "bandit_c_win2": 0.0,
      "bandit_c_win3": 0.0,
      "bandit_c_defer": 0.0,
      "selected_arms": "",
      "detect_resolve_double_charge_n": 0,
      "sys_reexec_n": 0,
      "covering_n": 0,
      "chosen_cover_window": 0,
      "sf_schedule_picks": 0,
      "occ_schedule_picks": 659,
      "visibility_opt": 0,
      "visibility_wait_released": 0,
      "visibility_ordered_tip": 0,
      "resolve_commit": 0,
      "resolve_partial_rebind": 0,
      "resolve_partial_rewind": 0,
      "resolve_ordered_replay": 0,
      "resolve_full_replay": 0,
      "runnable_set_width_mean": 0.0,
      "steal_n": 0,
      "refuse_fill_n": 0,
      "idle_core_frac": 0.0,
      "resolve_apply_n": 0,
      "mid_promote_n": 0,
      "mid_promote_veto_n": 0,
      "learn_e1_n": 0,
      "learn_e2_n": 0,
      "learn_e3_n": 0,
      "learn_e4_n": 0,
      "learn_e5_n": 0,
      "learn_e6_n": 0,
      "prior_plant_n": 0,
      "began_from_prior": false,
      "begin_blocked": [],
      "taxed_indep_blocked": [],
      "main_inc_gt0": [],
      "storage_inc_gt0": [],
      "off_edge_inc_gt0": [],
      "edge_4_31": false,
      "ordered_defer": 0,
      "ordered_handoff": 0,
      "retain_keeps": 0,
      "tip_already": 0,
      "chain_len": 0,
      "estimate_block_sf": 0,
      "spine_access": 0,
      "spine_yield_ok": 0,
      "spine_yield_deadlock": 0,
      "spine_raw": 0,
      "spine_waw": 0,
      "spine_war": 0,
      "spine_armed": 0,
      "spine_pins": 0,
      "spine_revoked": 0,
      "spine_radar": 0
    },
    {
      "mode": "specfence",
      "i": 1,
      "wall_ms": 1.949213,
      "occ_aborts": 0,
      "refuse_admit": 0,
      "wait_for_dependency": 0,
      "wait_for_full_abort": 0,
      "soft_wait_arms": 0,
      "incarnation_gt0": 1,
      "reexec_entries": 1,
      "unfenced_reexec": 0,
      "ready_width_mean": 0.0,
      "idle_core_ns": 0,
      "ordered_admit_cohorts": 4,
      "optimistic_read_cohorts": 0,
      "edge_ordered_admit": 8,
      "edge_optimistic_read": 8,
      "refuse_ns": 1142042,
      "reexec_ns": 30232,
      "optimistic_majority_block": true,
      "cost_ev_keep_ordered": 6,
      "cost_ev_demote_optimistic": 0,
      "commute_skip": 77,
      "batch_repair": 0,
      "conflict_promote": 1,
      "conflict_ignore": 77,
      "prepaid_ns": 1142042,
      "abort_cf_ns": 30232,
      "prior_decay": 0,
      "admit_seed_begin_ns": 0,
      "end_block_ns": 87624,
      "optimistic_path_tax_ns": 1229666,
      "ordered_ns": 1142042,
      "chosen_strategy": "Opt",
      "chosen_win_w": 0,
      "chosen_w_cap": 2,
      "chosen_seg_len": 0,
      "unique_win_w": 1,
      "unique_seg_len": 0,
      "explore_budget": 0,
      "ungated_occ_n": 175,
      "pick_gate_n": 2,
      "skip_gate_n": 3,
      "ungated_occ_while_gated": 173,
      "yield_ns": 0,
      "gate_stall_ns": 1142042,
      "worker_busy_ns": 7590963,
      "win1_locs": 1,
      "win2_locs": 0,
      "win3_locs": 0,
      "seg_locs": 0,
      "full_locs": 1,
      "defer_locs": 0,
      "arm_switch_n": 2,
      "explore_n": 0,
      "win2_deviate_n": 0,
      "bandit_c_opt": 951860.0000000001,
      "bandit_c_win1": 943094.0,
      "bandit_c_win2": 951860.0000000001,
      "bandit_c_win3": 951860.0000000001,
      "bandit_c_defer": 25000.0,
      "selected_arms": "dff71d59d972d654:Opt/22,3ba7e47b77be411:Full/2,85763a8ba0c164c9:Win_1/2",
      "detect_resolve_double_charge_n": 0,
      "sys_reexec_n": 0,
      "covering_n": 0,
      "chosen_cover_window": 0,
      "sf_schedule_picks": 195,
      "occ_schedule_picks": 0,
      "visibility_opt": 175,
      "visibility_wait_released": 0,
      "visibility_ordered_tip": 2,
      "resolve_commit": 176,
      "resolve_partial_rebind": 0,
      "resolve_partial_rewind": 0,
      "resolve_ordered_replay": 0,
      "resolve_full_replay": 0,
      "runnable_set_width_mean": 77.66153846153846,
      "steal_n": 68,
      "refuse_fill_n": 0,
      "idle_core_frac": 0.0,
      "resolve_apply_n": 176,
      "mid_promote_n": 0,
      "mid_promote_veto_n": 0,
      "learn_e1_n": 176,
      "learn_e2_n": 0,
      "learn_e3_n": 0,
      "learn_e4_n": 0,
      "learn_e5_n": 0,
      "learn_e6_n": 0,
      "prior_plant_n": 0,
      "began_from_prior": true,
      "begin_blocked": [
        16,
        19,
        20,
        67,
        103,
        141,
        166,
        171
      ],
      "taxed_indep_blocked": [],
      "main_inc_gt0": [],
      "storage_inc_gt0": [
        17
      ],
      "off_edge_inc_gt0": [],
      "edge_4_31": true,
      "ordered_defer": 3,
      "ordered_handoff": 16,
      "retain_keeps": 0,
      "tip_already": 0,
      "chain_len": 17,
      "estimate_block_sf": 0,
      "spine_access": 140,
      "spine_yield_ok": 0,
      "spine_yield_deadlock": 0,
      "spine_raw": 0,
      "spine_waw": 22,
      "spine_war": 107,
      "spine_armed": 5,
      "spine_pins": 98,
      "spine_revoked": 1,
      "spine_radar": 1
    },
    {
      "mode": "occ",
      "i": 2,
      "wall_ms": 1.226862,
      "occ_aborts": 19,
      "refuse_admit": 0,
      "wait_for_dependency": 0,
      "wait_for_full_abort": 0,
      "soft_wait_arms": 0,
      "incarnation_gt0": 0,
      "reexec_entries": 0,
      "unfenced_reexec": 0,
      "ready_width_mean": 0.0,
      "idle_core_ns": 0,
      "ordered_admit_cohorts": 0,
      "optimistic_read_cohorts": 0,
      "edge_ordered_admit": 0,
      "edge_optimistic_read": 0,
      "refuse_ns": 0,
      "reexec_ns": 0,
      "optimistic_majority_block": false,
      "cost_ev_keep_ordered": 0,
      "cost_ev_demote_optimistic": 0,
      "commute_skip": 0,
      "batch_repair": 0,
      "conflict_promote": 0,
      "conflict_ignore": 0,
      "prepaid_ns": 0,
      "abort_cf_ns": 0,
      "prior_decay": 0,
      "admit_seed_begin_ns": 0,
      "end_block_ns": 0,
      "optimistic_path_tax_ns": 0,
      "ordered_ns": 0,
      "chosen_strategy": "",
      "chosen_win_w": 0,
      "chosen_w_cap": 0,
      "chosen_seg_len": 0,
      "unique_win_w": 0,
      "unique_seg_len": 0,
      "explore_budget": 0,
      "ungated_occ_n": 0,
      "pick_gate_n": 0,
      "skip_gate_n": 0,
      "ungated_occ_while_gated": 0,
      "yield_ns": 0,
      "gate_stall_ns": 0,
      "worker_busy_ns": 0,
      "win1_locs": 0,
      "win2_locs": 0,
      "win3_locs": 0,
      "seg_locs": 0,
      "full_locs": 0,
      "defer_locs": 0,
      "arm_switch_n": 0,
      "explore_n": 0,
      "win2_deviate_n": 0,
      "bandit_c_opt": 0.0,
      "bandit_c_win1": 0.0,
      "bandit_c_win2": 0.0,
      "bandit_c_win3": 0.0,
      "bandit_c_defer": 0.0,
      "selected_arms": "",
      "detect_resolve_double_charge_n": 0,
      "sys_reexec_n": 0,
      "covering_n": 0,
      "chosen_cover_window": 0,
      "sf_schedule_picks": 0,
      "occ_schedule_picks": 657,
      "visibility_opt": 0,
      "visibility_wait_released": 0,
      "visibility_ordered_tip": 0,
      "resolve_commit": 0,
      "resolve_partial_rebind": 0,
      "resolve_partial_rewind": 0,
      "resolve_ordered_replay": 0,
      "resolve_full_replay": 0,
      "runnable_set_width_mean": 0.0,
      "steal_n": 0,
      "refuse_fill_n": 0,
      "idle_core_frac": 0.0,
      "resolve_apply_n": 0,
      "mid_promote_n": 0,
      "mid_promote_veto_n": 0,
      "learn_e1_n": 0,
      "learn_e2_n": 0,
      "learn_e3_n": 0,
      "learn_e4_n": 0,
      "learn_e5_n": 0,
      "learn_e6_n": 0,
      "prior_plant_n": 0,
      "began_from_prior": false,
      "begin_blocked": [],
      "taxed_indep_blocked": [],
      "main_inc_gt0": [],
      "storage_inc_gt0": [],
      "off_edge_inc_gt0": [],
      "edge_4_31": false,
      "ordered_defer": 0,
      "ordered_handoff": 0,
      "retain_keeps": 0,
      "tip_already": 0,
      "chain_len": 0,
      "estimate_block_sf": 0,
      "spine_access": 0,
      "spine_yield_ok": 0,
      "spine_yield_deadlock": 0,
      "spine_raw": 0,
      "spine_waw": 0,
      "spine_war": 0,
      "spine_armed": 0,
      "spine_pins": 0,
      "spine_revoked": 0,
      "spine_radar": 0
    },
    {
      "mode": "specfence",
      "i": 2,
      "wall_ms": 1.679157,
      "occ_aborts": 1,
      "refuse_admit": 0,
      "wait_for_dependency": 0,
      "wait_for_full_abort": 0,
      "soft_wait_arms": 0,
      "incarnation_gt0": 1,
      "reexec_entries": 1,
      "unfenced_reexec": 1,
      "ready_width_mean": 0.0,
      "idle_core_ns": 0,
      "ordered_admit_cohorts": 1,
      "optimistic_read_cohorts": 0,
      "edge_ordered_admit": 6,
      "edge_optimistic_read": 8,
      "refuse_ns": 939407,
      "reexec_ns": 25323,
      "optimistic_majority_block": true,
      "cost_ev_keep_ordered": 2,
      "cost_ev_demote_optimistic": 0,
      "commute_skip": 77,
      "batch_repair": 0,
      "conflict_promote": 1,
      "conflict_ignore": 77,
      "prepaid_ns": 939407,
      "abort_cf_ns": 25323,
      "prior_decay": 0,
      "admit_seed_begin_ns": 0,
      "end_block_ns": 93368,
      "optimistic_path_tax_ns": 1032775,
      "ordered_ns": 939407,
      "chosen_strategy": "Opt",
      "chosen_win_w": 0,
      "chosen_w_cap": 2,
      "chosen_seg_len": 0,
      "unique_win_w": 1,
      "unique_seg_len": 0,
      "explore_budget": 0,
      "ungated_occ_n": 176,
      "pick_gate_n": 1,
      "skip_gate_n": 1,
      "ungated_occ_while_gated": 171,
      "yield_ns": 0,
      "gate_stall_ns": 939407,
      "worker_busy_ns": 4714064,
      "win1_locs": 1,
      "win2_locs": 0,
      "win3_locs": 0,
      "seg_locs": 0,
      "full_locs": 1,
      "defer_locs": 0,
      "arm_switch_n": 3,
      "explore_n": 0,
      "win2_deviate_n": 0,
      "bandit_c_opt": 772607.7500000001,
      "bandit_c_win1": 943094.0,
      "bandit_c_win2": 772607.7500000001,
      "bandit_c_win3": 772607.7500000001,
      "bandit_c_defer": 25000.0,
      "selected_arms": "dff71d59d972d654:Opt/22,3ba7e47b77be411:Win_1/2,4389dafc98f2db37:Full/2,85763a8ba0c164c9:Opt/2",
      "detect_resolve_double_charge_n": 0,
      "sys_reexec_n": 0,
      "covering_n": 0,
      "chosen_cover_window": 0,
      "sf_schedule_picks": 192,
      "occ_schedule_picks": 0,
      "visibility_opt": 177,
      "visibility_wait_released": 0,
      "visibility_ordered_tip": 1,
      "resolve_commit": 177,
      "resolve_partial_rebind": 0,
      "resolve_partial_rewind": 0,
      "resolve_ordered_replay": 0,
      "resolve_full_replay": 1,
      "runnable_set_width_mean": 81.49479166666667,
      "steal_n": 55,
      "refuse_fill_n": 0,
      "idle_core_frac": 0.0,
      "resolve_apply_n": 178,
      "mid_promote_n": 0,
      "mid_promote_veto_n": 1,
      "learn_e1_n": 177,
      "learn_e2_n": 1,
      "learn_e3_n": 0,
      "learn_e4_n": 0,
      "learn_e5_n": 1,
      "learn_e6_n": 0,
      "prior_plant_n": 0,
      "began_from_prior": true,
      "begin_blocked": [
        19,
        67,
        103,
        141,
        166,
        171
      ],
      "taxed_indep_blocked": [],
      "main_inc_gt0": [],
      "storage_inc_gt0": [],
      "off_edge_inc_gt0": [],
      "edge_4_31": true,
      "ordered_defer": 11,
      "ordered_handoff": 16,
      "retain_keeps": 0,
      "tip_already": 0,
      "chain_len": 17,
      "estimate_block_sf": 0,
      "spine_access": 145,
      "spine_yield_ok": 0,
      "spine_yield_deadlock": 0,
      "spine_raw": 0,
      "spine_waw": 23,
      "spine_war": 106,
      "spine_armed": 5,
      "spine_pins": 97,
      "spine_revoked": 1,
      "spine_radar": 1
    }
  ],
  "summary": {
    "occ_median_ms": 1.338866,
    "sf_cold_ms": 3.0705620000000002,
    "sf_reuse_median_ms": 1.949213,
    "sf_all_median_ms": 1.949213,
    "primary_sf_ms": 1.949213,
    "primary_is_reuse": true,
    "sf_le_occ": false,
    "soft": 0,
    "n_tx": 176,
    "cores": 8,
    "occ_tps": 131454.52943012968,
    "sf_tps": 90292.8515252053,
    "ratio": 0.6868751644894632,
    "ratio_ge_1_5": false,
    "estimate_block_sf": 0,
    "occ_schedule_picks": 0,
    "soft_wait_arms": 0,
    "spine_access": 145,
    "spine_yield_ok": 0,
    "spine_yield_deadlock": 0,
    "spine_raw": 0,
    "spine_waw": 23,
    "spine_war": 106,
    "spine_armed": 5,
    "spine_pins": 97,
    "spine_revoked": 1,
    "spine_radar": 1,
    "ordered_defer": 11,
    "ordered_handoff": 16,
    "retain_keeps": 0,
    "tip_already": 0,
    "chain_len": 17
  }
}
