   Compiling pevm v0.1.0 (/workspace/specfence/crates/pevm)
warning: unused imports: `MorphWeights` and `TopLocPrior`
  --> crates/pevm/src/specfence/mod.rs:73:51
   |
73 |     AdaptiveParams, InterBlockPrior, LiveLearner, MorphWeights, TopLocPrior,
   |                                                   ^^^^^^^^^^^^  ^^^^^^^^^^^
   |
   = note: `#[warn(unused_imports)]` (part of `#[warn(unused)]`) on by default

warning: unused import: `early_abort_candidate`
   --> crates/pevm/src/specfence/mod.rs:107:67
    |
107 | pub(crate) use resolve::{PolicyCtx, ResolveAction, choose_action, early_abort_candidate};
    |                                                                   ^^^^^^^^^^^^^^^^^^^^^

warning: unused variable: `params`
   --> crates/pevm/src/specfence/learner.rs:667:41
    |
667 |     pub(crate) fn meta_tax_ratio(&self, params: &AdaptiveParams) -> f64 {
    |                                         ^^^^^^ help: if this is intentional, prefix it with an underscore: `_params`
    |
    = note: `#[warn(unused_variables)]` (part of `#[warn(unused)]`) on by default

warning: variable does not need to be mutable
   --> crates/pevm/src/specfence/rem.rs:786:13
    |
786 |         let mut st = unsafe { self.state_mut(tx_idx) };
    |             ----^^
    |             |
    |             help: remove this `mut`
    |
    = note: `#[warn(unused_mut)]` (part of `#[warn(unused)]`) on by default

warning: methods `set_adaptive_params` and `adaptive_params` are never used
   --> crates/pevm/src/pevm.rs:215:19
    |
200 | impl Pevm {
    | --------- methods in this implementation
...
215 |     pub(crate) fn set_adaptive_params(&mut self, params: AdaptiveParams) {
    |                   ^^^^^^^^^^^^^^^^^^^
...
220 |     pub(crate) const fn adaptive_params(&self) -> &AdaptiveParams {
    |                         ^^^^^^^^^^^^^^^
    |
    = note: `#[warn(dead_code)]` (part of `#[warn(unused)]`) on by default

warning: field `tau` is never read
   --> crates/pevm/src/specfence/mod.rs:187:9
    |
180 | pub(crate) struct SpecFenceCtx<'a> {
    |                   ------------ field in this struct
...
187 |     pub tau: f64,
    |         ^^^
    |
    = note: `SpecFenceCtx` has derived impls for the traits `Debug` and `Clone`, but these are intentionally ignored during dead code analysis

warning: multiple methods are never used
   --> crates/pevm/src/specfence/bayes.rs:188:19
    |
 88 | impl BayesMap {
    | ------------- methods in this implementation
...
188 |     pub(crate) fn decide_account(&self, address: &Address, tau: f64) -> RegionMode {
    |                   ^^^^^^^^^^^^^^
...
211 |     pub(crate) fn should_wait_hard(
    |                   ^^^^^^^^^^^^^^^^
...
223 |     pub(crate) fn note_wait_decision(&self, location: MemoryLocationHash, address: Option<&Address>) {
    |                   ^^^^^^^^^^^^^^^^^^
...
227 |     pub(crate) fn note_wait_decision_account(&self, address: &Address) {
    |                   ^^^^^^^^^^^^^^^^^^^^^^^^^^
...
345 |     pub(crate) fn observe_bind_hit(&self, location: MemoryLocationHash) {
    |                   ^^^^^^^^^^^^^^^^
...
419 |     pub(crate) fn conflict_mass(&self) -> f64 {
    |                   ^^^^^^^^^^^^^
...
435 |     pub(crate) fn hot_conflict_count(&self, tau: f64) -> usize {
    |                   ^^^^^^^^^^^^^^^^^^

warning: method `insert` is never used
   --> crates/pevm/src/specfence/hotset.rs:166:19
    |
 66 | impl HotSet {
    | ----------- method in this implementation
...
166 |     pub(crate) fn insert(&self, location: MemoryLocationHash) {
    |                   ^^^^^^

warning: methods `record_bayes_wait`, `record_bayes_speculate`, `record_soft_wait_arm`, and `record_tx_head_reexec` are never used
   --> crates/pevm/src/specfence/metrics.rs:326:19
    |
283 | impl MetricsInner {
    | ----------------- methods in this implementation
...
326 |     pub(crate) fn record_bayes_wait(&self) {
    |                   ^^^^^^^^^^^^^^^^^
...
330 |     pub(crate) fn record_bayes_speculate(&self) {
    |                   ^^^^^^^^^^^^^^^^^^^^^^
...
414 |     pub(crate) fn record_soft_wait_arm(&self) {
    |                   ^^^^^^^^^^^^^^^^^^^^
...
504 |     pub(crate) fn record_tx_head_reexec(&self) {
    |                   ^^^^^^^^^^^^^^^^^^^^^

warning: method `clear_account_wait` is never used
  --> crates/pevm/src/specfence/region.rs:85:19
   |
28 | impl RegionTable {
   | ---------------- method in this implementation
...
85 |     pub(crate) fn clear_account_wait(&self, address: Address) -> bool {
   |                   ^^^^^^^^^^^^^^^^^^

warning: method `take_pending_park_location` is never used
    --> crates/pevm/src/vm.rs:1515:19
     |
1440 | impl<'a, S: Storage, C: PevmChain> Vm<'a, S, C> {
     | ----------------------------------------------- method in this implementation
...
1515 |     pub(crate) fn take_pending_park_location(&self) -> Option<crate::MemoryLocationHash> {
     |                   ^^^^^^^^^^^^^^^^^^^^^^^^^^

warning: calls to `std::mem::drop` with a reference instead of an owned value does nothing
   --> crates/pevm/src/specfence/rem.rs:960:13
    |
960 |             drop(st);
    |             ^^^^^--^
    |                  |
    |                  argument has type `&mut PartialRetryState`
    |
    = note: `#[warn(dropping_references)]` on by default
help: use `let _ = ...` to ignore the expression or result
    |
960 -             drop(st);
960 +             let _ = st;
    |

warning: calls to `std::mem::drop` with a reference instead of an owned value does nothing
   --> crates/pevm/src/specfence/rem.rs:978:9
    |
978 |         drop(st);
    |         ^^^^^--^
    |              |
    |              argument has type `&mut PartialRetryState`
    |
help: use `let _ = ...` to ignore the expression or result
    |
978 -         drop(st);
978 +         let _ = st;
    |

warning: `pevm` (lib) generated 13 warnings (run `cargo fix --lib -p pevm` to apply 4 suggestions)
warning: field `number` is never read
  --> crates/pevm/examples/specfence_g7_smoke.rs:51:5
   |
50 | struct LoadedBlock {
   |        ----------- field in this struct
51 |     number: u64,
   |     ^^^^^^
   |
   = note: `#[warn(dead_code)]` (part of `#[warn(unused)]`) on by default

warning: `pevm` (example "specfence_g7_smoke") generated 1 warning
    Finished `release` profile [optimized] target(s) in 28.22s
warning: the following packages contain code that will be rejected by a future version of Rust: proc-macro-error2 v2.0.1
note: to see what the problems were, use the option `--future-incompat-report`, or run `cargo report future-incompatibilities --id 1`
     Running `target/release/examples/specfence_g7_smoke`
G7 dig tag="resolve-sub10" softwait_disabled=false
=== G7 flip smoke 19606598 → 19606599 ===
  block=19606598 ok=true tps=24399 soft_wait_arms=0 wait_hard=0 aborts=14 flip_count=0
  block=19606599 ok=true tps=15942 soft_wait_arms=0 wait_hard=1 aborts=253 flip_count=1
wrote "/workspace/specfence/crates/pevm/../../lab/results/resolve-sub10-flip.json"
=== G7 SF vs OCC@8 cores iters=7 ===
  block=14689597 mode=occ        iter=7/7 ok=true tps=168286 wall_ms=3.4 soft=0 wait_hard=0 abort_rate=0.078 lean=0 evm=1341 reexec=777 fb_reabort=0 rebind=0 cold=0 occ_fast=0 steal=0 park_k=0 mw_ms=0.0 h_ms=0.0 v_ms=0.0 park_ms=0.0 sw_ms=0.0 ea_ms=0.0 bo_ms=0.0 parks=0
  block=14689597 mode=occ        SUMMARY n=7 wall_ms median=3.7 p90=3.9 min=3.4 mean=3.7 soft_med=0 abort_med=53
  block=14689597 mode=specfence  iter=7/7 ok=true tps=36162 wall_ms=15.6 soft=0 wait_hard=2 abort_rate=0.441 lean=848 evm=630 reexec=66 fb_reabort=218 rebind=1 cold=2982 occ_fast=2711 steal=35 park_k=0 mw_ms=0.0 h_ms=0.0 v_ms=0.0 park_ms=0.0 sw_ms=0.0 ea_ms=0.0 bo_ms=0.0 parks=2
  block=14689597 mode=specfence  SUMMARY n=7 wall_ms median=14.0 p90=14.7 min=13.2 mean=14.2 soft_med=0 abort_med=215
  block=19606599 mode=occ        iter=7/7 ok=true tps=43468 wall_ms=8.4 soft=0 wait_hard=0 abort_rate=0.253 lean=0 evm=712 reexec=345 fb_reabort=0 rebind=0 cold=0 occ_fast=0 steal=0 park_k=0 mw_ms=0.0 h_ms=0.0 v_ms=0.0 park_ms=0.0 sw_ms=0.0 ea_ms=0.0 bo_ms=0.0 parks=0
  block=19606599 mode=occ        SUMMARY n=7 wall_ms median=9.5 p90=9.8 min=8.4 mean=9.3 soft_med=0 abort_med=87
  block=19606599 mode=specfence  iter=7/7 ok=true tps=21118 wall_ms=17.4 soft=0 wait_hard=0 abort_rate=0.624 lean=608 evm=449 reexec=82 fb_reabort=154 rebind=2 cold=4181 occ_fast=4023 steal=10 park_k=0 mw_ms=0.0 h_ms=0.0 v_ms=0.0 park_ms=0.8 sw_ms=0.0 ea_ms=0.0 bo_ms=0.8 parks=5
  block=19606599 mode=specfence  SUMMARY n=7 wall_ms median=17.6 p90=20.7 min=17.3 mean=18.9 soft_med=0 abort_med=229
  block=19469097 mode=occ        iter=7/7 ok=true tps=60913 wall_ms=5.5 soft=0 wait_hard=0 abort_rate=0.301 lean=0 evm=669 reexec=333 fb_reabort=0 rebind=0 cold=0 occ_fast=0 steal=0 park_k=0 mw_ms=0.0 h_ms=0.0 v_ms=0.0 park_ms=0.0 sw_ms=0.0 ea_ms=0.0 bo_ms=0.0 parks=0
  block=19469097 mode=occ        SUMMARY n=7 wall_ms median=5.5 p90=5.9 min=5.2 mean=5.8 soft_med=0 abort_med=98
  block=19469097 mode=specfence  iter=7/7 ok=true tps=22583 wall_ms=14.9 soft=0 wait_hard=0 abort_rate=0.780 lean=625 evm=448 reexec=112 fb_reabort=150 rebind=4 cold=2635 occ_fast=2472 steal=11 park_k=0 mw_ms=0.0 h_ms=0.0 v_ms=0.0 park_ms=0.5 sw_ms=0.0 ea_ms=0.0 bo_ms=0.5 parks=7
  block=19469097 mode=specfence  SUMMARY n=7 wall_ms median=12.9 p90=14.9 min=11.9 mean=13.4 soft_med=0 abort_med=246
  block=19606598 mode=occ        iter=7/7 ok=true tps=90038 wall_ms=1.0 soft=0 wait_hard=0 abort_rate=0.099 lean=0 evm=129 reexec=38 fb_reabort=0 rebind=0 cold=0 occ_fast=0 steal=0 park_k=0 mw_ms=0.0 h_ms=0.0 v_ms=0.0 park_ms=0.0 sw_ms=0.0 ea_ms=0.0 bo_ms=0.0 parks=0
  block=19606598 mode=occ        SUMMARY n=7 wall_ms median=1.2 p90=1.4 min=1.0 mean=1.2 soft_med=0 abort_med=9
  block=19606598 mode=specfence  iter=7/7 ok=true tps=36397 wall_ms=2.5 soft=0 wait_hard=0 abort_rate=0.143 lean=112 evm=106 reexec=15 fb_reabort=6 rebind=0 cold=626 occ_fast=614 steal=8 park_k=0 mw_ms=0.0 h_ms=0.0 v_ms=0.0 park_ms=0.0 sw_ms=0.0 ea_ms=0.0 bo_ms=0.0 parks=0
  block=19606598 mode=specfence  SUMMARY n=7 wall_ms median=2.5 p90=2.6 min=2.3 mean=2.5 soft_med=0 abort_med=14
  SF/OCC@8 block=14689597: 0.215
  SF/OCC@8 block=19606599: 0.486
  SF/OCC@8 block=19469097: 0.371
  SF/OCC@8 block=19606598: 0.404
  mean SF/OCC@8 = 0.369 (v8 baseline ~0.325 on different block set)
wrote "/workspace/specfence/crates/pevm/../../lab/results/resolve-sub10-sf-occ.json"
