   Compiling pevm v0.1.0 (/workspace/specfence/crates/pevm)
warning: unused imports: `MorphWeights` and `TopLocPrior`
  --> crates/pevm/src/specfence/mod.rs:73:51
   |
73 |     AdaptiveParams, InterBlockPrior, LiveLearner, MorphWeights, TopLocPrior,
   |                                                   ^^^^^^^^^^^^  ^^^^^^^^^^^
   |
   = note: `#[warn(unused_imports)]` (part of `#[warn(unused)]`) on by default

warning: unused import: `early_abort_candidate`
   --> crates/pevm/src/specfence/mod.rs:106:67
    |
106 | pub(crate) use resolve::{PolicyCtx, ResolveAction, choose_action, early_abort_candidate};
    |                                                                   ^^^^^^^^^^^^^^^^^^^^^

warning: unused variable: `params`
   --> crates/pevm/src/specfence/learner.rs:667:41
    |
667 |     pub(crate) fn meta_tax_ratio(&self, params: &AdaptiveParams) -> f64 {
    |                                         ^^^^^^ help: if this is intentional, prefix it with an underscore: `_params`
    |
    = note: `#[warn(unused_variables)]` (part of `#[warn(unused)]`) on by default

warning: unused variable: `sticky`
   --> crates/pevm/src/vm.rs:409:22
    |
409 |         let (action, sticky, residual_predicts, prior_ws_predicts) = if let Some(v) =
    |                      ^^^^^^ help: if this is intentional, prefix it with an underscore: `_sticky`

warning: methods `set_adaptive_params` and `adaptive_params` are never used
   --> crates/pevm/src/pevm.rs:215:19
    |
200 | impl Pevm {
    | --------- methods in this implementation
...
215 |     pub(crate) fn set_adaptive_params(&mut self, params: AdaptiveParams) {
    |                   ^^^^^^^^^^^^^^^^^^^
...
220 |     pub(crate) const fn adaptive_params(&self) -> &AdaptiveParams {
    |                         ^^^^^^^^^^^^^^^
    |
    = note: `#[warn(dead_code)]` (part of `#[warn(unused)]`) on by default

warning: field `tau` is never read
   --> crates/pevm/src/specfence/mod.rs:186:9
    |
179 | pub(crate) struct SpecFenceCtx<'a> {
    |                   ------------ field in this struct
...
186 |     pub tau: f64,
    |         ^^^
    |
    = note: `SpecFenceCtx` has derived impls for the traits `Debug` and `Clone`, but these are intentionally ignored during dead code analysis

warning: methods `decide_account`, `should_wait_hard`, `note_wait_decision`, `note_wait_decision_account`, `conflict_mass`, and `hot_conflict_count` are never used
   --> crates/pevm/src/specfence/bayes.rs:188:19
    |
 88 | impl BayesMap {
    | ------------- methods in this implementation
...
188 |     pub(crate) fn decide_account(&self, address: &Address, tau: f64) -> RegionMode {
    |                   ^^^^^^^^^^^^^^
...
211 |     pub(crate) fn should_wait_hard(
    |                   ^^^^^^^^^^^^^^^^
...
223 |     pub(crate) fn note_wait_decision(&self, location: MemoryLocationHash, address: Option<&Address>) {
    |                   ^^^^^^^^^^^^^^^^^^
...
227 |     pub(crate) fn note_wait_decision_account(&self, address: &Address) {
    |                   ^^^^^^^^^^^^^^^^^^^^^^^^^^
...
419 |     pub(crate) fn conflict_mass(&self) -> f64 {
    |                   ^^^^^^^^^^^^^
...
435 |     pub(crate) fn hot_conflict_count(&self, tau: f64) -> usize {
    |                   ^^^^^^^^^^^^^^^^^^

warning: method `insert` is never used
   --> crates/pevm/src/specfence/hotset.rs:166:19
    |
 66 | impl HotSet {
    | ----------- method in this implementation
...
166 |     pub(crate) fn insert(&self, location: MemoryLocationHash) {
    |                   ^^^^^^

warning: methods `record_bayes_wait`, `record_bayes_speculate`, and `record_tx_head_reexec` are never used
   --> crates/pevm/src/specfence/metrics.rs:326:19
    |
283 | impl MetricsInner {
    | ----------------- methods in this implementation
...
326 |     pub(crate) fn record_bayes_wait(&self) {
    |                   ^^^^^^^^^^^^^^^^^
...
330 |     pub(crate) fn record_bayes_speculate(&self) {
    |                   ^^^^^^^^^^^^^^^^^^^^^^
...
504 |     pub(crate) fn record_tx_head_reexec(&self) {
    |                   ^^^^^^^^^^^^^^^^^^^^^

warning: method `clear_account_wait` is never used
  --> crates/pevm/src/specfence/region.rs:85:19
   |
28 | impl RegionTable {
   | ---------------- method in this implementation
...
85 |     pub(crate) fn clear_account_wait(&self, address: Address) -> bool {
   |                   ^^^^^^^^^^^^^^^^^^

warning: method `take_pending_park_location` is never used
    --> crates/pevm/src/vm.rs:1558:19
     |
1483 | impl<'a, S: Storage, C: PevmChain> Vm<'a, S, C> {
     | ----------------------------------------------- method in this implementation
...
1558 |     pub(crate) fn take_pending_park_location(&self) -> Option<crate::MemoryLocationHash> {
     |                   ^^^^^^^^^^^^^^^^^^^^^^^^^^

warning: `pevm` (lib) generated 11 warnings (run `cargo fix --lib -p pevm` to apply 4 suggestions)
warning: field `number` is never read
  --> crates/pevm/examples/specfence_g7_smoke.rs:51:5
   |
50 | struct LoadedBlock {
   |        ----------- field in this struct
51 |     number: u64,
   |     ^^^^^^
   |
   = note: `#[warn(dead_code)]` (part of `#[warn(unused)]`) on by default

warning: `pevm` (example "specfence_g7_smoke") generated 1 warning
    Finished `release` profile [optimized] target(s) in 28.29s
warning: the following packages contain code that will be rejected by a future version of Rust: proc-macro-error2 v2.0.1
note: to see what the problems were, use the option `--future-incompat-report`, or run `cargo report future-incompatibilities --id 1`
     Running `target/release/examples/specfence_g7_smoke`
G7 dig tag="resolve-sw-meta" softwait_disabled=false
=== G7 flip smoke 19606598 → 19606599 ===
  block=19606598 ok=true tps=22407 soft_wait_arms=0 wait_hard=4 aborts=13 flip_count=0
  block=19606599 ok=true tps=11808 soft_wait_arms=0 wait_hard=83 aborts=170 flip_count=1
wrote "/workspace/specfence/crates/pevm/../../lab/results/resolve-sw-meta-flip.json"
=== G7 SF vs OCC@8 cores iters=11 ===
  block=14689597 mode=occ        iter=11/11 ok=true tps=144434 wall_ms=3.9 soft=0 wait_hard=0 abort_rate=0.087 lean=0 evm=1321 reexec=757 fb_reabort=0 rebind=0 cold=0 occ_fast=0 steal=0 park_k=0 mw_ms=0.0 h_ms=0.0 v_ms=0.0 park_ms=0.0 sw_ms=0.0 ea_ms=0.0 bo_ms=0.0 parks=0
  block=14689597 mode=occ        SUMMARY n=11 wall_ms median=3.7 p90=4.2 min=3.4 mean=3.9 soft_med=0 abort_med=57
  block=14689597 mode=specfence  iter=11/11 ok=true tps=25160 wall_ms=22.4 soft=0 wait_hard=154 abort_rate=0.339 lean=956 evm=746 reexec=182 fb_reabort=134 rebind=2 cold=3622 occ_fast=2538 steal=168 park_k=0 mw_ms=0.0 h_ms=0.0 v_ms=0.0 park_ms=25.5 sw_ms=0.0 ea_ms=0.0 bo_ms=25.5 parks=93
  block=14689597 mode=specfence  SUMMARY n=11 wall_ms median=22.2 p90=24.7 min=20.5 mean=22.3 soft_med=1 abort_med=161
  block=19606599 mode=occ        iter=11/11 ok=true tps=39785 wall_ms=9.2 soft=0 wait_hard=0 abort_rate=0.213 lean=0 evm=692 reexec=325 fb_reabort=0 rebind=0 cold=0 occ_fast=0 steal=0 park_k=0 mw_ms=0.0 h_ms=0.0 v_ms=0.0 park_ms=0.0 sw_ms=0.0 ea_ms=0.0 bo_ms=0.0 parks=0
  block=19606599 mode=occ        SUMMARY n=11 wall_ms median=9.8 p90=10.2 min=9.2 mean=9.8 soft_med=0 abort_med=85
  block=19606599 mode=specfence  iter=11/11 ok=true tps=11492 wall_ms=31.9 soft=0 wait_hard=97 abort_rate=0.635 lean=710 evm=463 reexec=96 fb_reabort=156 rebind=2 cold=4555 occ_fast=3691 steal=99 park_k=0 mw_ms=0.0 h_ms=0.0 v_ms=0.0 park_ms=19.1 sw_ms=0.0 ea_ms=0.0 bo_ms=19.1 parks=58
  block=19606599 mode=specfence  SUMMARY n=11 wall_ms median=32.9 p90=38.9 min=28.8 mean=33.6 soft_med=0 abort_med=236
  block=19469097 mode=occ        iter=11/11 ok=true tps=56343 wall_ms=6.0 soft=0 wait_hard=0 abort_rate=0.348 lean=0 evm=664 reexec=328 fb_reabort=0 rebind=0 cold=0 occ_fast=0 steal=0 park_k=0 mw_ms=0.0 h_ms=0.0 v_ms=0.0 park_ms=0.0 sw_ms=0.0 ea_ms=0.0 bo_ms=0.0 parks=0
  block=19469097 mode=occ        SUMMARY n=11 wall_ms median=6.1 p90=6.8 min=5.2 mean=6.2 soft_med=0 abort_med=89
  block=19469097 mode=specfence  iter=11/11 ok=true tps=19173 wall_ms=17.5 soft=0 wait_hard=93 abort_rate=0.467 lean=598 evm=424 reexec=88 fb_reabort=64 rebind=0 cold=2849 occ_fast=2390 steal=89 park_k=0 mw_ms=0.0 h_ms=0.0 v_ms=0.0 park_ms=8.9 sw_ms=0.0 ea_ms=0.0 bo_ms=8.9 parks=37
  block=19469097 mode=specfence  SUMMARY n=11 wall_ms median=18.0 p90=18.7 min=16.5 mean=18.0 soft_med=0 abort_med=200
  block=19606598 mode=occ        iter=11/11 ok=true tps=66875 wall_ms=1.4 soft=0 wait_hard=0 abort_rate=0.099 lean=0 evm=107 reexec=16 fb_reabort=0 rebind=0 cold=0 occ_fast=0 steal=0 park_k=0 mw_ms=0.0 h_ms=0.0 v_ms=0.0 park_ms=0.0 sw_ms=0.0 ea_ms=0.0 bo_ms=0.0 parks=0
  block=19606598 mode=occ        SUMMARY n=11 wall_ms median=1.2 p90=1.4 min=1.1 mean=1.2 soft_med=0 abort_med=9
  block=19606598 mode=specfence  iter=11/11 ok=true tps=24602 wall_ms=3.7 soft=0 wait_hard=6 abort_rate=0.165 lean=134 evm=120 reexec=29 fb_reabort=10 rebind=0 cold=653 occ_fast=530 steal=14 park_k=0 mw_ms=0.0 h_ms=0.0 v_ms=0.0 park_ms=0.1 sw_ms=0.0 ea_ms=0.0 bo_ms=0.1 parks=3
  block=19606598 mode=specfence  SUMMARY n=11 wall_ms median=3.3 p90=3.7 min=3.2 mean=3.4 soft_med=0 abort_med=15
  SF/OCC@8 block=14689597: 0.174
  SF/OCC@8 block=19606599: 0.289
  SF/OCC@8 block=19469097: 0.340
  SF/OCC@8 block=19606598: 0.368
  mean SF/OCC@8 = 0.293 (v8 baseline ~0.325 on different block set)
wrote "/workspace/specfence/crates/pevm/../../lab/results/resolve-sw-meta-sf-occ.json"
