warning: unused imports: `MorphWeights` and `TopLocPrior`
  --> crates/pevm/src/specfence/mod.rs:73:51
   |
73 |     AdaptiveParams, InterBlockPrior, LiveLearner, MorphWeights, TopLocPrior,
   |                                                   ^^^^^^^^^^^^  ^^^^^^^^^^^
   |
   = note: `#[warn(unused_imports)]` (part of `#[warn(unused)]`) on by default

warning: unused import: `early_abort_candidate`
   --> crates/pevm/src/specfence/mod.rs:107:67
    |
107 | pub(crate) use resolve::{PolicyCtx, ResolveAction, choose_action, early_abort_candidate};
    |                                                                   ^^^^^^^^^^^^^^^^^^^^^

warning: unused variable: `params`
   --> crates/pevm/src/specfence/learner.rs:667:41
    |
667 |     pub(crate) fn meta_tax_ratio(&self, params: &AdaptiveParams) -> f64 {
    |                                         ^^^^^^ help: if this is intentional, prefix it with an underscore: `_params`
    |
    = note: `#[warn(unused_variables)]` (part of `#[warn(unused)]`) on by default

warning: methods `set_adaptive_params` and `adaptive_params` are never used
   --> crates/pevm/src/pevm.rs:215:19
    |
200 | impl Pevm {
    | --------- methods in this implementation
...
215 |     pub(crate) fn set_adaptive_params(&mut self, params: AdaptiveParams) {
    |                   ^^^^^^^^^^^^^^^^^^^
...
220 |     pub(crate) const fn adaptive_params(&self) -> &AdaptiveParams {
    |                         ^^^^^^^^^^^^^^^
    |
    = note: `#[warn(dead_code)]` (part of `#[warn(unused)]`) on by default

warning: field `tau` is never read
   --> crates/pevm/src/specfence/mod.rs:187:9
    |
180 | pub(crate) struct SpecFenceCtx<'a> {
    |                   ------------ field in this struct
...
187 |     pub tau: f64,
    |         ^^^
    |
    = note: `SpecFenceCtx` has derived impls for the traits `Debug` and `Clone`, but these are intentionally ignored during dead code analysis

warning: multiple methods are never used
   --> crates/pevm/src/specfence/bayes.rs:188:19
    |
 88 | impl BayesMap {
    | ------------- methods in this implementation
...
188 |     pub(crate) fn decide_account(&self, address: &Address, tau: f64) -> RegionMode {
    |                   ^^^^^^^^^^^^^^
...
211 |     pub(crate) fn should_wait_hard(
    |                   ^^^^^^^^^^^^^^^^
...
223 |     pub(crate) fn note_wait_decision(&self, location: MemoryLocationHash, address: Option<&Address>) {
    |                   ^^^^^^^^^^^^^^^^^^
...
227 |     pub(crate) fn note_wait_decision_account(&self, address: &Address) {
    |                   ^^^^^^^^^^^^^^^^^^^^^^^^^^
...
345 |     pub(crate) fn observe_bind_hit(&self, location: MemoryLocationHash) {
    |                   ^^^^^^^^^^^^^^^^
...
419 |     pub(crate) fn conflict_mass(&self) -> f64 {
    |                   ^^^^^^^^^^^^^
...
435 |     pub(crate) fn hot_conflict_count(&self, tau: f64) -> usize {
    |                   ^^^^^^^^^^^^^^^^^^

warning: method `insert` is never used
   --> crates/pevm/src/specfence/hotset.rs:166:19
    |
 66 | impl HotSet {
    | ----------- method in this implementation
...
166 |     pub(crate) fn insert(&self, location: MemoryLocationHash) {
    |                   ^^^^^^

warning: methods `record_bayes_wait`, `record_bayes_speculate`, and `record_tx_head_reexec` are never used
   --> crates/pevm/src/specfence/metrics.rs:326:19
    |
283 | impl MetricsInner {
    | ----------------- methods in this implementation
...
326 |     pub(crate) fn record_bayes_wait(&self) {
    |                   ^^^^^^^^^^^^^^^^^
...
330 |     pub(crate) fn record_bayes_speculate(&self) {
    |                   ^^^^^^^^^^^^^^^^^^^^^^
...
504 |     pub(crate) fn record_tx_head_reexec(&self) {
    |                   ^^^^^^^^^^^^^^^^^^^^^

warning: method `clear_account_wait` is never used
  --> crates/pevm/src/specfence/region.rs:85:19
   |
28 | impl RegionTable {
   | ---------------- method in this implementation
...
85 |     pub(crate) fn clear_account_wait(&self, address: Address) -> bool {
   |                   ^^^^^^^^^^^^^^^^^^

warning: method `take_pending_park_location` is never used
    --> crates/pevm/src/vm.rs:1537:19
     |
1462 | impl<'a, S: Storage, C: PevmChain> Vm<'a, S, C> {
     | ----------------------------------------------- method in this implementation
...
1537 |     pub(crate) fn take_pending_park_location(&self) -> Option<crate::MemoryLocationHash> {
     |                   ^^^^^^^^^^^^^^^^^^^^^^^^^^

warning: `pevm` (lib) generated 10 warnings (run `cargo fix --lib -p pevm` to apply 3 suggestions)
warning: field `number` is never read
  --> crates/pevm/examples/specfence_g7_smoke.rs:51:5
   |
50 | struct LoadedBlock {
   |        ----------- field in this struct
51 |     number: u64,
   |     ^^^^^^
   |
   = note: `#[warn(dead_code)]` (part of `#[warn(unused)]`) on by default

warning: `pevm` (example "specfence_g7_smoke") generated 1 warning
    Finished `release` profile [optimized] target(s) in 0.31s
warning: the following packages contain code that will be rejected by a future version of Rust: proc-macro-error2 v2.0.1
note: to see what the problems were, use the option `--future-incompat-report`, or run `cargo report future-incompatibilities --id 1`
     Running `target/release/examples/specfence_g7_smoke`
G7 dig tag="resolve-mw-strip-prof" softwait_disabled=false
=== G7 flip smoke 19606598 → 19606599 ===
  block=19606598 ok=true tps=23608 soft_wait_arms=0 wait_hard=3 aborts=5 flip_count=0
  block=19606599 ok=true tps=13221 soft_wait_arms=0 wait_hard=105 aborts=182 flip_count=1
wrote "/workspace/specfence/crates/pevm/../../lab/results/resolve-mw-strip-prof-flip.json"
=== G7 SF vs OCC@8 cores iters=7 ===
  block=14689597 mode=occ        iter=7/7 ok=true tps=104236 wall_ms=5.4 soft=0 wait_hard=0 abort_rate=0.165 lean=0 evm=1511 reexec=947 fb_reabort=0 rebind=0 cold=0 occ_fast=0 steal=0 park_k=0 mw_ms=0.0 h_ms=16.0 v_ms=4.9 park_ms=0.0 sw_ms=0.0 ea_ms=0.0 bo_ms=0.0 parks=0
  block=14689597 mode=occ        SUMMARY n=7 wall_ms median=5.0 p90=5.4 min=4.6 mean=5.0 soft_med=0 abort_med=58
  block=14689597 mode=specfence  iter=7/7 ok=true tps=24861 wall_ms=22.7 soft=1 wait_hard=175 abort_rate=0.369 lean=982 evm=760 reexec=196 fb_reabort=165 rebind=0 cold=3447 occ_fast=2523 steal=175 park_k=1 mw_ms=40.6 h_ms=68.6 v_ms=55.5 park_ms=18.7 sw_ms=0.0 ea_ms=0.0 bo_ms=18.7 parks=101
  block=14689597 mode=specfence  SUMMARY n=7 wall_ms median=20.8 p90=23.0 min=17.6 mean=21.1 soft_med=0 abort_med=162
  block=19606599 mode=occ        iter=7/7 ok=true tps=32240 wall_ms=11.4 soft=0 wait_hard=0 abort_rate=0.223 lean=0 evm=653 reexec=286 fb_reabort=0 rebind=0 cold=0 occ_fast=0 steal=0 park_k=0 mw_ms=0.0 h_ms=40.8 v_ms=3.5 park_ms=0.0 sw_ms=0.0 ea_ms=0.0 bo_ms=0.0 parks=0
  block=19606599 mode=occ        SUMMARY n=7 wall_ms median=11.2 p90=11.9 min=10.8 mean=11.6 soft_med=0 abort_med=82
  block=19606599 mode=specfence  iter=7/7 ok=true tps=13992 wall_ms=26.2 soft=0 wait_hard=129 abort_rate=0.602 lean=728 evm=536 reexec=169 fb_reabort=136 rebind=0 cold=4788 occ_fast=3727 steal=129 park_k=0 mw_ms=34.9 h_ms=97.5 v_ms=58.0 park_ms=12.5 sw_ms=0.0 ea_ms=0.0 bo_ms=12.5 parks=77
  block=19606599 mode=specfence  SUMMARY n=7 wall_ms median=25.5 p90=26.2 min=22.1 mean=25.0 soft_med=0 abort_med=221
  block=19469097 mode=occ        iter=7/7 ok=true tps=54519 wall_ms=6.2 soft=0 wait_hard=0 abort_rate=0.253 lean=0 evm=626 reexec=290 fb_reabort=0 rebind=0 cold=0 occ_fast=0 steal=0 park_k=0 mw_ms=0.0 h_ms=21.9 v_ms=2.7 park_ms=0.0 sw_ms=0.0 ea_ms=0.0 bo_ms=0.0 parks=0
  block=19469097 mode=occ        SUMMARY n=7 wall_ms median=6.6 p90=7.1 min=5.9 mean=6.7 soft_med=0 abort_med=101
  block=19469097 mode=specfence  iter=7/7 ok=true tps=24413 wall_ms=13.8 soft=0 wait_hard=139 abort_rate=0.658 lean=712 evm=527 reexec=191 fb_reabort=120 rebind=0 cold=3012 occ_fast=2259 steal=134 park_k=0 mw_ms=13.0 h_ms=41.0 v_ms=30.6 park_ms=8.1 sw_ms=0.0 ea_ms=0.0 bo_ms=8.1 parks=61
  block=19469097 mode=specfence  SUMMARY n=7 wall_ms median=15.6 p90=16.6 min=13.8 mean=15.4 soft_med=0 abort_med=221
  block=19606598 mode=occ        iter=7/7 ok=true tps=71311 wall_ms=1.3 soft=0 wait_hard=0 abort_rate=0.088 lean=0 evm=108 reexec=17 fb_reabort=0 rebind=0 cold=0 occ_fast=0 steal=0 park_k=0 mw_ms=0.0 h_ms=3.0 v_ms=0.3 park_ms=0.0 sw_ms=0.0 ea_ms=0.0 bo_ms=0.0 parks=0
  block=19606598 mode=occ        SUMMARY n=7 wall_ms median=1.2 p90=1.3 min=1.1 mean=1.2 soft_med=0 abort_med=9
  block=19606598 mode=specfence  iter=7/7 ok=true tps=33620 wall_ms=2.7 soft=0 wait_hard=7 abort_rate=0.132 lean=117 evm=108 reexec=17 fb_reabort=7 rebind=0 cold=666 occ_fast=517 steal=12 park_k=0 mw_ms=0.7 h_ms=4.2 v_ms=4.2 park_ms=0.1 sw_ms=0.0 ea_ms=0.0 bo_ms=0.1 parks=4
  block=19606598 mode=specfence  SUMMARY n=7 wall_ms median=2.5 p90=2.7 min=2.5 mean=2.6 soft_med=0 abort_med=13
  SF/OCC@8 block=14689597: 0.239
  SF/OCC@8 block=19606599: 0.434
  SF/OCC@8 block=19469097: 0.448
  SF/OCC@8 block=19606598: 0.471
  mean SF/OCC@8 = 0.398 (v8 baseline ~0.325 on different block set)
wrote "/workspace/specfence/crates/pevm/../../lab/results/resolve-mw-strip-prof-sf-occ.json"
