warning: unused imports: `MorphWeights` and `TopLocPrior`
  --> crates/pevm/src/specfence/mod.rs:73:51
   |
73 |     AdaptiveParams, InterBlockPrior, LiveLearner, MorphWeights, TopLocPrior,
   |                                                   ^^^^^^^^^^^^  ^^^^^^^^^^^
   |
   = note: `#[warn(unused_imports)]` (part of `#[warn(unused)]`) on by default

warning: unused import: `early_abort_candidate`
   --> crates/pevm/src/specfence/mod.rs:107:67
    |
107 | pub(crate) use resolve::{PolicyCtx, ResolveAction, choose_action, early_abort_candidate};
    |                                                                   ^^^^^^^^^^^^^^^^^^^^^

warning: unused variable: `params`
   --> crates/pevm/src/specfence/learner.rs:667:41
    |
667 |     pub(crate) fn meta_tax_ratio(&self, params: &AdaptiveParams) -> f64 {
    |                                         ^^^^^^ help: if this is intentional, prefix it with an underscore: `_params`
    |
    = note: `#[warn(unused_variables)]` (part of `#[warn(unused)]`) on by default

warning: methods `set_adaptive_params` and `adaptive_params` are never used
   --> crates/pevm/src/pevm.rs:215:19
    |
200 | impl Pevm {
    | --------- methods in this implementation
...
215 |     pub(crate) fn set_adaptive_params(&mut self, params: AdaptiveParams) {
    |                   ^^^^^^^^^^^^^^^^^^^
...
220 |     pub(crate) const fn adaptive_params(&self) -> &AdaptiveParams {
    |                         ^^^^^^^^^^^^^^^
    |
    = note: `#[warn(dead_code)]` (part of `#[warn(unused)]`) on by default

warning: field `tau` is never read
   --> crates/pevm/src/specfence/mod.rs:187:9
    |
180 | pub(crate) struct SpecFenceCtx<'a> {
    |                   ------------ field in this struct
...
187 |     pub tau: f64,
    |         ^^^
    |
    = note: `SpecFenceCtx` has derived impls for the traits `Debug` and `Clone`, but these are intentionally ignored during dead code analysis

warning: multiple methods are never used
   --> crates/pevm/src/specfence/bayes.rs:188:19
    |
 88 | impl BayesMap {
    | ------------- methods in this implementation
...
188 |     pub(crate) fn decide_account(&self, address: &Address, tau: f64) -> RegionMode {
    |                   ^^^^^^^^^^^^^^
...
211 |     pub(crate) fn should_wait_hard(
    |                   ^^^^^^^^^^^^^^^^
...
223 |     pub(crate) fn note_wait_decision(&self, location: MemoryLocationHash, address: Option<&Address>) {
    |                   ^^^^^^^^^^^^^^^^^^
...
227 |     pub(crate) fn note_wait_decision_account(&self, address: &Address) {
    |                   ^^^^^^^^^^^^^^^^^^^^^^^^^^
...
345 |     pub(crate) fn observe_bind_hit(&self, location: MemoryLocationHash) {
    |                   ^^^^^^^^^^^^^^^^
...
419 |     pub(crate) fn conflict_mass(&self) -> f64 {
    |                   ^^^^^^^^^^^^^
...
435 |     pub(crate) fn hot_conflict_count(&self, tau: f64) -> usize {
    |                   ^^^^^^^^^^^^^^^^^^

warning: method `insert` is never used
   --> crates/pevm/src/specfence/hotset.rs:166:19
    |
 66 | impl HotSet {
    | ----------- method in this implementation
...
166 |     pub(crate) fn insert(&self, location: MemoryLocationHash) {
    |                   ^^^^^^

warning: methods `record_bayes_wait`, `record_bayes_speculate`, and `record_tx_head_reexec` are never used
   --> crates/pevm/src/specfence/metrics.rs:326:19
    |
283 | impl MetricsInner {
    | ----------------- methods in this implementation
...
326 |     pub(crate) fn record_bayes_wait(&self) {
    |                   ^^^^^^^^^^^^^^^^^
...
330 |     pub(crate) fn record_bayes_speculate(&self) {
    |                   ^^^^^^^^^^^^^^^^^^^^^^
...
504 |     pub(crate) fn record_tx_head_reexec(&self) {
    |                   ^^^^^^^^^^^^^^^^^^^^^

warning: method `clear_account_wait` is never used
  --> crates/pevm/src/specfence/region.rs:85:19
   |
28 | impl RegionTable {
   | ---------------- method in this implementation
...
85 |     pub(crate) fn clear_account_wait(&self, address: Address) -> bool {
   |                   ^^^^^^^^^^^^^^^^^^

warning: method `take_pending_park_location` is never used
    --> crates/pevm/src/vm.rs:1537:19
     |
1462 | impl<'a, S: Storage, C: PevmChain> Vm<'a, S, C> {
     | ----------------------------------------------- method in this implementation
...
1537 |     pub(crate) fn take_pending_park_location(&self) -> Option<crate::MemoryLocationHash> {
     |                   ^^^^^^^^^^^^^^^^^^^^^^^^^^

warning: `pevm` (lib) generated 10 warnings (run `cargo fix --lib -p pevm` to apply 3 suggestions)
warning: field `number` is never read
  --> crates/pevm/examples/specfence_g7_smoke.rs:51:5
   |
50 | struct LoadedBlock {
   |        ----------- field in this struct
51 |     number: u64,
   |     ^^^^^^
   |
   = note: `#[warn(dead_code)]` (part of `#[warn(unused)]`) on by default

warning: `pevm` (example "specfence_g7_smoke") generated 1 warning
    Finished `release` profile [optimized] target(s) in 0.38s
warning: the following packages contain code that will be rejected by a future version of Rust: proc-macro-error2 v2.0.1
note: to see what the problems were, use the option `--future-incompat-report`, or run `cargo report future-incompatibilities --id 1`
     Running `target/release/examples/specfence_g7_smoke`
G7 dig tag="resolve-mw-strip11" softwait_disabled=false
=== G7 flip smoke 19606598 → 19606599 ===
  block=19606598 ok=true tps=23977 soft_wait_arms=0 wait_hard=8 aborts=11 flip_count=0
  block=19606599 ok=true tps=14282 soft_wait_arms=0 wait_hard=131 aborts=214 flip_count=1
wrote "/workspace/specfence/crates/pevm/../../lab/results/resolve-mw-strip11-flip.json"
=== G7 SF vs OCC@8 cores iters=11 ===
  block=14689597 mode=occ        iter=11/11 ok=true tps=142509 wall_ms=4.0 soft=0 wait_hard=0 abort_rate=0.094 lean=0 evm=1431 reexec=867 fb_reabort=0 rebind=0 cold=0 occ_fast=0 steal=0 park_k=0 mw_ms=0.0 h_ms=0.0 v_ms=0.0 park_ms=0.0 sw_ms=0.0 ea_ms=0.0 bo_ms=0.0 parks=0
  block=14689597 mode=occ        SUMMARY n=11 wall_ms median=4.0 p90=5.0 min=3.5 mean=4.5 soft_med=0 abort_med=53
  block=14689597 mode=specfence  iter=11/11 ok=true tps=40911 wall_ms=13.8 soft=1 wait_hard=167 abort_rate=0.261 lean=915 evm=731 reexec=167 fb_reabort=112 rebind=0 cold=3534 occ_fast=2305 steal=168 park_k=1 mw_ms=0.0 h_ms=0.0 v_ms=0.0 park_ms=6.8 sw_ms=0.0 ea_ms=0.0 bo_ms=6.8 parks=74
  block=14689597 mode=specfence  SUMMARY n=11 wall_ms median=14.7 p90=17.9 min=12.9 mean=15.0 soft_med=0 abort_med=150
  block=19606599 mode=occ        iter=11/11 ok=true tps=35127 wall_ms=10.4 soft=0 wait_hard=0 abort_rate=0.204 lean=0 evm=687 reexec=320 fb_reabort=0 rebind=0 cold=0 occ_fast=0 steal=0 park_k=0 mw_ms=0.0 h_ms=0.0 v_ms=0.0 park_ms=0.0 sw_ms=0.0 ea_ms=0.0 bo_ms=0.0 parks=0
  block=19606599 mode=occ        SUMMARY n=11 wall_ms median=10.2 p90=11.0 min=9.0 mean=10.1 soft_med=0 abort_med=83
  block=19606599 mode=specfence  iter=11/11 ok=true tps=15936 wall_ms=23.0 soft=0 wait_hard=99 abort_rate=0.591 lean=693 evm=517 reexec=150 fb_reabort=139 rebind=1 cold=4488 occ_fast=3774 steal=99 park_k=0 mw_ms=0.0 h_ms=0.0 v_ms=0.0 park_ms=7.6 sw_ms=0.0 ea_ms=0.0 bo_ms=7.6 parks=62
  block=19606599 mode=specfence  SUMMARY n=11 wall_ms median=22.5 p90=23.3 min=19.7 mean=22.0 soft_med=0 abort_med=210
  block=19469097 mode=occ        iter=11/11 ok=true tps=51788 wall_ms=6.5 soft=0 wait_hard=0 abort_rate=0.205 lean=0 evm=573 reexec=237 fb_reabort=0 rebind=0 cold=0 occ_fast=0 steal=0 park_k=0 mw_ms=0.0 h_ms=0.0 v_ms=0.0 park_ms=0.0 sw_ms=0.0 ea_ms=0.0 bo_ms=0.0 parks=0
  block=19469097 mode=occ        SUMMARY n=11 wall_ms median=5.9 p90=7.1 min=5.3 mean=6.1 soft_med=0 abort_med=88
  block=19469097 mode=specfence  iter=11/11 ok=true tps=25563 wall_ms=13.1 soft=0 wait_hard=174 abort_rate=0.765 lean=781 evm=548 reexec=212 fb_reabort=155 rebind=0 cold=2998 occ_fast=2318 steal=154 park_k=0 mw_ms=0.0 h_ms=0.0 v_ms=0.0 park_ms=2.9 sw_ms=0.0 ea_ms=0.0 bo_ms=2.9 parks=72
  block=19469097 mode=specfence  SUMMARY n=11 wall_ms median=13.9 p90=14.7 min=13.1 mean=14.1 soft_med=0 abort_med=218
  block=19606598 mode=occ        iter=11/11 ok=true tps=71576 wall_ms=1.3 soft=0 wait_hard=0 abort_rate=0.077 lean=0 evm=133 reexec=42 fb_reabort=0 rebind=0 cold=0 occ_fast=0 steal=0 park_k=0 mw_ms=0.0 h_ms=0.0 v_ms=0.0 park_ms=0.0 sw_ms=0.0 ea_ms=0.0 bo_ms=0.0 parks=0
  block=19606598 mode=occ        SUMMARY n=11 wall_ms median=1.2 p90=1.3 min=1.1 mean=1.2 soft_med=0 abort_med=9
  block=19606598 mode=specfence  iter=11/11 ok=true tps=35047 wall_ms=2.6 soft=0 wait_hard=7 abort_rate=0.143 lean=115 evm=108 reexec=17 fb_reabort=6 rebind=0 cold=645 occ_fast=526 steal=10 park_k=0 mw_ms=0.0 h_ms=0.0 v_ms=0.0 park_ms=0.4 sw_ms=0.0 ea_ms=0.0 bo_ms=0.4 parks=3
  block=19606598 mode=specfence  SUMMARY n=11 wall_ms median=2.7 p90=2.9 min=2.3 mean=2.7 soft_med=0 abort_med=12
  SF/OCC@8 block=14689597: 0.287
  SF/OCC@8 block=19606599: 0.454
  SF/OCC@8 block=19469097: 0.494
  SF/OCC@8 block=19606598: 0.490
  mean SF/OCC@8 = 0.431 (v8 baseline ~0.325 on different block set)
wrote "/workspace/specfence/crates/pevm/../../lab/results/resolve-mw-strip11-sf-occ.json"
